Component: ARM Compiler 5.06 update 6 (build 750) Tool: armlink [4d35ed]

==============================================================================

Section Cross References

    startup_stm32f103xe.o(STACK) refers (Special) to heapauxi.o(.text) for __use_two_region_memory
    startup_stm32f103xe.o(HEAP) refers (Special) to heapauxi.o(.text) for __use_two_region_memory
    startup_stm32f103xe.o(RESET) refers (Special) to heapauxi.o(.text) for __use_two_region_memory
    startup_stm32f103xe.o(RESET) refers to startup_stm32f103xe.o(STACK) for __initial_sp
    startup_stm32f103xe.o(RESET) refers to startup_stm32f103xe.o(.text) for Reset_Handler
    startup_stm32f103xe.o(RESET) refers to stm32f1xx_it.o(i.NMI_Handler) for NMI_Handler
    startup_stm32f103xe.o(RESET) refers to stm32f1xx_it.o(i.HardFault_Handler) for HardFault_Handler
    startup_stm32f103xe.o(RESET) refers to stm32f1xx_it.o(i.MemManage_Handler) for MemManage_Handler
    startup_stm32f103xe.o(RESET) refers to stm32f1xx_it.o(i.BusFault_Handler) for BusFault_Handler
    startup_stm32f103xe.o(RESET) refers to stm32f1xx_it.o(i.UsageFault_Handler) for UsageFault_Handler
    startup_stm32f103xe.o(RESET) refers to stm32f1xx_it.o(i.SVC_Handler) for SVC_Handler
    startup_stm32f103xe.o(RESET) refers to stm32f1xx_it.o(i.DebugMon_Handler) for DebugMon_Handler
    startup_stm32f103xe.o(RESET) refers to stm32f1xx_it.o(i.PendSV_Handler) for PendSV_Handler
    startup_stm32f103xe.o(RESET) refers to stm32f1xx_it.o(i.SysTick_Handler) for SysTick_Handler
    startup_stm32f103xe.o(RESET) refers to vdraw.o(i.TIM2_IRQHandler) for TIM2_IRQHandler
    startup_stm32f103xe.o(RESET) refers to usart.o(i.USART1_IRQHandler) for USART1_IRQHandler
    startup_stm32f103xe.o(.text) refers (Special) to heapauxi.o(.text) for __use_two_region_memory
    startup_stm32f103xe.o(.text) refers to system_stm32f1xx.o(i.SystemInit) for SystemInit
    startup_stm32f103xe.o(.text) refers to __main.o(!!!main) for __main
    startup_stm32f103xe.o(.text) refers to startup_stm32f103xe.o(HEAP) for Heap_Mem
    startup_stm32f103xe.o(.text) refers to startup_stm32f103xe.o(STACK) for Stack_Mem
    main.o(i.main) refers to stm32f1xx_hal.o(i.HAL_Init) for HAL_Init
    main.o(i.main) refers to sys.o(i.sys_stm32_clock_init) for sys_stm32_clock_init
    main.o(i.main) refers to delay.o(i.delay_init) for delay_init
    main.o(i.main) refers to usart.o(i.usart_init) for usart_init
    main.o(i.main) refers to led.o(i.led_init) for led_init
    main.o(i.main) refers to key.o(i.key_init) for key_init
    main.o(i.main) refers to lcd.o(i.lcd_init) for lcd_init
    main.o(i.main) refers to joystick.o(i.Joystick_Init) for Joystick_Init
    main.o(i.main) refers to menu.o(i.init_keyboard_layout) for init_keyboard_layout
    main.o(i.main) refers to menu.o(i.update_display) for update_display
    main.o(i.main) refers to menu.o(i.Key_Scan) for Key_Scan
    main.o(i.main) refers to menu.o(i.get_next_event) for get_next_event
    main.o(i.main) refers to menu.o(i.handle_event) for handle_event
    main.o(i.main) refers to delay.o(i.HAL_Delay) for HAL_Delay
    main.o(i.main) refers to touch.o(.data) for tp_dev
    main.o(.data) refers to main.o(.conststring) for .conststring
    main.o(.data) refers to picall.o(i.picall) for picall
    main.o(.data) refers to hand_control.o(i.Hand_Control) for Hand_Control
    main.o(.data) refers to relay.o(i.Relay_Init) for Relay_Init
    main.o(.data) refers to servo.o(i.Servo_control) for Servo_control
    main.o(.data) refers to relay.o(i.Relay_Control_Interface) for Relay_Control_Interface
    main.o(.data) refers to vdraw.o(i.PWM_Analyzer_Run) for PWM_Analyzer_Run
    main.o(.data) refers to wireless.o(i.Nrf24_Control) for Nrf24_Control
    main.o(.data) refers to mpu_pid.o(i.MPU_PID_Control_Interface) for MPU_PID_Control_Interface
    main.o(.data) refers to joystick.o(i.Joystick_Display) for Joystick_Display
    system_stm32f1xx.o(i.SystemCoreClockUpdate) refers to system_stm32f1xx.o(.data) for SystemCoreClock
    system_stm32f1xx.o(i.SystemCoreClockUpdate) refers to system_stm32f1xx.o(.constdata) for AHBPrescTable
    stm32f1xx_it.o(i.SysTick_Handler) refers to stm32f1xx_hal.o(i.HAL_IncTick) for HAL_IncTick
    sys.o(i.sys_stm32_clock_init) refers to rt_memclr_w.o(.text) for __aeabi_memclr4
    sys.o(i.sys_stm32_clock_init) refers to stm32f1xx_hal_rcc.o(i.HAL_RCC_OscConfig) for HAL_RCC_OscConfig
    sys.o(i.sys_stm32_clock_init) refers to stm32f1xx_hal_rcc.o(i.HAL_RCC_ClockConfig) for HAL_RCC_ClockConfig
    delay.o(i.HAL_Delay) refers to delay.o(i.delay_ms) for delay_ms
    delay.o(i.delay_init) refers to delay.o(.data) for g_fac_us
    delay.o(i.delay_ms) refers to delay.o(i.delay_us) for delay_us
    delay.o(i.delay_us) refers to delay.o(.data) for g_fac_us
    usart.o(.rev16_text) refers (Special) to use_no_semi_2.o(.text) for __use_no_semihosting
    usart.o(.revsh_text) refers (Special) to use_no_semi_2.o(.text) for __use_no_semihosting
[...]
    keys                                     0x200018ae   Data         200  menu.o(.bss)
    huart3                                   0x20001978   Data          68  hand_control.o(.bss)
    htim10                                   0x200019bc   Data          72  vdraw.o(.bss)
    throttleArea                             0x20001a04   Data          12  wireless.o(.bss)
    steeringArea                             0x20001a10   Data          12  wireless.o(.bss)
    pid                                      0x20001a1c   Data          32  mpu_pid.o(.bss)
    htim2                                    0x20001a3c   Data          72  mpu_pid.o(.bss)
    htim3                                    0x20001a84   Data          72  mpu_pid.o(.bss)
    sConfigOC                                0x20001acc   Data          28  mpu_pid.o(.bss)
    picinfo                                  0x20002bc8   Data          40  piclib.o(.bss)
    pic_phy                                  0x20002bf0   Data          20  piclib.o(.bss)
    fattester                                0x20002c08   Data         384  fattester.o(.bss)
    ftinfo                                   0x2000d7c0   Data          33  fonts.o(.bss)
    __libspace_start                         0x2000d7e4   Data          96  libspace.o(.bss)
    __temporary_stack_top$libspace           0x2000d844   Data           0  libspace.o(.bss)



==============================================================================

Memory Map of the image

  Image Entry point : 0x08000131

  Load Region LR_IROM1 (Base: 0x08000000, Size: 0x0001c548, Max: 0x00080000, ABSOLUTE, COMPRESSED[0x0001c2d4])

    Execution Region ER_IROM1 (Exec base: 0x08000000, Load base: 0x08000000, Size: 0x0001c17c, Max: 0x00080000, ABSOLUTE)

    Exec Addr    Load Addr    Size         Type   Attr      Idx    E Section Name        Object

    0x08000000   0x08000000   0x00000130   Data   RO            3    RESET               startup_stm32f103xe.o
    0x08000130   0x08000130   0x00000008   Code   RO         8154  * !!!main             c_w.l(__main.o)
    0x08000138   0x08000138   0x00000034   Code   RO         8530    !!!scatter          c_w.l(__scatter.o)
    0x0800016c   0x0800016c   0x0000005a   Code   RO         8528    !!dczerorl2         c_w.l(__dczerorl2.o)
    0x080001c6   0x080001c6   0x00000002   PAD
    0x080001c8   0x080001c8   0x0000001c   Code   RO         8532    !!handler_zi        c_w.l(__scatter_zi.o)
    0x080001e4   0x080001e4   0x00000000   Code   RO         8126    .ARM.Collect$$_printf_percent$$00000000  c_w.l(_printf_percent.o)
    0x080001e4   0x080001e4   0x00000006   Code   RO         8125    .ARM.Collect$$_printf_percent$$00000003  c_w.l(_printf_f.o)
    0x080001ea   0x080001ea   0x00000006   Code   RO         8124    .ARM.Collect$$_printf_percent$$00000009  c_w.l(_printf_d.o)
    0x080001f0   0x080001f0   0x00000006   Code   RO         8123    .ARM.Collect$$_printf_percent$$0000000C  c_w.l(_printf_x.o)
    0x080001f6   0x080001f6   0x00000006   Code   RO         8121    .ARM.Collect$$_printf_percent$$00000013  c_w.l(_printf_c.o)
    0x080001fc   0x080001fc   0x00000006   Code   RO         8122    .ARM.Collect$$_printf_percent$$00000014  c_w.l(_printf_s.o)
    0x08000202   0x08000202   0x00000004   Code   RO         8278    .ARM.Collect$$_printf_percent$$00000017  c_w.l(_printf_percent_end.o)
    0x08000206   0x08000206   0x00000002   Code   RO         8404    .ARM.Collect$$libinit$$00000000  c_w.l(libinit.o)
    0x08000208   0x08000208   0x00000000   Code   RO         8406    .ARM.Collect$$libinit$$00000002  c_w.l(libinit2.o)
    0x08000208   0x08000208   0x00000000   Code   RO         8408    .ARM.Collect$$libinit$$00000004  c_w.l(libinit2.o)
    0x08000208   0x08000208   0x00000000   Code   RO         8411    .ARM.Collect$$libinit$$0000000A  c_w.l(libinit2.o)
    0x08000208   0x08000208   0x00000000   Code   RO         8413    .ARM.Collect$$libinit$$0000000C  c_w.l(libinit2.o)
    0x08000208   0x08000208   0x00000000   Code   RO         8415    .ARM.Collect$$libinit$$0000000E  c_w.l(libinit2.o)
    0x08000208   0x08000208   0x00000006   Code   RO         8416    .ARM.Collect$$libinit$$0000000F  c_w.l(libinit2.o)
    0x0800020e   0x0800020e   0x00000000   Code   RO         8418    .ARM.Collect$$libinit$$00000011  c_w.l(libinit2.o)
    0x0800020e   0x0800020e   0x0000000c   Code   RO         8419    .ARM.Collect$$libinit$$00000012  c_w.l(libinit2.o)
    0x0800021a   0x0800021a   0x00000000   Code   RO         8420    .ARM.Collect$$libinit$$00000013  c_w.l(libinit2.o)
    0x0800021a   0x0800021a   0x00000000   Code   RO         8422    .ARM.Collect$$libinit$$00000015  c_w.l(libinit2.o)
    0x0800021a   0x0800021a   0x0000000a   Code   RO         8423    .ARM.Collect$$libinit$$00000016  c_w.l(libinit2.o)
    0x08000224   0x08000224   0x00000000   Code   RO         8424    .ARM.Collect$$libinit$$00000017  c_w.l(libinit2.o)
    0x08000224   0x08000224   0x00000000   Code   RO         8426    .ARM.Collect$$libinit$$00000019  c_w.l(libinit2.o)
    0x08000224   0x08000224   0x00000000   Code   RO         8428    .ARM.Collect$$libinit$$0000001B  c_w.l(libinit2.o)
    0x08000224   0x08000224   0x00000000   Code   RO         8430    .ARM.Collect$$libinit$$0000001D  c_w.l(libinit2.o)
    0x08000224   0x08000224   0x00000000   Code   RO         8432    .ARM.Collect$$libinit$$0000001F  c_w.l(libinit2.o)
    0x08000224   0x08000224   0x00000000   Code   RO         8434    .ARM.Collect$$libinit$$00000021  c_w.l(libinit2.o)
    0x08000224   0x08000224   0x00000000   Code   RO         8436    .ARM.Collect$$libinit$$00000023  c_w.l(libinit2.o)
    0x08000224   0x08000224   0x00000000   Code   RO         8438    .ARM.Collect$$libinit$$00000025  c_w.l(libinit2.o)
    0x08000224   0x08000224   0x00000000   Code   RO         8442    .ARM.Collect$$libinit$$0000002C  c_w.l(libinit2.o)
    0x08000224   0x08000224   0x00000000   Code   RO         8444    .ARM.Collect$$libinit$$0000002E  c_w.l(libinit2.o)
    0x08000224   0x08000224   0x00000000   Code   RO         8446    .ARM.Collect$$libinit$$00000030  c_w.l(libinit2.o)
    0x08000224   0x08000224   0x00000000   Code   RO         8448    .ARM.Collect$$libinit$$00000032  c_w.l(libinit2.o)
    0x08000224   0x08000224   0x00000002   Code   RO         8449    .ARM.Collect$$libinit$$00000033  c_w.l(libinit2.o)
    0x08000226   0x08000226   0x00000002   Code   RO         8493    .ARM.Collect$$libshutdown$$00000000  c_w.l(libshutdown.o)
    0x08000228   0x08000228   0x00000000   Code   RO         8511    .ARM.Collect$$libshutdown$$00000002  c_w.l(libshutdown2.o)
    0x08000228   0x08000228   0x00000000   Code   RO         8513    .ARM.Collect$$libshutdown$$00000004  c_w.l(libshutdown2.o)
    0x08000228   0x08000228   0x00000000   Code   RO         8516    .ARM.Collect$$libshutdown$$00000007  c_w.l(libshutdown2.o)
    0x08000228   0x08000228   0x00000000   Code   RO         8519    .ARM.Collect$$libshutdown$$0000000A  c_w.l(libshutdown2.o)
    0x08000228   0x08000228   0x00000000   Code   RO         8521    .ARM.Collect$$libshutdown$$0000000C  c_w.l(libshutdown2.o)
    0x08000228   0x08000228   0x00000000   Code   RO         8524    .ARM.Collect$$libshutdown$$0000000F  c_w.l(libshutdown2.o)
    0x08000228   0x08000228   0x00000002   Code   RO         8525    .ARM.Collect$$libshutdown$$00000010  c_w.l(libshutdown2.o)
    0x0800022a   0x0800022a   0x00000000   Code   RO         8250    .ARM.Collect$$rtentry$$00000000  c_w.l(__rtentry.o)
    0x0800022a   0x0800022a   0x00000000   Code   RO         8319    .ARM.Collect$$rtentry$$00000002  c_w.l(__rtentry2.o)
    0x0800022a   0x0800022a   0x00000006   Code   RO         8331    .ARM.Collect$$rtentry$$00000004  c_w.l(__rtentry4.o)
    0x08000230   0x08000230   0x00000000   Code   RO         8321    .ARM.Collect$$rtentry$$00000009  c_w.l(__rtentry2.o)
    0x08000230   0x08000230   0x00000004   Code   RO         8322    .ARM.Collect$$rtentry$$0000000A  c_w.l(__rtentry2.o)
    0x08000234   0x08000234   0x00000000   Code   RO         8324    .ARM.Collect$$rtentry$$0000000C  c_w.l(__rtentry2.o)
    0x08000234   0x08000234   0x00000008   Code   RO         8325    .ARM.Collect$$rtentry$$0000000D  c_w.l(__rtentry2.o)
    0x0800023c   0x0800023c   0x00000002   Code   RO         8452    .ARM.Collect$$rtexit$$00000000  c_w.l(rtexit.o)
    0x0800023e   0x0800023e   0x00000000   Code   RO         8467    .ARM.Collect$$rtexit$$00000002  c_w.l(rtexit2.o)
    0x0800023e   0x0800023e   0x00000004   Code   RO         8468    .ARM.Collect$$rtexit$$00000003  c_w.l(rtexit2.o)
    0x08000242   0x08000242   0x00000006   Code   RO         8469    .ARM.Collect$$rtexit$$00000004  c_w.l(rtexit2.o)
    0x08000248   0x08000248   0x00000040   Code   RO            4    .text               startup_stm32f103xe.o
    0x08000288   0x08000288   0x00000002   Code   RO         8052    .text               c_w.l(use_no_semi_2.o)
    0x0800028a   0x0800028a   0x000000ee   Code   RO         8054    .text               c_w.l(lludivv7m.o)
    0x08000378   0x08000378   0x00000048   Code   RO         8056    .text               c_w.l(llsdiv.o)
    0x080003c0   0x080003c0   0x00000018   Code   RO         8064    .text               c_w.l(noretval__2printf.o)
    0x080003d8   0x080003d8   0x00000028   Code   RO         8066    .text               c_w.l(noretval__2sprintf.o)
    0x08000400   0x08000400   0x00000034   Code   RO         8068    .text               c_w.l(noretval__2snprintf.o)
    0x08000434   0x08000434   0x0000004e   Code   RO         8072    .text               c_w.l(_printf_pad.o)
    0x08000482   0x08000482   0x00000052   Code   RO         8074    .text               c_w.l(_printf_str.o)
    0x080004d4   0x080004d4   0x00000078   Code   RO         8076    .text               c_w.l(_printf_dec.o)
    0x0800054c   0x0800054c   0x00000058   Code   RO         8083    .text               c_w.l(_printf_hex_int.o)
    0x080005a4   0x080005a4   0x00000188   Code   RO         8118    .text               c_w.l(__printf_flags_ss_wp.o)
    0x0800072c   0x0800072c   0x0000001a   Code   RO         8128    .text               c_w.l(atoi.o)
    0x08000746   0x08000746   0x00000014   Code   RO         8130    .text               c_w.l(strchr.o)
    0x0800075a   0x0800075a   0x00000058   Code   RO         8132    .text               c_w.l(memcmp.o)
    0x080007b2   0x080007b2   0x00000048   Code   RO         8134    .text               c_w.l(strcpy.o)
    0x080007fa   0x080007fa   0x00000018   Code   RO         8138    .text               c_w.l(strcat.o)
    0x08000812   0x08000812   0x0000008a   Code   RO         8140    .text               c_w.l(rt_memcpy_v6.o)
    0x0800089c   0x0800089c   0x00000064   Code   RO         8142    .text               c_w.l(rt_memcpy_w.o)
    0x08000900   0x08000900   0x00000010   Code   RO         8144    .text               c_w.l(aeabi_memset.o)
    0x08000910   0x08000910   0x00000044   Code   RO         8146    .text               c_w.l(rt_memclr.o)
    0x08000954   0x08000954   0x0000004e   Code   RO         8148    .text               c_w.l(rt_memclr_w.o)
    0x080009a2   0x080009a2   0x00000002   PAD
    0x080009a4   0x080009a4   0x00000080   Code   RO         8150    .text               c_w.l(strcmpv7m.o)
    0x08000a24   0x08000a24   0x00000006   Code   RO         8152    .text               c_w.l(heapauxi.o)
    0x08000a2a   0x08000a2a   0x00000002   Code   RO         8248    .text               c_w.l(use_no_semi.o)
    0x08000a2c   0x08000a2c   0x00000008   Code   RO         8258    .text               c_w.l(rt_errno_addr_intlibspace.o)
    0x08000a34   0x08000a34   0x0000008a   Code   RO         8260    .text               c_w.l(lludiv10.o)
    0x08000abe   0x08000abe   0x00000016   Code   RO         8262    .text               c_w.l(_rserrno.o)
    0x08000ad4   0x08000ad4   0x000000b2   Code   RO         8264    .text               c_w.l(_printf_intcommon.o)
    0x08000b86   0x08000b86   0x0000041e   Code   RO         8266    .text               c_w.l(_printf_fp_dec.o)
    0x08000fa4   0x08000fa4   0x00000030   Code   RO         8268    .text               c_w.l(_printf_char_common.o)
    0x08000fd4   0x08000fd4   0x0000000a   Code   RO         8270    .text               c_w.l(_sputc.o)
    0x08000fde   0x08000fde   0x00000010   Code   RO         8272    .text               c_w.l(_snputc.o)
    0x08000fee   0x08000fee   0x0000002c   Code   RO         8274    .text               c_w.l(_printf_char.o)
    0x0800101a   0x0800101a   0x00000002   PAD
    0x0800101c   0x0800101c   0x00000024   Code   RO         8276    .text               c_w.l(_printf_char_file.o)
    0x08001040   0x08001040   0x00000070   Code   RO         8280    .text               c_w.l(strtol.o)
    0x080010b0   0x080010b0   0x00000008   Code   RO         8315    .text               c_w.l(libspace.o)
    0x080010b8   0x080010b8   0x00000010   Code   RO         8333    .text               c_w.l(rt_ctype_table.o)
    0x080010c8   0x080010c8   0x00000008   Code   RO         8340    .text               c_w.l(rt_locale_intlibspace.o)
    0x080010d0   0x080010d0   0x00000080   Code   RO         8342    .text               c_w.l(_printf_fp_infnan.o)
    0x08001150   0x08001150   0x0000009e   Code   RO         8346    .text               c_w.l(_strtoul.o)
    0x080011ee   0x080011ee   0x00000002   PAD
    0x080011f0   0x080011f0   0x000000e4   Code   RO         8348    .text               c_w.l(bigflt0.o)
    0x080012d4   0x080012d4   0x00000008   Code   RO         8373    .text               c_w.l(ferror.o)
    0x080012dc   0x080012dc   0x0000004a   Code   RO         8386    .text               c_w.l(sys_stackheap_outer.o)
    0x08001326   0x08001326   0x0000001c   Code   RO         8388    .text               c_w.l(_chval.o)
    0x08001342   0x08001342   0x00000012   Code   RO         8393    .text               c_w.l(exit.o)
    0x08001354   0x08001354   0x0000003e   Code   RO         8351    CL$$btod_d2e        c_w.l(btod.o)
    0x08001392   0x08001392   0x00000046   Code   RO         8353    CL$$btod_d2e_denorm_low  c_w.l(btod.o)
    0x080013d8   0x080013d8   0x00000060   Code   RO         8352    CL$$btod_d2e_norm_op1  c_w.l(btod.o)
    0x08001438   0x08001438   0x00000338   Code   RO         8361    CL$$btod_div_common  c_w.l(btod.o)
    0x08001770   0x08001770   0x000000dc   Code   RO         8358    CL$$btod_e2e        c_w.l(btod.o)
    0x0800184c   0x0800184c   0x0000002a   Code   RO         8355    CL$$btod_ediv       c_w.l(btod.o)
    0x08001876   0x08001876   0x0000002a   Code   RO         8354    CL$$btod_emul       c_w.l(btod.o)
    0x080018a0   0x080018a0   0x00000244   Code   RO         8360    CL$$btod_mult_common  c_w.l(btod.o)
    0x08001ae4   0x08001ae4   0x0000005c   Code   RO         4407    i.ADC_ConversionStop_Disable  stm32f1xx_hal_adc.o
    0x08001b40   0x08001b40   0x00000090   Code   RO         4411    i.ADC_Enable        stm32f1xx_hal_adc.o
    0x08001bd0   0x08001bd0   0x00000044   Code   RO         5929    i.ADC_ReadChannel   joystick.o
    0x08001c14   0x08001c14   0x00000004   Code   RO          326    i.BusFault_Handler  stm32f1xx_it.o
    0x08001c18   0x08001c18   0x00000026   Code   RO         6353    i.CalculateChecksum  wireless.o
    0x08001c3e   0x08001c3e   0x00000002   Code   RO          327    i.DebugMon_Handler  stm32f1xx_it.o
    0x08001c40   0x08001c40   0x00000370   Code   RO         5930    i.Display_Joystick_Values  joystick.o
    0x08001fb0   0x08001fb0   0x000001d0   Code   RO         6354    i.Draw_Control_Areas  wireless.o
    0x08002180   0x08002180   0x0000018c   Code   RO         5931    i.Draw_Joystick_Layout  joystick.o
    0x0800230c   0x0800230c   0x0000018c   Code   RO         6612    i.Draw_PID_Graph_Layout  mpu_pid.o
    0x08002498   0x08002498   0x000001e8   Code   RO         6213    i.Draw_PWM_Waveform  vdraw.o
    0x08002680   0x08002680   0x00000084   Code   RO         6613    i.Draw_Title_And_Help  mpu_pid.o
    0x08002704   0x08002704   0x00000002   Code   RO         5932    i.Draw_Title_And_Info  joystick.o
    0x08002706   0x08002706   0x00000002   PAD
    0x08002708   0x08002708   0x00000044   Code   RO         1705    i.FSMC_NORSRAM_Extended_Timing_Init  stm32f1xx_ll_fsmc.o
    0x0800274c   0x0800274c   0x00000078   Code   RO         1706    i.FSMC_NORSRAM_Init  stm32f1xx_ll_fsmc.o
    0x080027c4   0x080027c4   0x00000042   Code   RO         1707    i.FSMC_NORSRAM_Timing_Init  stm32f1xx_ll_fsmc.o
    0x08002806   0x08002806   0x00000002   PAD
    0x08002808   0x08002808   0x00000120   Code   RO         6614    i.Get_MPU_Angle     mpu_pid.o
    0x08002928   0x08002928   0x00000160   Code   RO         4413    i.HAL_ADC_ConfigChannel  stm32f1xx_hal_adc.o
    0x08002a88   0x08002a88   0x00000008   Code   RO         4420    i.HAL_ADC_GetValue  stm32f1xx_hal_adc.o
    0x08002a90   0x08002a90   0x00000160   Code   RO         4422    i.HAL_ADC_Init      stm32f1xx_hal_adc.o
    0x08002bf0   0x08002bf0   0x00000002   Code   RO         4425    i.HAL_ADC_MspInit   stm32f1xx_hal_adc.o
    0x08002bf2   0x08002bf2   0x00000002   PAD
    0x08002bf4   0x08002bf4   0x00000180   Code   RO         4426    i.HAL_ADC_PollForConversion  stm32f1xx_hal_adc.o
    0x08002d74   0x08002d74   0x00000130   Code   RO         4428    i.HAL_ADC_Start     stm32f1xx_hal_adc.o
    0x08002ea4   0x08002ea4   0x00000040   Code   RO         4431    i.HAL_ADC_Stop      stm32f1xx_hal_adc.o
    0x08002ee4   0x08002ee4   0x00000056   Code   RO          892    i.HAL_DMA_Abort     stm32f1xx_hal_dma.o
    0x08002f3a   0x08002f3a   0x00000002   PAD
    0x08002f3c   0x08002f3c   0x000001a8   Code   RO          893    i.HAL_DMA_Abort_IT  stm32f1xx_hal_dma.o
    0x080030e4   0x080030e4   0x0000000c   Code   RO          474    i.HAL_Delay         delay.o
    0x080030f0   0x080030f0   0x00000340   Code   RO          989    i.HAL_GPIO_Init     stm32f1xx_hal_gpio.o
    0x08003430   0x08003430   0x00000010   Code   RO          991    i.HAL_GPIO_ReadPin  stm32f1xx_hal_gpio.o
    0x08003440   0x08003440   0x00000014   Code   RO          992    i.HAL_GPIO_TogglePin  stm32f1xx_hal_gpio.o
    0x08003454   0x08003454   0x0000000c   Code   RO          993    i.HAL_GPIO_WritePin  stm32f1xx_hal_gpio.o
    0x08003460   0x08003460   0x0000000c   Code   RO          606    i.HAL_GetTick       stm32f1xx_hal.o
    0x0800346c   0x0800346c   0x00000018   Code   RO          612    i.HAL_IncTick       stm32f1xx_hal.o
    0x08003484   0x08003484   0x00000028   Code   RO          613    i.HAL_Init          stm32f1xx_hal.o
    0x080034ac   0x080034ac   0x0000004c   Code   RO          614    i.HAL_InitTick      stm32f1xx_hal.o
    0x080034f8   0x080034f8   0x00000002   Code   RO          616    i.HAL_MspInit       stm32f1xx_hal.o
    0x080034fa   0x080034fa   0x00000020   Code   RO          771    i.HAL_NVIC_EnableIRQ  stm32f1xx_hal_cortex.o
    0x0800351a   0x0800351a   0x0000007c   Code   RO          777    i.HAL_NVIC_SetPriority  stm32f1xx_hal_cortex.o
    0x08003596   0x08003596   0x00000002   PAD
    0x08003598   0x08003598   0x00000028   Code   RO          778    i.HAL_NVIC_SetPriorityGrouping  stm32f1xx_hal_cortex.o
    0x080035c0   0x080035c0   0x00000134   Code   RO         1160    i.HAL_RCCEx_GetPeriphCLKFreq  stm32f1xx_hal_rcc_ex.o
    0x080036f4   0x080036f4   0x0000018c   Code   RO         1053    i.HAL_RCC_ClockConfig  stm32f1xx_hal_rcc.o
    0x08003880   0x08003880   0x0000000c   Code   RO         1058    i.HAL_RCC_GetHCLKFreq  stm32f1xx_hal_rcc.o
    0x0800388c   0x0800388c   0x00000020   Code   RO         1060    i.HAL_RCC_GetPCLK1Freq  stm32f1xx_hal_rcc.o
    0x080038ac   0x080038ac   0x00000020   Code   RO         1061    i.HAL_RCC_GetPCLK2Freq  stm32f1xx_hal_rcc.o
    0x080038cc   0x080038cc   0x00000094   Code   RO         1062    i.HAL_RCC_GetSysClockFreq  stm32f1xx_hal_rcc.o
    0x08003960   0x08003960   0x00000464   Code   RO         1065    i.HAL_RCC_OscConfig  stm32f1xx_hal_rcc.o
    0x08003dc4   0x08003dc4   0x000001c8   Code   RO         3097    i.HAL_SD_GetCardCSD  stm32f1xx_hal_sd.o
    0x08003f8c   0x08003f8c   0x00000024   Code   RO         3099    i.HAL_SD_GetCardState  stm32f1xx_hal_sd.o
    0x08003fb0   0x08003fb0   0x0000003c   Code   RO         3104    i.HAL_SD_Init       stm32f1xx_hal_sd.o
    0x08003fec   0x08003fec   0x000000ac   Code   RO         3105    i.HAL_SD_InitCard   stm32f1xx_hal_sd.o
    0x08004098   0x08004098   0x00000154   Code   RO         5518    i.HAL_SD_MspInit    sdio_sdcard.o
    0x080041ec   0x080041ec   0x00000298   Code   RO         3108    i.HAL_SD_ReadBlocks  stm32f1xx_hal_sd.o
    0x08004484   0x08004484   0x00000230   Code   RO         3113    i.HAL_SD_WriteBlocks  stm32f1xx_hal_sd.o
    0x080046b4   0x080046b4   0x000000d4   Code   RO         3598    i.HAL_SPI_Init      stm32f1xx_hal_spi.o
    0x08004788   0x08004788   0x000000b0   Code   RO         5470    i.HAL_SPI_MspInit   spi.o
    0x08004838   0x08004838   0x000002f8   Code   RO         3607    i.HAL_SPI_TransmitReceive  stm32f1xx_hal_spi.o
    0x08004b30   0x08004b30   0x00000066   Code   RO         1566    i.HAL_SRAM_Init     stm32f1xx_hal_sram.o
    0x08004b96   0x08004b96   0x00000002   PAD
    0x08004b98   0x08004b98   0x00000090   Code   RO         4738    i.HAL_SRAM_MspInit  lcd.o
    0x08004c28   0x08004c28   0x00000034   Code   RO          782    i.HAL_SYSTICK_Config  stm32f1xx_hal_cortex.o
    0x08004c5c   0x08004c5c   0x00000002   Code   RO         2540    i.HAL_TIMEx_BreakCallback  stm32f1xx_hal_tim_ex.o
    0x08004c5e   0x08004c5e   0x00000002   Code   RO         2541    i.HAL_TIMEx_CommutCallback  stm32f1xx_hal_tim_ex.o
    0x08004c60   0x08004c60   0x0000009c   Code   RO         2559    i.HAL_TIMEx_MasterConfigSynchronization  stm32f1xx_hal_tim_ex.o
    0x08004cfc   0x08004cfc   0x00000066   Code   RO         1825    i.HAL_TIM_Base_Init  stm32f1xx_hal_tim.o
    0x08004d62   0x08004d62   0x00000002   Code   RO         1827    i.HAL_TIM_Base_MspInit  stm32f1xx_hal_tim.o
    0x08004d64   0x08004d64   0x00000108   Code   RO         1834    i.HAL_TIM_ConfigClockSource  stm32f1xx_hal_tim.o
    0x08004e6c   0x08004e6c   0x000000bc   Code   RO         6214    i.HAL_TIM_IC_CaptureCallback  vdraw.o
    0x08004f28   0x08004f28   0x000000d4   Code   RO         1861    i.HAL_TIM_IC_ConfigChannel  stm32f1xx_hal_tim.o
    0x08004ffc   0x08004ffc   0x00000066   Code   RO         1864    i.HAL_TIM_IC_Init   stm32f1xx_hal_tim.o
    0x08005062   0x08005062   0x00000002   Code   RO         1866    i.HAL_TIM_IC_MspInit  stm32f1xx_hal_tim.o
    0x08005064   0x08005064   0x00000170   Code   RO         1869    i.HAL_TIM_IC_Start_IT  stm32f1xx_hal_tim.o
    0x080051d4   0x080051d4   0x000000d6   Code   RO         1872    i.HAL_TIM_IC_Stop_IT  stm32f1xx_hal_tim.o
    0x080052aa   0x080052aa   0x00000196   Code   RO         1873    i.HAL_TIM_IRQHandler  stm32f1xx_hal_tim.o
    0x08005440   0x08005440   0x00000002   Code   RO         1876    i.HAL_TIM_OC_DelayElapsedCallback  stm32f1xx_hal_tim.o
    0x08005442   0x08005442   0x000000fc   Code   RO         1897    i.HAL_TIM_PWM_ConfigChannel  stm32f1xx_hal_tim.o
    0x0800553e   0x0800553e   0x00000066   Code   RO         1900    i.HAL_TIM_PWM_Init  stm32f1xx_hal_tim.o
    0x080055a4   0x080055a4   0x00000002   Code   RO         1902    i.HAL_TIM_PWM_MspInit  stm32f1xx_hal_tim.o
    0x080055a6   0x080055a6   0x00000002   Code   RO         1903    i.HAL_TIM_PWM_PulseFinishedCallback  stm32f1xx_hal_tim.o
    0x080055a8   0x080055a8   0x000000f4   Code   RO         1905    i.HAL_TIM_PWM_Start  stm32f1xx_hal_tim.o
    0x0800569c   0x0800569c   0x00000002   Code   RO         1911    i.HAL_TIM_PeriodElapsedCallback  stm32f1xx_hal_tim.o
    0x0800569e   0x0800569e   0x00000032   Code   RO         1913    i.HAL_TIM_ReadCapturedValue  stm32f1xx_hal_tim.o
    0x080056d0   0x080056d0   0x00000002   Code   RO         1916    i.HAL_TIM_TriggerCallback  stm32f1xx_hal_tim.o
    0x080056d2   0x080056d2   0x00000002   Code   RO         1206    i.HAL_UARTEx_RxEventCallback  stm32f1xx_hal_uart.o
    0x080056d4   0x080056d4   0x00000002   Code   RO         1220    i.HAL_UART_ErrorCallback  stm32f1xx_hal_uart.o
    0x080056d6   0x080056d6   0x00000002   PAD
    0x080056d8   0x080056d8   0x0000024c   Code   RO         1223    i.HAL_UART_IRQHandler  stm32f1xx_hal_uart.o
    0x08005924   0x08005924   0x00000072   Code   RO         1224    i.HAL_UART_Init     stm32f1xx_hal_uart.o
    0x08005996   0x08005996   0x00000002   PAD
    0x08005998   0x08005998   0x000000b4   Code   RO          518    i.HAL_UART_MspInit  usart.o
    0x08005a4c   0x08005a4c   0x00000042   Code   RO         1229    i.HAL_UART_Receive_IT  stm32f1xx_hal_uart.o
    0x08005a8e   0x08005a8e   0x00000002   PAD
    0x08005a90   0x08005a90   0x0000009c   Code   RO          519    i.HAL_UART_RxCpltCallback  usart.o
    0x08005b2c   0x08005b2c   0x000000d2   Code   RO         1232    i.HAL_UART_Transmit  stm32f1xx_hal_uart.o
    0x08005bfe   0x08005bfe   0x00000002   Code   RO         1235    i.HAL_UART_TxCpltCallback  stm32f1xx_hal_uart.o
    0x08005c00   0x08005c00   0x00000270   Code   RO         6174    i.Hand_Control      hand_control.o
    0x08005e70   0x08005e70   0x0000023c   Code   RO         6615    i.Handle_Keyboard_Input  mpu_pid.o
    0x080060ac   0x080060ac   0x00000004   Code   RO          328    i.HardFault_Handler  stm32f1xx_it.o
    0x080060b0   0x080060b0   0x0000003c   Code   RO         6436    i.IIC_Ack           iic.o
    0x080060ec   0x080060ec   0x0000000e   Code   RO         6438    i.IIC_Delay         iic.o
    0x080060fa   0x080060fa   0x00000002   PAD
    0x080060fc   0x080060fc   0x00000044   Code   RO         6439    i.IIC_GPIO_Init     iic.o
    0x08006140   0x08006140   0x00000034   Code   RO         6440    i.IIC_NAck          iic.o
    0x08006174   0x08006174   0x00000054   Code   RO         6441    i.IIC_Read_Byte     iic.o
    0x080061c8   0x080061c8   0x00000064   Code   RO         6442    i.IIC_Send_Byte     iic.o
    0x0800622c   0x0800622c   0x0000003c   Code   RO         6443    i.IIC_Start         iic.o
    0x08006268   0x08006268   0x0000002c   Code   RO         6444    i.IIC_Stop          iic.o
    0x08006294   0x08006294   0x00000044   Code   RO         6445    i.IIC_Wait_Ack      iic.o
    0x080062d8   0x080062d8   0x00000084   Code   RO         5933    i.Joystick_Display  joystick.o
    0x0800635c   0x0800635c   0x000000c0   Code   RO         5934    i.Joystick_Init     joystick.o
    0x0800641c   0x0800641c   0x00000058   Code   RO         5935    i.Joystick_Read     joystick.o
    0x08006474   0x08006474   0x00000054   Code   RO         6042    i.Key_Scan          menu.o
    0x080064c8   0x080064c8   0x0000016c   Code   RO         6616    i.L9110_Init        mpu_pid.o
    0x08006634   0x08006634   0x00000080   Code   RO         6617    i.L9110_SetMotor    mpu_pid.o
    0x080066b4   0x080066b4   0x00000050   Code   RO         6519    i.MPU_Get_Accelerometer  mpu6050.o
    0x08006704   0x08006704   0x00000050   Code   RO         6520    i.MPU_Get_Gyroscope  mpu6050.o
    0x08006754   0x08006754   0x0000007a   Code   RO         6522    i.MPU_Init          mpu6050.o
    0x080067ce   0x080067ce   0x00000002   PAD
    0x080067d0   0x080067d0   0x0000014c   Code   RO         6618    i.MPU_PID_Control_Interface  mpu_pid.o
    0x0800691c   0x0800691c   0x0000003a   Code   RO         6523    i.MPU_Read_Byte     mpu6050.o
    0x08006956   0x08006956   0x00000074   Code   RO         6524    i.MPU_Read_Len      mpu6050.o
    0x080069ca   0x080069ca   0x00000010   Code   RO         6525    i.MPU_Set_Accel_Fsr  mpu6050.o
    0x080069da   0x080069da   0x00000010   Code   RO         6526    i.MPU_Set_Gyro_Fsr  mpu6050.o
    0x080069ea   0x080069ea   0x0000003a   Code   RO         6527    i.MPU_Set_LPF       mpu6050.o
    0x08006a24   0x08006a24   0x0000003a   Code   RO         6528    i.MPU_Set_Rate      mpu6050.o
    0x08006a5e   0x08006a5e   0x00000044   Code   RO         6529    i.MPU_Write_Byte    mpu6050.o
    0x08006aa2   0x08006aa2   0x00000002   PAD
    0x08006aa4   0x08006aa4   0x00000058   Code   RO         6129    i.MX_GPIO_Init      relay.o
    0x08006afc   0x08006afc   0x00000004   Code   RO          329    i.MemManage_Handler  stm32f1xx_it.o
    0x08006b00   0x08006b00   0x00000002   Code   RO          330    i.NMI_Handler       stm32f1xx_it.o
    0x08006b02   0x08006b02   0x00000002   PAD
    0x08006b04   0x08006b04   0x000000c4   Code   RO         5681    i.NRF24L01_Check    nrf24l01.o
    0x08006bc8   0x08006bc8   0x00000068   Code   RO         5682    i.NRF24L01_Init     nrf24l01.o
    0x08006c30   0x08006c30   0x000000d0   Code   RO         5683    i.NRF24L01_Pin_Init  nrf24l01.o
    0x08006d00   0x08006d00   0x00000204   Code   RO         6355    i.Nrf24_Control     wireless.o
    0x08006f04   0x08006f04   0x000000b8   Code   RO         6619    i.PID_Compute       mpu_pid.o
    0x08006fbc   0x08006fbc   0x0000001a   Code   RO         6620    i.PID_Init          mpu_pid.o
    0x08006fd6   0x08006fd6   0x00000002   PAD
    0x08006fd8   0x08006fd8   0x000000f8   Code   RO         6215    i.PWM_Analyzer_Run  vdraw.o
    0x080070d0   0x080070d0   0x000000f0   Code   RO         6216    i.PWM_Measure_Init  vdraw.o
    0x080071c0   0x080071c0   0x00000002   Code   RO          331    i.PendSV_Handler    stm32f1xx_it.o
    0x080071c2   0x080071c2   0x00000002   PAD
    0x080071c4   0x080071c4   0x000001e0   Code   RO         6356    i.Process_Touch_Input  wireless.o
    0x080073a4   0x080073a4   0x00000028   Code   RO         1066    i.RCC_Delay         stm32f1xx_hal_rcc.o
    0x080073cc   0x080073cc   0x00000034   Code   RO         5684    i.R_Buf             nrf24l01.o
    0x08007400   0x08007400   0x00000014   Code   RO         5685    i.R_IRQ             nrf24l01.o
    0x08007414   0x08007414   0x00000010   Code   RO         5686    i.R_MISO            nrf24l01.o
    0x08007424   0x08007424   0x00000022   Code   RO         5687    i.R_Reg             nrf24l01.o
    0x08007446   0x08007446   0x000000f8   Code   RO         5936    i.Redraw_Joystick_Elements  joystick.o
    0x0800753e   0x0800753e   0x00000002   PAD
    0x08007540   0x08007540   0x00000024   Code   RO         6130    i.Relay_Control     relay.o
    0x08007564   0x08007564   0x000001c0   Code   RO         6131    i.Relay_Control_Interface  relay.o
    0x08007724   0x08007724   0x00000024   Code   RO         6132    i.Relay_Init        relay.o
    0x08007748   0x08007748   0x0000002c   Code   RO         2807    i.SDIO_ConfigData   stm32f1xx_ll_sdmmc.o
    0x08007774   0x08007774   0x00000008   Code   RO         2808    i.SDIO_GetCommandResponse  stm32f1xx_ll_sdmmc.o
    0x0800777c   0x0800777c   0x0000000a   Code   RO         2811    i.SDIO_GetPowerState  stm32f1xx_ll_sdmmc.o
    0x08007786   0x08007786   0x0000000c   Code   RO         2812    i.SDIO_GetResponse  stm32f1xx_ll_sdmmc.o
    0x08007792   0x08007792   0x00000034   Code   RO         2813    i.SDIO_Init         stm32f1xx_ll_sdmmc.o
    0x080077c6   0x080077c6   0x00000012   Code   RO         2815    i.SDIO_PowerState_ON  stm32f1xx_ll_sdmmc.o
    0x080077d8   0x080077d8   0x00000008   Code   RO         2816    i.SDIO_ReadFIFO     stm32f1xx_ll_sdmmc.o
    0x080077e0   0x080077e0   0x00000028   Code   RO         2817    i.SDIO_SendCommand  stm32f1xx_ll_sdmmc.o
    0x08007808   0x08007808   0x0000000c   Code   RO         2819    i.SDIO_WriteFIFO    stm32f1xx_ll_sdmmc.o
    0x08007814   0x08007814   0x00000038   Code   RO         2820    i.SDMMC_CmdAppCommand  stm32f1xx_ll_sdmmc.o
    0x0800784c   0x0800784c   0x0000003c   Code   RO         2821    i.SDMMC_CmdAppOperCommand  stm32f1xx_ll_sdmmc.o
    0x08007888   0x08007888   0x00000038   Code   RO         2822    i.SDMMC_CmdBlockLength  stm32f1xx_ll_sdmmc.o
    0x080078c0   0x080078c0   0x0000002c   Code   RO         2827    i.SDMMC_CmdGoIdleState  stm32f1xx_ll_sdmmc.o
    0x080078ec   0x080078ec   0x00000034   Code   RO         2829    i.SDMMC_CmdOperCond  stm32f1xx_ll_sdmmc.o
    0x08007920   0x08007920   0x00000038   Code   RO         2830    i.SDMMC_CmdReadMultiBlock  stm32f1xx_ll_sdmmc.o
    0x08007958   0x08007958   0x00000038   Code   RO         2831    i.SDMMC_CmdReadSingleBlock  stm32f1xx_ll_sdmmc.o
    0x08007990   0x08007990   0x0000003a   Code   RO         2834    i.SDMMC_CmdSelDesel  stm32f1xx_ll_sdmmc.o
    0x080079ca   0x080079ca   0x00000032   Code   RO         2835    i.SDMMC_CmdSendCID  stm32f1xx_ll_sdmmc.o
    0x080079fc   0x080079fc   0x00000032   Code   RO         2836    i.SDMMC_CmdSendCSD  stm32f1xx_ll_sdmmc.o
    0x08007a2e   0x08007a2e   0x00000038   Code   RO         2839    i.SDMMC_CmdSendStatus  stm32f1xx_ll_sdmmc.o
    0x08007a66   0x08007a66   0x00000038   Code   RO         2840    i.SDMMC_CmdSetRelAdd  stm32f1xx_ll_sdmmc.o
    0x08007a9e   0x08007a9e   0x00000002   PAD
    0x08007aa0   0x08007aa0   0x0000003c   Code   RO         2842    i.SDMMC_CmdStopTransfer  stm32f1xx_ll_sdmmc.o
    0x08007adc   0x08007adc   0x00000038   Code   RO         2844    i.SDMMC_CmdWriteMultiBlock  stm32f1xx_ll_sdmmc.o
    0x08007b14   0x08007b14   0x00000038   Code   RO         2845    i.SDMMC_CmdWriteSingleBlock  stm32f1xx_ll_sdmmc.o
    0x08007b4c   0x08007b4c   0x00000040   Code   RO         2846    i.SDMMC_GetCmdError  stm32f1xx_ll_sdmmc.o
    0x08007b8c   0x08007b8c   0x000001ac   Code   RO         2847    i.SDMMC_GetCmdResp1  stm32f1xx_ll_sdmmc.o
    0x08007d38   0x08007d38   0x00000064   Code   RO         2848    i.SDMMC_GetCmdResp2  stm32f1xx_ll_sdmmc.o
    0x08007d9c   0x08007d9c   0x00000058   Code   RO         2849    i.SDMMC_GetCmdResp3  stm32f1xx_ll_sdmmc.o
    0x08007df4   0x08007df4   0x000000b8   Code   RO         2850    i.SDMMC_GetCmdResp6  stm32f1xx_ll_sdmmc.o
    0x08007eac   0x08007eac   0x0000006c   Code   RO         2851    i.SDMMC_GetCmdResp7  stm32f1xx_ll_sdmmc.o
    0x08007f18   0x08007f18   0x00000102   Code   RO         3122    i.SD_InitCard       stm32f1xx_hal_sd.o
    0x0800801a   0x0800801a   0x00000002   PAD
    0x0800801c   0x0800801c   0x000000cc   Code   RO         3124    i.SD_PowerON        stm32f1xx_hal_sd.o
    0x080080e8   0x080080e8   0x00000030   Code   RO         3127    i.SD_SendStatus     stm32f1xx_hal_sd.o
    0x08008118   0x08008118   0x00000028   Code   RO         3638    i.SPI_EndRxTxTransaction  stm32f1xx_hal_spi.o
    0x08008140   0x08008140   0x00000006   Code   RO         3639    i.SPI_ISCRCErrorValid  stm32f1xx_hal_spi.o
    0x08008146   0x08008146   0x0000003c   Code   RO         5689    i.SPI_SwapByte      nrf24l01.o
    0x08008182   0x08008182   0x00000002   PAD
    0x08008184   0x08008184   0x000000d8   Code   RO         3646    i.SPI_WaitFlagStateUntilTimeout  stm32f1xx_hal_spi.o
    0x0800825c   0x0800825c   0x00000002   Code   RO          332    i.SVC_Handler       stm32f1xx_it.o
    0x0800825e   0x0800825e   0x00000064   Code   RO         5690    i.Send              nrf24l01.o
    0x080082c2   0x080082c2   0x00000002   PAD
    0x080082c4   0x080082c4   0x0000015c   Code   RO         6357    i.Send_Remote_Command  wireless.o
    0x08008420   0x08008420   0x000000c8   Code   RO         6003    i.Servo_PWM_Init    servo.o
    0x080084e8   0x080084e8   0x0000003c   Code   RO         6004    i.Servo_SetAngle    servo.o
    0x08008524   0x08008524   0x00000228   Code   RO         6005    i.Servo_control     servo.o
    0x0800874c   0x0800874c   0x00000050   Code   RO         6358    i.Set_Nrf24_Tx      wireless.o
    0x0800879c   0x0800879c   0x00000008   Code   RO          333    i.SysTick_Handler   stm32f1xx_it.o
    0x080087a4   0x080087a4   0x00000002   Code   RO          290    i.SystemInit        system_stm32f1xx.o
    0x080087a6   0x080087a6   0x00000002   PAD
    0x080087a8   0x080087a8   0x00000010   Code   RO         6217    i.TIM2_IRQHandler   vdraw.o
    0x080087b8   0x080087b8   0x0000009c   Code   RO         1918    i.TIM_Base_SetConfig  stm32f1xx_hal_tim.o
    0x08008854   0x08008854   0x00000022   Code   RO         1919    i.TIM_CCxChannelCmd  stm32f1xx_hal_tim.o
    0x08008876   0x08008876   0x00000016   Code   RO         1929    i.TIM_ETR_SetConfig  stm32f1xx_hal_tim.o
    0x0800888c   0x0800888c   0x00000012   Code   RO         1930    i.TIM_ITRx_SetConfig  stm32f1xx_hal_tim.o
    0x0800889e   0x0800889e   0x00000002   PAD
    0x080088a0   0x080088a0   0x00000070   Code   RO         1931    i.TIM_OC1_SetConfig  stm32f1xx_hal_tim.o
    0x08008910   0x08008910   0x0000007c   Code   RO         1932    i.TIM_OC2_SetConfig  stm32f1xx_hal_tim.o
    0x0800898c   0x0800898c   0x00000078   Code   RO         1933    i.TIM_OC3_SetConfig  stm32f1xx_hal_tim.o
    0x08008a04   0x08008a04   0x00000054   Code   RO         1934    i.TIM_OC4_SetConfig  stm32f1xx_hal_tim.o
    0x08008a58   0x08008a58   0x00000026   Code   RO         1936    i.TIM_TI1_ConfigInputStage  stm32f1xx_hal_tim.o
    0x08008a7e   0x08008a7e   0x00000002   PAD
    0x08008a80   0x08008a80   0x0000007c   Code   RO         1937    i.TIM_TI1_SetConfig  stm32f1xx_hal_tim.o
    0x08008afc   0x08008afc   0x00000028   Code   RO         1938    i.TIM_TI2_ConfigInputStage  stm32f1xx_hal_tim.o
    0x08008b24   0x08008b24   0x0000003a   Code   RO         1939    i.TIM_TI2_SetConfig  stm32f1xx_hal_tim.o
    0x08008b5e   0x08008b5e   0x00000038   Code   RO         1940    i.TIM_TI3_SetConfig  stm32f1xx_hal_tim.o
    0x08008b96   0x08008b96   0x0000003c   Code   RO         1941    i.TIM_TI4_SetConfig  stm32f1xx_hal_tim.o
    0x08008bd2   0x08008bd2   0x00000014   Code   RO         1237    i.UART_DMAAbortOnError  stm32f1xx_hal_uart.o
    0x08008be6   0x08008be6   0x00000036   Code   RO         1247    i.UART_EndRxTransfer  stm32f1xx_hal_uart.o
    0x08008c1c   0x08008c1c   0x00000020   Code   RO         1248    i.UART_EndTransmit_IT  stm32f1xx_hal_uart.o
    0x08008c3c   0x08008c3c   0x000000e4   Code   RO         1250    i.UART_Receive_IT   stm32f1xx_hal_uart.o
    0x08008d20   0x08008d20   0x000000fc   Code   RO         1251    i.UART_SetConfig    stm32f1xx_hal_uart.o
    0x08008e1c   0x08008e1c   0x00000046   Code   RO         1253    i.UART_Start_Receive_IT  stm32f1xx_hal_uart.o
    0x08008e62   0x08008e62   0x00000060   Code   RO         1254    i.UART_Transmit_IT  stm32f1xx_hal_uart.o
    0x08008ec2   0x08008ec2   0x0000006c   Code   RO         1255    i.UART_WaitOnFlagUntilTimeout  stm32f1xx_hal_uart.o
    0x08008f2e   0x08008f2e   0x00000002   PAD
    0x08008f30   0x08008f30   0x00000010   Code   RO          520    i.USART1_IRQHandler  usart.o
    0x08008f40   0x08008f40   0x00000188   Code   RO         6359    i.Update_Function_Display  wireless.o
    0x080090c8   0x080090c8   0x0000025c   Code   RO         6621    i.Update_Info_Display  mpu_pid.o
    0x08009324   0x08009324   0x00000200   Code   RO         5937    i.Update_Joystick_Graph  joystick.o
    0x08009524   0x08009524   0x00000310   Code   RO         6622    i.Update_PID_Graph  mpu_pid.o
    0x08009834   0x08009834   0x000000a0   Code   RO         6360    i.Update_Steering_Display  wireless.o
    0x080098d4   0x080098d4   0x000000b8   Code   RO         6361    i.Update_Throttle_Display  wireless.o
    0x0800998c   0x0800998c   0x00000004   Code   RO          334    i.UsageFault_Handler  stm32f1xx_it.o
    0x08009990   0x08009990   0x00000032   Code   RO         5691    i.W_Buf             nrf24l01.o
    0x080099c2   0x080099c2   0x00000002   PAD
    0x080099c4   0x080099c4   0x00000014   Code   RO         5692    i.W_CE              nrf24l01.o
    0x080099d8   0x080099d8   0x00000018   Code   RO         5693    i.W_CSN             nrf24l01.o
    0x080099f0   0x080099f0   0x00000014   Code   RO         5694    i.W_MOSI            nrf24l01.o
    0x08009a04   0x08009a04   0x00000020   Code   RO         5695    i.W_Reg             nrf24l01.o
    0x08009a24   0x08009a24   0x00000014   Code   RO         5696    i.W_SCK             nrf24l01.o
    0x08009a38   0x08009a38   0x00000034   Code   RO         6362    i.Wireless_Init     wireless.o
    0x08009a6c   0x08009a6c   0x00000028   Code   RO         8384    i.__ARM_fpclassify  m_ws.l(fpclassify.o)
    0x08009a94   0x08009a94   0x00000026   Code   RO         8299    i.__ARM_fpclassifyf  m_ws.l(fpclassifyf.o)
    0x08009aba   0x08009aba   0x00000002   PAD
    0x08009abc   0x08009abc   0x00000010   Code   RO          784    i.__NVIC_GetPriorityGrouping  stm32f1xx_hal_cortex.o
    0x08009acc   0x08009acc   0x00000028   Code   RO          785    i.__NVIC_SetPriority  stm32f1xx_hal_cortex.o
    0x08009af4   0x08009af4   0x00000004   Code   RO         8303    i.__mathlib_flt_infnan2  m_ws.l(funder.o)
    0x08009af8   0x08009af8   0x0000000a   Code   RO         8307    i.__mathlib_flt_underflow  m_ws.l(funder.o)
    0x08009b02   0x08009b02   0x0000000e   Code   RO         8111    i._is_digit         c_w.l(__printf_wp.o)
    0x08009b10   0x08009b10   0x00000004   Code   RO          522    i._sys_exit         usart.o
    0x08009b14   0x08009b14   0x00000024   Code   RO         6934    i.alloc_pool        tjpgd.o
    0x08009b38   0x08009b38   0x00000008   Code   RO         5074    i.at24cxx_init      24cxx.o
    0x08009b40   0x08009b40   0x00000024   Code   RO         5075    i.at24cxx_read      24cxx.o
    0x08009b64   0x08009b64   0x00000052   Code   RO         5076    i.at24cxx_read_one_byte  24cxx.o
    0x08009bb6   0x08009bb6   0x00000024   Code   RO         5077    i.at24cxx_write     24cxx.o
    0x08009bda   0x08009bda   0x0000004a   Code   RO         5078    i.at24cxx_write_one_byte  24cxx.o
    0x08009c24   0x08009c24   0x0000025c   Code   RO         8225    i.atan2f            m_ws.l(atan2f.o)
    0x08009e80   0x08009e80   0x000000ac   Code   RO         6935    i.bitext            tjpgd.o
    0x08009f2c   0x08009f2c   0x000002a0   Code   RO         6936    i.block_idct        tjpgd.o
    0x0800a1cc   0x0800a1cc   0x0000008a   Code   RO         7109    i.change_bitmap     ff.o
    0x0800a256   0x0800a256   0x00000002   PAD
    0x0800a258   0x0800a258   0x00000104   Code   RO         7110    i.check_fs          ff.o
    0x0800a35c   0x0800a35c   0x00000062   Code   RO         7111    i.clmt_clust        ff.o
    0x0800a3be   0x0800a3be   0x0000001a   Code   RO         7112    i.clst2sect         ff.o
    0x0800a3d8   0x0800a3d8   0x00000098   Code   RO         7113    i.cmp_lfn           ff.o
    0x0800a470   0x0800a470   0x000001cc   Code   RO         7114    i.create_chain      ff.o
    0x0800a63c   0x0800a63c   0x0000024e   Code   RO         6937    i.create_huffman_tbl  tjpgd.o
    0x0800a88a   0x0800a88a   0x00000002   PAD
    0x0800a88c   0x0800a88c   0x0000025c   Code   RO         7115    i.create_name       ff.o
    0x0800aae8   0x0800aae8   0x00000074   Code   RO         6938    i.create_qt_tbl     tjpgd.o
    0x0800ab5c   0x0800ab5c   0x00000090   Code   RO         7117    i.create_xdir       ff.o
    0x0800abec   0x0800abec   0x00000058   Code   RO         5130    i.ct_iic_ack        ctiic.o
    0x0800ac44   0x0800ac44   0x0000000a   Code   RO         5131    i.ct_iic_delay      ctiic.o
    0x0800ac4e   0x0800ac4e   0x00000002   PAD
    0x0800ac50   0x0800ac50   0x00000080   Code   RO         5132    i.ct_iic_init       ctiic.o
    0x0800acd0   0x0800acd0   0x00000044   Code   RO         5133    i.ct_iic_nack       ctiic.o
    0x0800ad14   0x0800ad14   0x00000064   Code   RO         5134    i.ct_iic_read_byte  ctiic.o
    0x0800ad78   0x0800ad78   0x00000070   Code   RO         5135    i.ct_iic_send_byte  ctiic.o
    0x0800ade8   0x0800ade8   0x00000054   Code   RO         5136    i.ct_iic_start      ctiic.o
    0x0800ae3c   0x0800ae3c   0x00000044   Code   RO         5137    i.ct_iic_stop       ctiic.o
    0x0800ae80   0x0800ae80   0x00000070   Code   RO         5138    i.ct_iic_wait_ack   ctiic.o
    0x0800aef0   0x0800aef0   0x00000034   Code   RO         7118    i.dbc_1st           ff.o
    0x0800af24   0x0800af24   0x00000048   Code   RO         7119    i.dbc_2nd           ff.o
    0x0800af6c   0x0800af6c   0x0000000c   Code   RO          475    i.delay_init        delay.o
    0x0800af78   0x0800af78   0x00000012   Code   RO          476    i.delay_ms          delay.o
    0x0800af8a   0x0800af8a   0x00000002   PAD
    0x0800af8c   0x0800af8c   0x00000048   Code   RO          477    i.delay_us          delay.o
    0x0800afd4   0x0800afd4   0x00000068   Code   RO         6043    i.detect_key_press  menu.o
    0x0800b03c   0x0800b03c   0x0000007c   Code   RO         7120    i.dir_alloc         ff.o
    0x0800b0b8   0x0800b0b8   0x000000c2   Code   RO         7121    i.dir_clear         ff.o
    0x0800b17a   0x0800b17a   0x000001a8   Code   RO         7122    i.dir_find          ff.o
    0x0800b322   0x0800b322   0x000000e0   Code   RO         7123    i.dir_next          ff.o
    0x0800b402   0x0800b402   0x00000102   Code   RO         7124    i.dir_read          ff.o
    0x0800b504   0x0800b504   0x0000022a   Code   RO         7125    i.dir_register      ff.o
    0x0800b72e   0x0800b72e   0x000000aa   Code   RO         7127    i.dir_sdi           ff.o
    0x0800b7d8   0x0800b7d8   0x0000002c   Code   RO         7061    i.disk_initialize   diskio.o
    0x0800b804   0x0800b804   0x000000b4   Code   RO         7062    i.disk_ioctl        diskio.o
    0x0800b8b8   0x0800b8b8   0x0000007e   Code   RO         7063    i.disk_read         diskio.o
    0x0800b936   0x0800b936   0x00000006   Code   RO         7064    i.disk_status       diskio.o
    0x0800b93c   0x0800b93c   0x0000007e   Code   RO         7065    i.disk_write        diskio.o
    0x0800b9ba   0x0800b9ba   0x00000002   PAD
    0x0800b9bc   0x0800b9bc   0x000000b0   Code   RO         6044    i.draw_keyboard     menu.o
    0x0800ba6c   0x0800ba6c   0x0000001a   Code   RO         7598    i.exfuns_char_upper  exfuns.o
    0x0800ba86   0x0800ba86   0x00000002   PAD
    0x0800ba88   0x0800ba88   0x000000c0   Code   RO         7600    i.exfuns_file_type  exfuns.o
    0x0800bb48   0x0800bb48   0x00000044   Code   RO         7605    i.exfuns_init       exfuns.o
    0x0800bb8c   0x0800bb8c   0x00000026   Code   RO         7128    i.f_close           ff.o
    0x0800bbb2   0x0800bbb2   0x00000456   Code   RO         7133    i.f_lseek           ff.o
    0x0800c008   0x0800c008   0x00000054   Code   RO         7136    i.f_mount           ff.o
    0x0800c05c   0x0800c05c   0x00000312   Code   RO         7137    i.f_open            ff.o
    0x0800c36e   0x0800c36e   0x000000b8   Code   RO         7138    i.f_opendir         ff.o
    0x0800c426   0x0800c426   0x00000228   Code   RO         7142    i.f_read            ff.o
    0x0800c64e   0x0800c64e   0x00000070   Code   RO         7143    i.f_readdir         ff.o
    0x0800c6be   0x0800c6be   0x000001a8   Code   RO         7147    i.f_sync            ff.o
    0x0800c866   0x0800c866   0x0000000e   Code   RO         7562    i.ff_memalloc       ffsystem.o
    0x0800c874   0x0800c874   0x0000000e   Code   RO         7563    i.ff_memfree        ffsystem.o
    0x0800c882   0x0800c882   0x00000002   PAD
    0x0800c884   0x0800c884   0x00000088   Code   RO         7846    i.ff_oem2uni        myffunicode.o
    0x0800c90c   0x0800c90c   0x00000084   Code   RO         7847    i.ff_uni2oem        myffunicode.o
    0x0800c990   0x0800c990   0x000000b0   Code   RO         7848    i.ff_wtoupper       myffunicode.o
    0x0800ca40   0x0800ca40   0x00000036   Code   RO         7151    i.fill_first_frag   ff.o
    0x0800ca76   0x0800ca76   0x00000044   Code   RO         7152    i.fill_last_frag    ff.o
    0x0800caba   0x0800caba   0x000000a4   Code   RO         7153    i.find_bitmap       ff.o
    0x0800cb5e   0x0800cb5e   0x00000078   Code   RO         7154    i.find_volume       ff.o
    0x0800cbd6   0x0800cbd6   0x000000c4   Code   RO         7155    i.follow_path       ff.o
    0x0800cc9a   0x0800cc9a   0x00000002   PAD
    0x0800cc9c   0x0800cc9c   0x00000040   Code   RO         7963    i.fonts_init        fonts.o
    0x0800ccdc   0x0800ccdc   0x00000090   Code   RO         7964    i.fonts_progress_show  fonts.o
    0x0800cd6c   0x0800cd6c   0x00000200   Code   RO         7965    i.fonts_update_font  fonts.o
    0x0800cf6c   0x0800cf6c   0x00000164   Code   RO         7966    i.fonts_update_fontx  fonts.o
    0x0800d0d0   0x0800d0d0   0x0000001c   Code   RO          524    i.fputc             usart.o
    0x0800d0ec   0x0800d0ec   0x00000140   Code   RO         5204    i.ft5206_init       ft5206.o
    0x0800d22c   0x0800d22c   0x00000058   Code   RO         5205    i.ft5206_rd_reg     ft5206.o
    0x0800d284   0x0800d284   0x000001a4   Code   RO         5206    i.ft5206_scan       ft5206.o
    0x0800d428   0x0800d428   0x00000052   Code   RO         5207    i.ft5206_wr_reg     ft5206.o
    0x0800d47a   0x0800d47a   0x00000002   PAD
    0x0800d47c   0x0800d47c   0x000000d4   Code   RO         7156    i.gen_numname       ff.o
    0x0800d550   0x0800d550   0x00000194   Code   RO         7157    i.get_fat           ff.o
    0x0800d6e4   0x0800d6e4   0x00000004   Code   RO         7564    i.get_fattime       ffsystem.o
    0x0800d6e8   0x0800d6e8   0x0000027a   Code   RO         7158    i.get_fileinfo      ff.o
    0x0800d962   0x0800d962   0x0000004e   Code   RO         7159    i.get_ldnumber      ff.o
    0x0800d9b0   0x0800d9b0   0x00000038   Code   RO         6045    i.get_next_event    menu.o
    0x0800d9e8   0x0800d9e8   0x00000018   Code   RO         5520    i.get_sd_card_state  sdio_sdcard.o
    0x0800da00   0x0800da00   0x00000058   Code   RO         6749    i.gif_check_head    gif.o
    0x0800da58   0x0800da58   0x000001f4   Code   RO         6750    i.gif_clear2bkcolor  gif.o
    0x0800dc4c   0x0800dc4c   0x0000012c   Code   RO         6751    i.gif_decode        gif.o
    0x0800dd78   0x0800dd78   0x00000218   Code   RO         6752    i.gif_dispimage     gif.o
    0x0800df90   0x0800df90   0x00000158   Code   RO         6753    i.gif_drawimage     gif.o
    0x0800e0e8   0x0800e0e8   0x00000068   Code   RO         6754    i.gif_getdatablock  gif.o
    0x0800e150   0x0800e150   0x00000046   Code   RO         6755    i.gif_getinfo       gif.o
    0x0800e196   0x0800e196   0x00000358   Code   RO         6756    i.gif_getnextbyte   gif.o
    0x0800e4ee   0x0800e4ee   0x00000002   PAD
    0x0800e4f0   0x0800e4f0   0x000001c8   Code   RO         6757    i.gif_getnextcode   gif.o
    0x0800e6b8   0x0800e6b8   0x0000001c   Code   RO         6758    i.gif_getrgb565     gif.o
    0x0800e6d4   0x0800e6d4   0x00000098   Code   RO         6759    i.gif_initlzw       gif.o
    0x0800e76c   0x0800e76c   0x00000040   Code   RO         6761    i.gif_readcolortbl  gif.o
    0x0800e7ac   0x0800e7ac   0x000000a0   Code   RO         6762    i.gif_readextension  gif.o
    0x0800e84c   0x0800e84c   0x00000026   Code   RO         6763    i.gif_recovergctbl  gif.o
    0x0800e872   0x0800e872   0x00000026   Code   RO         6764    i.gif_savegctbl     gif.o
    0x0800e898   0x0800e898   0x00000178   Code   RO         5263    i.gt9xxx_init       gt9xxx.o
    0x0800ea10   0x0800ea10   0x00000062   Code   RO         5264    i.gt9xxx_rd_reg     gt9xxx.o
    0x0800ea72   0x0800ea72   0x00000002   PAD
    0x0800ea74   0x0800ea74   0x000002f0   Code   RO         5265    i.gt9xxx_scan       gt9xxx.o
    0x0800ed64   0x0800ed64   0x0000005c   Code   RO         5266    i.gt9xxx_wr_reg     gt9xxx.o
    0x0800edc0   0x0800edc0   0x000001a8   Code   RO         6046    i.handle_event      menu.o
    0x0800ef68   0x0800ef68   0x00000194   Code   RO         6047    i.handle_keyboard_touch  menu.o
    0x0800f0fc   0x0800f0fc   0x00000194   Code   RO         6939    i.huffext           tjpgd.o
    0x0800f290   0x0800f290   0x00000050   Code   RO         4999    i.iic_ack           myiic.o
    0x0800f2e0   0x0800f2e0   0x0000000a   Code   RO         5000    i.iic_delay         myiic.o
    0x0800f2ea   0x0800f2ea   0x00000002   PAD
    0x0800f2ec   0x0800f2ec   0x00000078   Code   RO         5001    i.iic_init          myiic.o
    0x0800f364   0x0800f364   0x00000040   Code   RO         5002    i.iic_nack          myiic.o
    0x0800f3a4   0x0800f3a4   0x0000005c   Code   RO         5003    i.iic_read_byte     myiic.o
    0x0800f400   0x0800f400   0x0000006c   Code   RO         5004    i.iic_send_byte     myiic.o
    0x0800f46c   0x0800f46c   0x0000004c   Code   RO         5005    i.iic_start         myiic.o
    0x0800f4b8   0x0800f4b8   0x00000040   Code   RO         5006    i.iic_stop          myiic.o
    0x0800f4f8   0x0800f4f8   0x00000064   Code   RO         5007    i.iic_wait_ack      myiic.o
    0x0800f55c   0x0800f55c   0x00000032   Code   RO         7160    i.init_alloc_info   ff.o
    0x0800f58e   0x0800f58e   0x00000002   PAD
    0x0800f590   0x0800f590   0x000000e4   Code   RO         6048    i.init_keyboard_layout  menu.o
    0x0800f674   0x0800f674   0x000000a2   Code   RO         6940    i.jd_decomp         tjpgd.o
    0x0800f716   0x0800f716   0x0000035e   Code   RO         6941    i.jd_prepare        tjpgd.o
    0x0800fa74   0x0800fa74   0x00000028   Code   RO         6942    i.jpeg_freeall      tjpgd.o
    0x0800fa9c   0x0800fa9c   0x00000040   Code   RO         6943    i.jpeg_in_func      tjpgd.o
    0x0800fadc   0x0800fadc   0x00000054   Code   RO         6944    i.jpeg_mallocall    tjpgd.o
    0x0800fb30   0x0800fb30   0x00000054   Code   RO         6945    i.jpeg_out_func_fill  tjpgd.o
    0x0800fb84   0x0800fb84   0x000000c0   Code   RO         6946    i.jpeg_out_func_point  tjpgd.o
    0x0800fc44   0x0800fc44   0x00000104   Code   RO         6947    i.jpg_decode        tjpgd.o
    0x0800fd48   0x0800fd48   0x00000088   Code   RO         4707    i.key_init          key.o
    0x0800fdd0   0x0800fdd0   0x000000b4   Code   RO         4708    i.key_scan          key.o
    0x0800fe84   0x0800fe84   0x00000034   Code   RO         4739    i.lcd_clear         lcd.o
    0x0800feb8   0x0800feb8   0x00000060   Code   RO         4740    i.lcd_color_fill    lcd.o
    0x0800ff18   0x0800ff18   0x0000016c   Code   RO         4741    i.lcd_display_dir   lcd.o
    0x08010084   0x08010084   0x000000aa   Code   RO         4744    i.lcd_draw_circle   lcd.o
    0x0801012e   0x0801012e   0x00000002   PAD
    0x08010130   0x08010130   0x00000038   Code   RO         4745    i.lcd_draw_hline    lcd.o
    0x08010168   0x08010168   0x000000ac   Code   RO         4746    i.lcd_draw_line     lcd.o
    0x08010214   0x08010214   0x00000020   Code   RO         4747    i.lcd_draw_point    lcd.o
    0x08010234   0x08010234   0x0000004a   Code   RO         4748    i.lcd_draw_rectangle  lcd.o
    0x0801027e   0x0801027e   0x0000022c   Code   RO         4749    i.lcd_ex_ili9341_reginit  lcd.o
    0x080104aa   0x080104aa   0x00000340   Code   RO         4750    i.lcd_ex_ili9806_reginit  lcd.o
    0x080107ea   0x080107ea   0x00000ef2   Code   RO         4751    i.lcd_ex_nt35310_reginit  lcd.o
    0x080116dc   0x080116dc   0x00000efc   Code   RO         4752    i.lcd_ex_nt35510_reginit  lcd.o
    0x080125d8   0x080125d8   0x0000016e   Code   RO         4753    i.lcd_ex_ssd1963_reginit  lcd.o
    0x08012746   0x08012746   0x000001a8   Code   RO         4754    i.lcd_ex_st7789_reginit  lcd.o
    0x080128ee   0x080128ee   0x000001c6   Code   RO         4755    i.lcd_ex_st7796_reginit  lcd.o
    0x08012ab4   0x08012ab4   0x00000054   Code   RO         4756    i.lcd_fill          lcd.o
    0x08012b08   0x08012b08   0x000000b0   Code   RO         4757    i.lcd_fill_circle   lcd.o
    0x08012bb8   0x08012bb8   0x00000468   Code   RO         4758    i.lcd_init          lcd.o
    0x08013020   0x08013020   0x0000000c   Code   RO         4759    i.lcd_opt_delay     lcd.o
    0x0801302c   0x0801302c   0x00000016   Code   RO         4760    i.lcd_pow           lcd.o
    0x08013042   0x08013042   0x00000002   PAD
    0x08013044   0x08013044   0x00000018   Code   RO         4761    i.lcd_rd_data       lcd.o
    0x0801305c   0x0801305c   0x00000098   Code   RO         4762    i.lcd_read_point    lcd.o
    0x080130f4   0x080130f4   0x0000023c   Code   RO         4763    i.lcd_scan_dir      lcd.o
    0x08013330   0x08013330   0x00000120   Code   RO         4764    i.lcd_set_cursor    lcd.o
    0x08013450   0x08013450   0x00000140   Code   RO         4766    i.lcd_show_char     lcd.o
    0x08013590   0x08013590   0x00000098   Code   RO         4767    i.lcd_show_num      lcd.o
    0x08013628   0x08013628   0x0000006a   Code   RO         4768    i.lcd_show_string   lcd.o
    0x08013692   0x08013692   0x00000002   PAD
    0x08013694   0x08013694   0x00000054   Code   RO         4770    i.lcd_ssd_backlight_set  lcd.o
    0x080136e8   0x080136e8   0x00000018   Code   RO         4771    i.lcd_wr_data       lcd.o
    0x08013700   0x08013700   0x00000018   Code   RO         4772    i.lcd_wr_regno      lcd.o
    0x08013718   0x08013718   0x00000014   Code   RO         4773    i.lcd_write_ram_prepare  lcd.o
    0x0801372c   0x0801372c   0x00000010   Code   RO         4774    i.lcd_write_reg     lcd.o
    0x0801373c   0x0801373c   0x00000026   Code   RO         7161    i.ld_clust          ff.o
    0x08013762   0x08013762   0x00000018   Code   RO         7162    i.ld_dword          ff.o
    0x0801377a   0x0801377a   0x00000062   Code   RO         7163    i.ld_qword          ff.o
    0x080137dc   0x080137dc   0x0000000c   Code   RO         7164    i.ld_word           ff.o
    0x080137e8   0x080137e8   0x000000a4   Code   RO         4683    i.led_init          led.o
    0x0801388c   0x0801388c   0x00000040   Code   RO         7165    i.load_obj_xdir     ff.o
    0x080138cc   0x080138cc   0x0000010e   Code   RO         7166    i.load_xdir         ff.o
    0x080139da   0x080139da   0x00000002   PAD
    0x080139dc   0x080139dc   0x00000058   Code   RO           13    i.main              main.o
    0x08013a34   0x08013a34   0x000001cc   Code   RO         6949    i.mcu_load          tjpgd.o
    0x08013c00   0x08013c00   0x0000039c   Code   RO         6950    i.mcu_output        tjpgd.o
    0x08013f9c   0x08013f9c   0x00000020   Code   RO         7680    i.mf_free           fattester.o
    0x08013fbc   0x08013fbc   0x00000040   Code   RO         7683    i.mf_init           fattester.o
    0x08013ffc   0x08013ffc   0x00000474   Code   RO         7167    i.mount_volume      ff.o
    0x08014470   0x08014470   0x00000034   Code   RO         7168    i.move_window       ff.o
    0x080144a4   0x080144a4   0x0000006c   Code   RO         7884    i.my_mem_free       malloc.o
    0x08014510   0x08014510   0x00000030   Code   RO         7885    i.my_mem_init       malloc.o
    0x08014540   0x08014540   0x000000a8   Code   RO         7886    i.my_mem_malloc     malloc.o
    0x080145e8   0x080145e8   0x00000040   Code   RO         7887    i.my_mem_perused    malloc.o
    0x08014628   0x08014628   0x00000014   Code   RO         7888    i.my_mem_set        malloc.o
    0x0801463c   0x0801463c   0x00000024   Code   RO         7889    i.myfree            malloc.o
    0x08014660   0x08014660   0x00000028   Code   RO         7890    i.mymalloc          malloc.o
    0x08014688   0x08014688   0x00000044   Code   RO         5582    i.norflash_erase_sector  norflash.o
    0x080146cc   0x080146cc   0x000000b8   Code   RO         5583    i.norflash_init     norflash.o
    0x08014784   0x08014784   0x00000050   Code   RO         5584    i.norflash_read     norflash.o
    0x080147d4   0x080147d4   0x00000050   Code   RO         5585    i.norflash_read_id  norflash.o
    0x08014824   0x08014824   0x0000005c   Code   RO         5586    i.norflash_read_sr  norflash.o
    0x08014880   0x08014880   0x00000034   Code   RO         5587    i.norflash_send_address  norflash.o
    0x080148b4   0x080148b4   0x00000014   Code   RO         5588    i.norflash_wait_busy  norflash.o
    0x080148c8   0x080148c8   0x000000b8   Code   RO         5589    i.norflash_write    norflash.o
    0x08014980   0x08014980   0x0000002c   Code   RO         5590    i.norflash_write_enable  norflash.o
    0x080149ac   0x080149ac   0x00000046   Code   RO         5591    i.norflash_write_nocheck  norflash.o
    0x080149f2   0x080149f2   0x00000002   PAD
    0x080149f4   0x080149f4   0x00000058   Code   RO         5592    i.norflash_write_page  norflash.o
    0x08014a4c   0x08014a4c   0x00000058   Code   RO         5593    i.norflash_write_sr  norflash.o
    0x08014aa4   0x08014aa4   0x0000005e   Code   RO         6268    i.pic_get_tnum      picall.o
    0x08014b02   0x08014b02   0x00000002   PAD
    0x08014b04   0x08014b04   0x00000490   Code   RO         6269    i.picall            picall.o
    0x08014f94   0x08014f94   0x0000008c   Code   RO         7169    i.pick_lfn          ff.o
    0x08015020   0x08015020   0x0000010c   Code   RO         6857    i.piclib_ai_draw_init  piclib.o
    0x0801512c   0x0801512c   0x000000d0   Code   RO         6858    i.piclib_ai_load_picfile  piclib.o
    0x080151fc   0x080151fc   0x0000002c   Code   RO         6860    i.piclib_fill_color  piclib.o
    0x08015228   0x08015228   0x0000005c   Code   RO         6861    i.piclib_init       piclib.o
    0x08015284   0x08015284   0x00000028   Code   RO         6913    i.piclib_is_element_ok  piclib.o
    0x080152ac   0x080152ac   0x0000000e   Code   RO         6862    i.piclib_mem_free   piclib.o
    0x080152ba   0x080152ba   0x0000000e   Code   RO         6863    i.piclib_mem_malloc  piclib.o
    0x080152c8   0x080152c8   0x00000044   Code   RO         6049    i.post_event        menu.o
    0x0801530c   0x0801530c   0x00000144   Code   RO         7170    i.put_fat           ff.o
    0x08015450   0x08015450   0x00000080   Code   RO         7171    i.put_lfn           ff.o
    0x080154d0   0x080154d0   0x00000042   Code   RO         7172    i.put_utf           ff.o
    0x08015512   0x08015512   0x0000014a   Code   RO         7176    i.remove_chain      ff.o
    0x0801565c   0x0801565c   0x00000088   Code   RO         6951    i.restart           tjpgd.o
    0x080156e4   0x080156e4   0x00000038   Code   RO         5521    i.sd_init           sdio_sdcard.o
    0x0801571c   0x0801571c   0x00000050   Code   RO         5522    i.sd_read_disk      sdio_sdcard.o
    0x0801576c   0x0801576c   0x00000050   Code   RO         5523    i.sd_write_disk     sdio_sdcard.o
    0x080157bc   0x080157bc   0x0000007c   Code   RO         5471    i.spi2_init         spi.o
    0x08015838   0x08015838   0x00000020   Code   RO         5472    i.spi2_read_write_byte  spi.o
    0x08015858   0x08015858   0x00000048   Code   RO         5473    i.spi2_set_speed    spi.o
    0x080158a0   0x080158a0   0x0000004c   Code   RO         8233    i.sqrt              m_ws.l(sqrt.o)
    0x080158ec   0x080158ec   0x0000002c   Code   RO         8241    i.sqrtf             m_ws.l(sqrtf.o)
    0x08015918   0x08015918   0x00000024   Code   RO         7177    i.st_clust          ff.o
    0x0801593c   0x0801593c   0x00000018   Code   RO         7178    i.st_dword          ff.o
    0x08015954   0x08015954   0x0000005c   Code   RO         7179    i.st_qword          ff.o
    0x080159b0   0x080159b0   0x0000000c   Code   RO         7180    i.st_word           ff.o
    0x080159bc   0x080159bc   0x000002dc   Code   RO         6709    i.stdbmp_decode     bmp.o
    0x08015c98   0x08015c98   0x00000072   Code   RO         7181    i.store_xdir        ff.o
    0x08015d0a   0x08015d0a   0x00000020   Code   RO         7182    i.sum_sfn           ff.o
    0x08015d2a   0x08015d2a   0x00000002   PAD
    0x08015d2c   0x08015d2c   0x0000008c   Code   RO         7183    i.sync_fs           ff.o
    0x08015db8   0x08015db8   0x0000004a   Code   RO         7184    i.sync_window       ff.o
    0x08015e02   0x08015e02   0x00000066   Code   RO          407    i.sys_stm32_clock_init  sys.o
    0x08015e68   0x08015e68   0x0000004c   Code   RO         7185    i.tchar2uni         ff.o
    0x08015eb4   0x08015eb4   0x000000e0   Code   RO         8012    i.text_get_hz_mat   text.o
    0x08015f94   0x08015f94   0x000000e0   Code   RO         8013    i.text_show_font    text.o
    0x08016074   0x08016074   0x000000c6   Code   RO         8014    i.text_show_string  text.o
    0x0801613a   0x0801613a   0x00000002   PAD
    0x0801613c   0x0801613c   0x000003f0   Code   RO         5309    i.tp_adjust         touch.o
    0x0801652c   0x0801652c   0x00000148   Code   RO         5310    i.tp_adjust_info_show  touch.o
    0x08016674   0x08016674   0x00000076   Code   RO         5312    i.tp_draw_touch_point  touch.o
    0x080166ea   0x080166ea   0x00000002   PAD
    0x080166ec   0x080166ec   0x00000028   Code   RO         5313    i.tp_get_adjust_data  touch.o
    0x08016714   0x08016714   0x00000234   Code   RO         5314    i.tp_init           touch.o
    0x08016948   0x08016948   0x000000d8   Code   RO         5315    i.tp_read_ad        touch.o
    0x08016a20   0x08016a20   0x00000078   Code   RO         5316    i.tp_read_xoy       touch.o
    0x08016a98   0x08016a98   0x00000044   Code   RO         5317    i.tp_read_xy        touch.o
    0x08016adc   0x08016adc   0x000000b0   Code   RO         5318    i.tp_read_xy2       touch.o
    0x08016b8c   0x08016b8c   0x0000001c   Code   RO         5319    i.tp_save_adjust_data  touch.o
    0x08016ba8   0x08016ba8   0x00000130   Code   RO         5320    i.tp_scan           touch.o
    0x08016cd8   0x08016cd8   0x00000068   Code   RO         5321    i.tp_write_byte     touch.o
    0x08016d40   0x08016d40   0x0000006c   Code   RO         6050    i.update_cursor_indicator  menu.o
    0x08016dac   0x08016dac   0x00000164   Code   RO         6051    i.update_display    menu.o
    0x08016f10   0x08016f10   0x00000038   Code   RO          525    i.usart_init        usart.o
    0x08016f48   0x08016f48   0x00000128   Code   RO         6176    i.usart_send_string  hand_control.o
    0x08017070   0x08017070   0x0000003c   Code   RO         7186    i.validate          ff.o
    0x080170ac   0x080170ac   0x0000003a   Code   RO         7187    i.xdir_sum          ff.o
    0x080170e6   0x080170e6   0x0000004c   Code   RO         7188    i.xname_sum         ff.o
    0x08017132   0x08017132   0x00000002   PAD
    0x08017134   0x08017134   0x0000002c   Code   RO         8378    locale$$code        c_w.l(lc_numeric_c.o)
    0x08017160   0x08017160   0x0000002c   Code   RO         8391    locale$$code        c_w.l(lc_ctype_c.o)
    0x0801718c   0x0801718c   0x00000062   Code   RO         8156    x$fpl$d2f           fz_ws.l(d2f.o)
    0x080171ee   0x080171ee   0x00000018   Code   RO         8282    x$fpl$dcmpinf       fz_ws.l(dcmpi.o)
    0x08017206   0x08017206   0x00000002   PAD
    0x08017208   0x08017208   0x000002b0   Code   RO         8165    x$fpl$ddiv          fz_ws.l(ddiv.o)
    0x080174b8   0x080174b8   0x0000005e   Code   RO         8168    x$fpl$dfix          fz_ws.l(dfix.o)
    0x08017516   0x08017516   0x00000002   PAD
    0x08017518   0x08017518   0x0000005a   Code   RO         8172    x$fpl$dfixu         fz_ws.l(dfixu.o)
    0x08017572   0x08017572   0x0000002e   Code   RO         8177    x$fpl$dflt          fz_ws.l(dflt_clz.o)
    0x080175a0   0x080175a0   0x00000026   Code   RO         8176    x$fpl$dfltu         fz_ws.l(dflt_clz.o)
    0x080175c6   0x080175c6   0x00000002   PAD
    0x080175c8   0x080175c8   0x00000078   Code   RO         8182    x$fpl$dleqf         fz_ws.l(dleqf.o)
    0x08017640   0x08017640   0x00000154   Code   RO         8184    x$fpl$dmul          fz_ws.l(dmul.o)
    0x08017794   0x08017794   0x0000009c   Code   RO         8284    x$fpl$dnaninf       fz_ws.l(dnaninf.o)
    0x08017830   0x08017830   0x0000000c   Code   RO         8286    x$fpl$dretinf       fz_ws.l(dretinf.o)
    0x0801783c   0x0801783c   0x0000006c   Code   RO         8186    x$fpl$drleqf        fz_ws.l(drleqf.o)
    0x080178a8   0x080178a8   0x000001cc   Code   RO         8288    x$fpl$dsqrt         fz_ws.l(dsqrt_noumaal.o)
    0x08017a74   0x08017a74   0x00000056   Code   RO         8188    x$fpl$f2d           fz_ws.l(f2d.o)
    0x08017aca   0x08017aca   0x00000002   PAD
    0x08017acc   0x08017acc   0x000000c4   Code   RO         8190    x$fpl$fadd          fz_ws.l(faddsub_clz.o)
    0x08017b90   0x08017b90   0x0000000c   Code   RO         8450    x$fpl$fcheck1       fz_ws.l(fcheck1.o)
    0x08017b9c   0x08017b9c   0x00000018   Code   RO         8290    x$fpl$fcmpinf       fz_ws.l(fcmpi.o)
    0x08017bb4   0x08017bb4   0x00000184   Code   RO         8197    x$fpl$fdiv          fz_ws.l(fdiv.o)
    0x08017d38   0x08017d38   0x00000068   Code   RO         8200    x$fpl$feqf          fz_ws.l(feqf.o)
    0x08017da0   0x08017da0   0x00000036   Code   RO         8202    x$fpl$ffix          fz_ws.l(ffix.o)
    0x08017dd6   0x08017dd6   0x00000002   PAD
    0x08017dd8   0x08017dd8   0x0000003e   Code   RO         8206    x$fpl$ffixu         fz_ws.l(ffixu.o)
    0x08017e16   0x08017e16   0x00000002   PAD
    0x08017e18   0x08017e18   0x00000030   Code   RO         8211    x$fpl$fflt          fz_ws.l(fflt_clz.o)
    0x08017e48   0x08017e48   0x00000026   Code   RO         8210    x$fpl$ffltu         fz_ws.l(fflt_clz.o)
    0x08017e6e   0x08017e6e   0x00000002   PAD
    0x08017e70   0x08017e70   0x00000068   Code   RO         8216    x$fpl$fleqf         fz_ws.l(fleqf.o)
    0x08017ed8   0x08017ed8   0x00000102   Code   RO         8218    x$fpl$fmul          fz_ws.l(fmul.o)
    0x08017fda   0x08017fda   0x0000008c   Code   RO         8292    x$fpl$fnaninf       fz_ws.l(fnaninf.o)
    0x08018066   0x08018066   0x0000000a   Code   RO         8294    x$fpl$fretinf       fz_ws.l(fretinf.o)
    0x08018070   0x08018070   0x00000062   Code   RO         8220    x$fpl$frleqf        fz_ws.l(frleqf.o)
    0x080180d2   0x080180d2   0x00000014   Code   RO         8191    x$fpl$frsb          fz_ws.l(faddsub_clz.o)
    0x080180e6   0x080180e6   0x00000002   PAD
    0x080180e8   0x080180e8   0x00000110   Code   RO         8296    x$fpl$fsqrt         fz_ws.l(fsqrt.o)
    0x080181f8   0x080181f8   0x000000ea   Code   RO         8192    x$fpl$fsub          fz_ws.l(faddsub_clz.o)
    0x080182e2   0x080182e2   0x00000004   Code   RO         8222    x$fpl$printf1       fz_ws.l(printf1.o)
    0x080182e6   0x080182e6   0x00000064   Code   RO         8464    x$fpl$retnan        fz_ws.l(retnan.o)
    0x0801834a   0x0801834a   0x0000004c   Code   RO         8382    x$fpl$scalbnf       fz_ws.l(scalbnf.o)
    0x08018396   0x08018396   0x00000030   Code   RO         8481    x$fpl$trapveneer    fz_ws.l(trapv.o)
    0x080183c6   0x080183c6   0x00000000   Code   RO         8298    x$fpl$usenofp       fz_ws.l(usenofp.o)
    0x080183c6   0x080183c6   0x00000018   Data   RO          291    .constdata          system_stm32f1xx.o
    0x080183de   0x080183de   0x00002f80   Data   RO         4776    .constdata          lcd.o
    0x0801b35e   0x0801b35e   0x0000000a   Data   RO         5208    .constdata          ft5206.o
    0x0801b368   0x0801b368   0x00000014   Data   RO         5267    .constdata          gt9xxx.o
    0x0801b37c   0x0801b37c   0x00000004   Data   RO         5322    .constdata          touch.o
    0x0801b380   0x0801b380   0x00000014   Data   RO         6053    .constdata          menu.o
    0x0801b394   0x0801b394   0x00000028   Data   RO         6765    .constdata          gif.o
    0x0801b3bc   0x0801b3bc   0x000004c0   Data   RO         6952    .constdata          tjpgd.o
    0x0801b87c   0x0801b87c   0x00000058   Data   RO         7190    .constdata          ff.o
    0x0801b8d4   0x0801b8d4   0x000000c4   Data   RO         7606    .constdata          exfuns.o
    0x0801b998   0x0801b998   0x000002ae   Data   RO         7849    .constdata          myffunicode.o
    0x0801bc46   0x0801bc46   0x00000002   PAD
    0x0801bc48   0x0801bc48   0x00000018   Data   RO         7895    .constdata          malloc.o
    0x0801bc60   0x0801bc60   0x00000020   Data   RO         7968    .constdata          fonts.o
    0x0801bc80   0x0801bc80   0x00000028   Data   RO         8084    .constdata          c_w.l(_printf_hex_int.o)
    0x0801bca8   0x0801bca8   0x00000011   Data   RO         8119    .constdata          c_w.l(__printf_flags_ss_wp.o)
    0x0801bcb9   0x0801bcb9   0x00000003   PAD
    0x0801bcbc   0x0801bcbc   0x00000094   Data   RO         8349    .constdata          c_w.l(bigflt0.o)
    0x0801bd50   0x0801bd50   0x00000162   Data   RO           14    .conststring        main.o
    0x0801beb2   0x0801beb2   0x00000002   PAD
    0x0801beb4   0x0801beb4   0x00000079   Data   RO         5323    .conststring        touch.o
    0x0801bf2d   0x0801bf2d   0x00000003   PAD
    0x0801bf30   0x0801bf30   0x00000050   Data   RO         7607    .conststring        exfuns.o
    0x0801bf80   0x0801bf80   0x000000af   Data   RO         7969    .conststring        fonts.o
    0x0801c02f   0x0801c02f   0x00000001   PAD
    0x0801c030   0x0801c030   0x00000020   Data   RO         8526    Region$$Table       anon$$obj.o
    0x0801c050   0x0801c050   0x0000001c   Data   RO         8377    locale$$data        c_w.l(lc_numeric_c.o)
    0x0801c06c   0x0801c06c   0x00000110   Data   RO         8390    locale$$data        c_w.l(lc_ctype_c.o)


    Execution Region RW_IRAM1 (Exec base: 0x20000000, Load base: 0x0801c17c, Size: 0x0000de48, Max: 0x00010000, ABSOLUTE, COMPRESSED[0x00000158])

    Exec Addr    Load Addr    Size         Type   Attr      Idx    E Section Name        Object

    0x20000000   COMPRESSED   0x00000258   Data   RW           15    .data               main.o
    0x20000258   COMPRESSED   0x00000004   Data   RW          292    .data               system_stm32f1xx.o
    0x2000025c   COMPRESSED   0x00000004   Data   RW          478    .data               delay.o
    0x20000260   COMPRESSED   0x00000007   Data   RW          527    .data               usart.o
    0x20000267   COMPRESSED   0x00000001   PAD
    0x20000268   COMPRESSED   0x00000009   Data   RW          620    .data               stm32f1xx_hal.o
    0x20000271   COMPRESSED   0x00000001   Data   RW         4709    .data               key.o
    0x20000272   COMPRESSED   0x00000002   PAD
    0x20000274   COMPRESSED   0x00000008   Data   RW         4777    .data               lcd.o
    0x2000027c   COMPRESSED   0x00000001   Data   RW         5209    .data               ft5206.o
    0x2000027d   COMPRESSED   0x00000002   Data   RW         5268    .data               gt9xxx.o
    0x2000027f   COMPRESSED   0x00000001   PAD
    0x20000280   COMPRESSED   0x00000048   Data   RW         5324    .data               touch.o
    0x200002c8   COMPRESSED   0x00000002   Data   RW         5595    .data               norflash.o
    0x200002ca   COMPRESSED   0x0000000a   Data   RW         5697    .data               nrf24l01.o
    0x200002d4   COMPRESSED   0x00000009   Data   RW         5939    .data               joystick.o
    0x200002dd   COMPRESSED   0x00000003   PAD
    0x200002e0   COMPRESSED   0x00000035   Data   RW         6054    .data               menu.o
    0x20000315   COMPRESSED   0x00000001   Data   RW         6133    .data               relay.o
    0x20000316   COMPRESSED   0x00000002   PAD
    0x20000318   COMPRESSED   0x00000018   Data   RW         6219    .data               vdraw.o
    0x20000330   COMPRESSED   0x00000013   Data   RW         6364    .data               wireless.o
    0x20000343   COMPRESSED   0x00000001   PAD
    0x20000344   COMPRESSED   0x00000048   Data   RW         6624    .data               mpu_pid.o
    0x2000038c   COMPRESSED   0x00000001   Data   RW         6766    .data               gif.o
    0x2000038d   COMPRESSED   0x00000003   PAD
    0x20000390   COMPRESSED   0x0000000c   Data   RW         6953    .data               tjpgd.o
    0x2000039c   COMPRESSED   0x0000000a   Data   RW         7191    .data               ff.o
    0x200003a6   COMPRESSED   0x00000002   PAD
    0x200003a8   COMPRESSED   0x00000008   Data   RW         7608    .data               exfuns.o
    0x200003b0   COMPRESSED   0x0000001c   Data   RW         7896    .data               malloc.o
    0x200003cc        -       0x0000010c   Zero   RW          526    .bss                usart.o
    0x200004d8        -       0x00000056   Zero   RW         4775    .bss                lcd.o
    0x2000052e   COMPRESSED   0x00000002   PAD
    0x20000530        -       0x00000058   Zero   RW         5474    .bss                spi.o
    0x20000588        -       0x000002a4   Zero   RW         5524    .bss                sdio_sdcard.o
    0x2000082c        -       0x00001000   Zero   RW         5594    .bss                norflash.o
    0x2000182c        -       0x00000030   Zero   RW         5938    .bss                joystick.o
    0x2000185c        -       0x00000048   Zero   RW         6006    .bss                servo.o
    0x200018a4        -       0x000000d2   Zero   RW         6052    .bss                menu.o
    0x20001976   COMPRESSED   0x00000002   PAD
    0x20001978        -       0x00000044   Zero   RW         6177    .bss                hand_control.o
    0x200019bc        -       0x00000048   Zero   RW         6218    .bss                vdraw.o
    0x20001a04        -       0x00000018   Zero   RW         6363    .bss                wireless.o
    0x20001a1c        -       0x000011ac   Zero   RW         6623    .bss                mpu_pid.o
    0x20002bc8        -       0x0000003c   Zero   RW         6864    .bss                piclib.o
    0x20002c04   COMPRESSED   0x00000004   PAD
    0x20002c08        -       0x00000180   Zero   RW         7701    .bss                fattester.o
    0x20002d88   COMPRESSED   0x00000038   PAD
    0x20002dc0        -       0x0000aa00   Zero   RW         7894    .bss                malloc.o
    0x2000d7c0        -       0x00000021   Zero   RW         7967    .bss                fonts.o
    0x2000d7e1   COMPRESSED   0x00000003   PAD
    0x2000d7e4        -       0x00000060   Zero   RW         8316    .bss                c_w.l(libspace.o)
    0x2000d844   COMPRESSED   0x00000004   PAD
    0x2000d848        -       0x00000200   Zero   RW            2    HEAP                startup_stm32f103xe.o
    0x2000da48        -       0x00000400   Zero   RW            1    STACK               startup_stm32f103xe.o



  Load Region LR$$.ARM.__AT_0x68000000 (Base: 0x68000000, Size: 0x00000000, Max: 0x000f0c00, ABSOLUTE)

    Execution Region ER$$.ARM.__AT_0x68000000 (Exec base: 0x68000000, Load base: 0x68000000, Size: 0x000f0c00, Max: 0x000f0c00, ABSOLUTE, UNINIT)

    Exec Addr    Load Addr    Size         Type   Attr      Idx    E Section Name        Object

    0x68000000        -       0x000f0c00   Zero   RW         7892    .ARM.__AT_0x68000000  malloc.o



  Load Region LR$$.ARM.__AT_0x680F0C00 (Base: 0x680f0c00, Size: 0x00000000, Max: 0x0000f0c0, ABSOLUTE)

    Execution Region ER$$.ARM.__AT_0x680F0C00 (Exec base: 0x680f0c00, Load base: 0x680f0c00, Size: 0x0000f0c0, Max: 0x0000f0c0, ABSOLUTE, UNINIT)

    Exec Addr    Load Addr    Size         Type   Attr      Idx    E Section Name        Object

    0x680f0c00        -       0x0000f0c0   Zero   RW         7893    .ARM.__AT_0x680F0C00  malloc.o


==============================================================================

Image component sizes


      Code (inc. data)   RO Data    RW Data    ZI Data      Debug   Object Name

       236          0          0          0          0       3671   24cxx.o
       732          8          0          0          0       3692   bmp.o
       770         80          0          0          0       5810   ctiic.o
       114         10          0          4          0       2663   delay.o
       482          4          0          0          0       5622   diskio.o
       286         10        276          8          0       3396   exfuns.o
        96         12          0          0        384       2020   fattester.o
     12704        110         88         10          0      79641   ff.o
        32          0          0          0          0       1749   ffsystem.o
      1076         54        207          0         33       5718   fonts.o
       910         38         10          1          0       4569   ft5206.o
      3734         24         40          1          0      15748   gif.o
      1318         72         20          2          0       4351   gt9xxx.o
       920        138          0          0         68       2404   hand_control.o
       550         40          0          0          0       5983   iic.o
      2518        312          0          9         48       8013   joystick.o
       316         26          0          1          0       1814   key.o
     14658        188      12160          8         86      33693   lcd.o
       164         12          0          0          0       1043   led.o
        88          4        354        600          0     546883   main.o
       484         54         24         28    1091264       6859   malloc.o
      2008        202         20         53        210      10088   menu.o
       672          0          0          0          0       7323   mpu6050.o
      3810        492          0         72       4524      11934   mpu_pid.o
       444         32        686          0          0       3108   myffunicode.o
       714         42          0          0          0       5686   myiic.o
      1050         54          0          2       4096       9004   norflash.o
       956         64          0         10          0     449524   nrf24l01.o
      1262        238          0          0          0       6673   picall.o
       680         56          0          0         60       6812   piclib.o
       608        128          0          1          0       3375   relay.o
       580         44          0          0        676       4844   sdio_sdcard.o
       812         80          0          0         72       3174   servo.o
       404         34          0          0         88       3179   spi.o
        64         26        304          0       1536        980   startup_stm32f103xe.o
       154         32          0          9          0       6875   stm32f1xx_hal.o
      1702         64          0          0          0       8269   stm32f1xx_hal_adc.o
       304         22          0          0          0      29879   stm32f1xx_hal_cortex.o
       510         10          0          0          0       2091   stm32f1xx_hal_dma.o
       880         40          0          0          0       4272   stm32f1xx_hal_gpio.o
      1784        110          0          0          0       6528   stm32f1xx_hal_rcc.o
       308         32          0          0          0       1557   stm32f1xx_hal_rcc_ex.o
      2458         30          0          0          0       9715   stm32f1xx_hal_sd.o
      1234          6          0          0          0       5631   stm32f1xx_hal_spi.o
       102          0          0          0          0       1328   stm32f1xx_hal_sram.o
      3376        122          0          0          0      25099   stm32f1xx_hal_tim.o
       160         22          0          0          0       2665   stm32f1xx_hal_tim_ex.o
      1844         10          0          0          0      12292   stm32f1xx_hal_uart.o
        32          0          0          0          0       4430   stm32f1xx_it.o
       254         10          0          0          0       4087   stm32f1xx_ll_fsmc.o
      1998         46          0          0          0      23856   stm32f1xx_ll_sdmmc.o
       102          0          0          0          0        771   sys.o
         2          0         24          4          0       1523   system_stm32f1xx.o
       646         10          0          0          0       3816   text.o
      5258        122       1216         12          0      20159   tjpgd.o
      3074        172        125         72          0      12046   touch.o
       440         56          0          7        268       5893   usart.o
      1180        176          0         24         72       4886   vdraw.o
      2714        292          0         19         24       9628   wireless.o

    ----------------------------------------------------------------------
     86864       4072      15594        972    1103576    1478342   Object Totals
         0          0         32          0          0          0   (incl. Generated)
        96          0          8         15         67          0   (incl. Padding)

    ----------------------------------------------------------------------

      Code (inc. data)   RO Data    RW Data    ZI Data      Debug   Library Member Name

        90          0          0          0          0          0   __dczerorl2.o
         8          0          0          0          0         68   __main.o
       392          4         17          0          0         92   __printf_flags_ss_wp.o
        14          0          0          0          0         68   __printf_wp.o
         0          0          0          0          0          0   __rtentry.o
        12          0          0          0          0          0   __rtentry2.o
         6          0          0          0          0          0   __rtentry4.o
        52          8          0          0          0          0   __scatter.o
        28          0          0          0          0          0   __scatter_zi.o
        28          0          0          0          0         68   _chval.o
         6          0          0          0          0          0   _printf_c.o
        44          0          0          0          0        108   _printf_char.o
        48          6          0          0          0         96   _printf_char_common.o
        36          4          0          0          0         80   _printf_char_file.o
         6          0          0          0          0          0   _printf_d.o
       120         16          0          0          0         92   _printf_dec.o
         6          0          0          0          0          0   _printf_f.o
      1054          0          0          0          0        216   _printf_fp_dec.o
       128         16          0          0          0         84   _printf_fp_infnan.o
        88          4         40          0          0         88   _printf_hex_int.o
       178          0          0          0          0         88   _printf_intcommon.o
        78          0          0          0          0        108   _printf_pad.o
         0          0          0          0          0          0   _printf_percent.o
         4          0          0          0          0          0   _printf_percent_end.o
         6          0          0          0          0          0   _printf_s.o
        82          0          0          0          0         80   _printf_str.o
         6          0          0          0          0          0   _printf_x.o
        22          0          0          0          0        100   _rserrno.o
        16          0          0          0          0         68   _snputc.o
        10          0          0          0          0         68   _sputc.o
       158          0          0          0          0         92   _strtoul.o
        16          0          0          0          0         68   aeabi_memset.o
        26          0          0          0          0         80   atoi.o
       228          4        148          0          0         96   bigflt0.o
      1936        128          0          0          0        672   btod.o
        18          0          0          0          0         80   exit.o
         8          0          0          0          0         68   ferror.o
         6          0          0          0          0        152   heapauxi.o
        44         10        272          0          0         76   lc_ctype_c.o
        44         10         28          0          0         76   lc_numeric_c.o
         2          0          0          0          0          0   libinit.o
        30          0          0          0          0          0   libinit2.o
         2          0          0          0          0          0   libshutdown.o
         2          0          0          0          0          0   libshutdown2.o
         8          4          0          0         96         68   libspace.o
        72          0          0          0          0         76   llsdiv.o
       138          0          0          0          0         80   lludiv10.o
       238          0          0          0          0        100   lludivv7m.o
        88          0          0          0          0         76   memcmp.o
        24          4          0          0          0         84   noretval__2printf.o
        52          4          0          0          0         84   noretval__2snprintf.o
        40          6          0          0          0         84   noretval__2sprintf.o
        16          4          0          0          0         76   rt_ctype_table.o
         8          4          0          0          0         68   rt_errno_addr_intlibspace.o
         8          4          0          0          0         68   rt_locale_intlibspace.o
        68          0          0          0          0         68   rt_memclr.o
        78          0          0          0          0         80   rt_memclr_w.o
       138          0          0          0          0         68   rt_memcpy_v6.o
       100          0          0          0          0         80   rt_memcpy_w.o
         2          0          0          0          0          0   rtexit.o
        10          0          0          0          0          0   rtexit2.o
        24          0          0          0          0         68   strcat.o
        20          0          0          0          0         68   strchr.o
       128          0          0          0          0         68   strcmpv7m.o
        72          0          0          0          0         80   strcpy.o
       112          0          0          0          0         88   strtol.o
        74          0          0          0          0         80   sys_stackheap_outer.o
         2          0          0          0          0         68   use_no_semi.o
         2          0          0          0          0         68   use_no_semi_2.o
        98          4          0          0          0         92   d2f.o
        24          0          0          0          0         68   dcmpi.o
       688        140          0          0          0        208   ddiv.o
        94          4          0          0          0         92   dfix.o
        90          4          0          0          0         92   dfixu.o
        84          0          0          0          0        136   dflt_clz.o
       120          4          0          0          0         92   dleqf.o
       340         12          0          0          0        104   dmul.o
       156          4          0          0          0         92   dnaninf.o
        12          0          0          0          0         68   dretinf.o
       108          0          0          0          0         80   drleqf.o
       460         56          0          0          0        120   dsqrt_noumaal.o
        86          4          0          0          0         84   f2d.o
       450          8          0          0          0        236   faddsub_clz.o
        12          4          0          0          0         68   fcheck1.o
        24          0          0          0          0         68   fcmpi.o
       388         76          0          0          0         96   fdiv.o
       104          4          0          0          0         84   feqf.o
        54          4          0          0          0         84   ffix.o
        62          4          0          0          0         84   ffixu.o
        86          0          0          0          0        136   fflt_clz.o
       104          4          0          0          0         84   fleqf.o
       258          4          0          0          0         84   fmul.o
       140          4          0          0          0         84   fnaninf.o
        10          0          0          0          0         68   fretinf.o
        98          0          0          0          0         68   frleqf.o
       272        100          0          0          0         88   fsqrt.o
         4          0          0          0          0         68   printf1.o
       100          0          0          0          0         68   retnan.o
        76          0          0          0          0         68   scalbnf.o
        48          0          0          0          0         68   trapv.o
         0          0          0          0          0          0   usenofp.o
       604         76          0          0          0        116   atan2f.o
        40          0          0          0          0         68   fpclassify.o
        38          0          0          0          0         68   fpclassifyf.o
        14          0          0          0          0        136   funder.o
        76          0          0          0          0         84   sqrt.o
        44          0          0          0          0         80   sqrtf.o

    ----------------------------------------------------------------------
     12102        760        508          0        100       8264   Library Totals
        26          0          3          0          4          0   (incl. Padding)

    ----------------------------------------------------------------------

      Code (inc. data)   RO Data    RW Data    ZI Data      Debug   Library Name

      6610        240        505          0         96       4780   c_w.l
      4650        444          0          0          0       2932   fz_ws.l
       816         76          0          0          0        552   m_ws.l

    ----------------------------------------------------------------------
     12102        760        508          0        100       8264   Library Totals

    ----------------------------------------------------------------------

==============================================================================


      Code (inc. data)   RO Data    RW Data    ZI Data      Debug   

     98966       4832      16102        972    1103676    1457274   Grand Totals
     98966       4832      16102        344    1103676    1457274   ELF Image Totals (compressed)
     98966       4832      16102        344          0          0   ROM Totals

==============================================================================

    Total RO  Size (Code + RO Data)               115068 ( 112.37kB)
    Total RW  Size (RW Data + ZI Data)           1104648 (1078.76kB)
    Total ROM Size (Code + RO Data + RW Data)     115412 ( 112.71kB)

==============================================================================

