Component: ARM Compiler 5.06 update 6 (build 750) Tool: armlink [4d35ed]

==============================================================================

Section Cross References

    startup_stm32f103xe.o(STACK) refers (Special) to heapauxi.o(.text) for __use_two_region_memory
    startup_stm32f103xe.o(HEAP) refers (Special) to heapauxi.o(.text) for __use_two_region_memory
    startup_stm32f103xe.o(RESET) refers (Special) to heapauxi.o(.text) for __use_two_region_memory
    startup_stm32f103xe.o(RESET) refers to startup_stm32f103xe.o(STACK) for __initial_sp
    startup_stm32f103xe.o(RESET) refers to startup_stm32f103xe.o(.text) for Reset_Handler
    startup_stm32f103xe.o(RESET) refers to stm32f1xx_it.o(i.NMI_Handler) for NMI_Handler
    startup_stm32f103xe.o(RESET) refers to stm32f1xx_it.o(i.HardFault_Handler) for HardFault_Handler
    startup_stm32f103xe.o(RESET) refers to stm32f1xx_it.o(i.MemManage_Handler) for MemManage_Handler
    startup_stm32f103xe.o(RESET) refers to stm32f1xx_it.o(i.BusFault_Handler) for BusFault_Handler
    startup_stm32f103xe.o(RESET) refers to stm32f1xx_it.o(i.UsageFault_Handler) for UsageFault_Handler
    startup_stm32f103xe.o(RESET) refers to stm32f1xx_it.o(i.SVC_Handler) for SVC_Handler
    startup_stm32f103xe.o(RESET) refers to stm32f1xx_it.o(i.DebugMon_Handler) for DebugMon_Handler
    startup_stm32f103xe.o(RESET) refers to stm32f1xx_it.o(i.PendSV_Handler) for PendSV_Handler
    startup_stm32f103xe.o(RESET) refers to stm32f1xx_it.o(i.SysTick_Handler) for SysTick_Handler
    startup_stm32f103xe.o(RESET) refers to vdraw.o(i.TIM2_IRQHandler) for TIM2_IRQHandler
    startup_stm32f103xe.o(RESET) refers to usart.o(i.USART1_IRQHandler) for USART1_IRQHandler
    startup_stm32f103xe.o(.text) refers (Special) to heapauxi.o(.text) for __use_two_region_memory
    startup_stm32f103xe.o(.text) refers to system_stm32f1xx.o(i.SystemInit) for SystemInit
    startup_stm32f103xe.o(.text) refers to __main.o(!!!main) for __main
    startup_stm32f103xe.o(.text) refers to startup_stm32f103xe.o(HEAP) for Heap_Mem
    startup_stm32f103xe.o(.text) refers to startup_stm32f103xe.o(STACK) for Stack_Mem
    main.o(i.main) refers to stm32f1xx_hal.o(i.HAL_Init) for HAL_Init
    main.o(i.main) refers to sys.o(i.sys_stm32_clock_init) for sys_stm32_clock_init
    main.o(i.main) refers to delay.o(i.delay_init) for delay_init
    main.o(i.main) refers to usart.o(i.usart_init) for usart_init
    main.o(i.main) refers to led.o(i.led_init) for led_init
    main.o(i.main) refers to key.o(i.key_init) for key_init
    main.o(i.main) refers to lcd.o(i.lcd_init) for lcd_init
    main.o(i.main) refers to joystick.o(i.Joystick_Init) for Joystick_Init
    main.o(i.main) refers to resource.o(i.resource_init) for resource_init
    main.o(i.main) refers to module.o(i.module_mgr_init) for module_mgr_init
    main.o(i.main) refers to main.o(i.menu_init_all) for menu_init_all
    main.o(i.main) refers to menu.o(i.init_keyboard_layout) for init_keyboard_layout
    main.o(i.main) refers to menu.o(i.update_display) for update_display
    main.o(i.main) refers to module.o(i.module_get_current) for module_get_current
    main.o(i.main) refers to module.o(i.module_run_tick) for module_run_tick
    main.o(i.main) refers to menu.o(i.update_display_force_kbd) for update_display_force_kbd
    main.o(i.main) refers to menu.o(i.Key_Scan) for Key_Scan
    main.o(i.main) refers to menu.o(i.get_next_event) for get_next_event
    main.o(i.main) refers to menu.o(i.handle_event) for handle_event
    main.o(i.main) refers to delay.o(i.HAL_Delay) for HAL_Delay
    main.o(i.main) refers to touch.o(.data) for tp_dev
    main.o(i.main) refers to menu.o(.data) for current_state
    main.o(i.menu_init_all) refers to menu.o(i.menu_register) for menu_register
    main.o(i.menu_init_all) refers to main.o(.constdata) for menu_main
    main.o(.constdata) refers to main.o(.conststring) for .conststring
    main.o(.constdata) refers to servo.o(.constdata) for servo_module
    main.o(.constdata) refers to relay.o(.constdata) for relay_module
    main.o(.constdata) refers to vdraw.o(.constdata) for vdraw_module
    main.o(.constdata) refers to wireless.o(.constdata) for wireless_module
    main.o(.constdata) refers to hand_control.o(.constdata) for hand_control_module
    main.o(.constdata) refers to mpu_pid.o(.constdata) for mpu_pid_module
    main.o(.constdata) refers to joystick_module.o(.constdata) for joystick_module
    main.o(.constdata) refers to usart_ui.o(.constdata) for usart_ui_module
    main.o(.constdata) refers to picall.o(.constdata) for picall_module
    main.o(.constdata) refers to oscilloscope.o(.constdata) for oscilloscope_module
    main.o(.constdata) refers to bus_servo.o(.constdata) for bus_servo_module
    system_stm32f1xx.o(i.SystemCoreClockUpdate) refers to system_stm32f1xx.o(.data) for SystemCoreClock
    system_stm32f1xx.o(i.SystemCoreClockUpdate) refers to system_stm32f1xx.o(.constdata) for AHBPrescTable
[...]
    0x08000c46   0x08000c46   0x0000041e   Code   RO         9163    .text               c_w.l(_printf_fp_dec.o)
    0x08001064   0x08001064   0x00000030   Code   RO         9165    .text               c_w.l(_printf_char_common.o)
    0x08001094   0x08001094   0x0000000a   Code   RO         9167    .text               c_w.l(_sputc.o)
    0x0800109e   0x0800109e   0x00000010   Code   RO         9169    .text               c_w.l(_snputc.o)
    0x080010ae   0x080010ae   0x0000002c   Code   RO         9171    .text               c_w.l(_printf_char.o)
    0x080010da   0x080010da   0x00000002   PAD
    0x080010dc   0x080010dc   0x00000024   Code   RO         9173    .text               c_w.l(_printf_char_file.o)
    0x08001100   0x08001100   0x00000070   Code   RO         9177    .text               c_w.l(strtol.o)
    0x08001170   0x08001170   0x0000007a   Code   RO         9179    .text               c_w.l(rt_memmove_w.o)
    0x080011ea   0x080011ea   0x00000002   PAD
    0x080011ec   0x080011ec   0x00000008   Code   RO         9214    .text               c_w.l(libspace.o)
    0x080011f4   0x080011f4   0x00000010   Code   RO         9232    .text               c_w.l(rt_ctype_table.o)
    0x08001204   0x08001204   0x00000008   Code   RO         9239    .text               c_w.l(rt_locale_intlibspace.o)
    0x0800120c   0x0800120c   0x00000080   Code   RO         9241    .text               c_w.l(_printf_fp_infnan.o)
    0x0800128c   0x0800128c   0x0000009e   Code   RO         9245    .text               c_w.l(_strtoul.o)
    0x0800132a   0x0800132a   0x00000002   PAD
    0x0800132c   0x0800132c   0x000000e4   Code   RO         9247    .text               c_w.l(bigflt0.o)
    0x08001410   0x08001410   0x00000008   Code   RO         9272    .text               c_w.l(ferror.o)
    0x08001418   0x08001418   0x0000004a   Code   RO         9285    .text               c_w.l(sys_stackheap_outer.o)
    0x08001462   0x08001462   0x0000001c   Code   RO         9287    .text               c_w.l(_chval.o)
    0x0800147e   0x0800147e   0x00000012   Code   RO         9292    .text               c_w.l(exit.o)
    0x08001490   0x08001490   0x0000003e   Code   RO         9250    CL$$btod_d2e        c_w.l(btod.o)
    0x080014ce   0x080014ce   0x00000046   Code   RO         9252    CL$$btod_d2e_denorm_low  c_w.l(btod.o)
    0x08001514   0x08001514   0x00000060   Code   RO         9251    CL$$btod_d2e_norm_op1  c_w.l(btod.o)
    0x08001574   0x08001574   0x00000338   Code   RO         9260    CL$$btod_div_common  c_w.l(btod.o)
    0x080018ac   0x080018ac   0x000000dc   Code   RO         9257    CL$$btod_e2e        c_w.l(btod.o)
    0x08001988   0x08001988   0x0000002a   Code   RO         9254    CL$$btod_ediv       c_w.l(btod.o)
    0x080019b2   0x080019b2   0x0000002a   Code   RO         9253    CL$$btod_emul       c_w.l(btod.o)
    0x080019dc   0x080019dc   0x00000244   Code   RO         9259    CL$$btod_mult_common  c_w.l(btod.o)
    0x08001c20   0x08001c20   0x0000005c   Code   RO         4630    i.ADC_ConversionStop_Disable  stm32f1xx_hal_adc.o
    0x08001c7c   0x08001c7c   0x00000090   Code   RO         4634    i.ADC_Enable        stm32f1xx_hal_adc.o
    0x08001d0c   0x08001d0c   0x00000044   Code   RO         6279    i.ADC_ReadChannel   joystick.o
    0x08001d50   0x08001d50   0x00000004   Code   RO          511    i.BusFault_Handler  stm32f1xx_it.o
    0x08001d54   0x08001d54   0x000000bc   Code   RO         6890    i.BusServo_USART_Init  bus_servo.o
    0x08001e10   0x08001e10   0x00000026   Code   RO         6984    i.CalcChecksum      wireless.o
    0x08001e36   0x08001e36   0x00000002   Code   RO          512    i.DebugMon_Handler  stm32f1xx_it.o
    0x08001e38   0x08001e38   0x00000218   Code   RO         7404    i.DisplayValues     joystick_module.o
    0x08002050   0x08002050   0x00000080   Code   RO         7342    i.DrawBaudInfo      usart_ui.o
    0x080020d0   0x080020d0   0x00000138   Code   RO         7343    i.DrawInterface     usart_ui.o
    0x08002208   0x08002208   0x000001ac   Code   RO         7405    i.DrawLayout        joystick_module.o
    0x080023b4   0x080023b4   0x000001b8   Code   RO         6985    i.Draw_Control_Areas  wireless.o
    0x0800256c   0x0800256c   0x000001b4   Code   RO         7242    i.Draw_Graph_Layout  mpu_pid.o
    0x08002720   0x08002720   0x000001d0   Code   RO         6645    i.Draw_PWM_Waveform  vdraw.o
    0x080028f0   0x080028f0   0x00000044   Code   RO         1928    i.FSMC_NORSRAM_Extended_Timing_Init  stm32f1xx_ll_fsmc.o
    0x08002934   0x08002934   0x00000078   Code   RO         1929    i.FSMC_NORSRAM_Init  stm32f1xx_ll_fsmc.o
    0x080029ac   0x080029ac   0x00000042   Code   RO         1930    i.FSMC_NORSRAM_Timing_Init  stm32f1xx_ll_fsmc.o
    0x080029ee   0x080029ee   0x00000002   PAD
    0x080029f0   0x080029f0   0x00000120   Code   RO         7243    i.Get_MPU_Angle     mpu_pid.o
    0x08002b10   0x08002b10   0x00000118   Code   RO         4810    i.HAL_ADCEx_Calibration_Start  stm32f1xx_hal_adc_ex.o
    0x08002c28   0x08002c28   0x00000160   Code   RO         4636    i.HAL_ADC_ConfigChannel  stm32f1xx_hal_adc.o
    0x08002d88   0x08002d88   0x00000008   Code   RO         4643    i.HAL_ADC_GetValue  stm32f1xx_hal_adc.o
    0x08002d90   0x08002d90   0x00000160   Code   RO         4645    i.HAL_ADC_Init      stm32f1xx_hal_adc.o
    0x08002ef0   0x08002ef0   0x00000002   Code   RO         4648    i.HAL_ADC_MspInit   stm32f1xx_hal_adc.o
    0x08002ef2   0x08002ef2   0x00000002   PAD
    0x08002ef4   0x08002ef4   0x00000180   Code   RO         4649    i.HAL_ADC_PollForConversion  stm32f1xx_hal_adc.o
    0x08003074   0x08003074   0x00000130   Code   RO         4651    i.HAL_ADC_Start     stm32f1xx_hal_adc.o
    0x080031a4   0x080031a4   0x00000040   Code   RO         4654    i.HAL_ADC_Stop      stm32f1xx_hal_adc.o
    0x080031e4   0x080031e4   0x00000056   Code   RO         1115    i.HAL_DMA_Abort     stm32f1xx_hal_dma.o
    0x0800323a   0x0800323a   0x00000002   PAD
    0x0800323c   0x0800323c   0x000001a8   Code   RO         1116    i.HAL_DMA_Abort_IT  stm32f1xx_hal_dma.o
    0x080033e4   0x080033e4   0x0000000c   Code   RO          670    i.HAL_Delay         delay.o
    0x080033f0   0x080033f0   0x00000340   Code   RO         1212    i.HAL_GPIO_Init     stm32f1xx_hal_gpio.o
    0x08003730   0x08003730   0x00000010   Code   RO         1214    i.HAL_GPIO_ReadPin  stm32f1xx_hal_gpio.o
    0x08003740   0x08003740   0x00000014   Code   RO         1215    i.HAL_GPIO_TogglePin  stm32f1xx_hal_gpio.o
    0x08003754   0x08003754   0x0000000c   Code   RO         1216    i.HAL_GPIO_WritePin  stm32f1xx_hal_gpio.o
    0x08003760   0x08003760   0x0000000c   Code   RO          829    i.HAL_GetTick       stm32f1xx_hal.o
    0x0800376c   0x0800376c   0x00000018   Code   RO          835    i.HAL_IncTick       stm32f1xx_hal.o
    0x08003784   0x08003784   0x00000028   Code   RO          836    i.HAL_Init          stm32f1xx_hal.o
    0x080037ac   0x080037ac   0x0000004c   Code   RO          837    i.HAL_InitTick      stm32f1xx_hal.o
    0x080037f8   0x080037f8   0x00000002   Code   RO          839    i.HAL_MspInit       stm32f1xx_hal.o
    0x080037fa   0x080037fa   0x00000002   PAD
    0x080037fc   0x080037fc   0x00000044   Code   RO          993    i.HAL_NVIC_DisableIRQ  stm32f1xx_hal_cortex.o
    0x08003840   0x08003840   0x00000020   Code   RO          994    i.HAL_NVIC_EnableIRQ  stm32f1xx_hal_cortex.o
    0x08003860   0x08003860   0x0000007c   Code   RO         1000    i.HAL_NVIC_SetPriority  stm32f1xx_hal_cortex.o
    0x080038dc   0x080038dc   0x00000028   Code   RO         1001    i.HAL_NVIC_SetPriorityGrouping  stm32f1xx_hal_cortex.o
    0x08003904   0x08003904   0x00000134   Code   RO         1383    i.HAL_RCCEx_GetPeriphCLKFreq  stm32f1xx_hal_rcc_ex.o
    0x08003a38   0x08003a38   0x0000018c   Code   RO         1276    i.HAL_RCC_ClockConfig  stm32f1xx_hal_rcc.o
    0x08003bc4   0x08003bc4   0x0000000c   Code   RO         1281    i.HAL_RCC_GetHCLKFreq  stm32f1xx_hal_rcc.o
    0x08003bd0   0x08003bd0   0x00000020   Code   RO         1283    i.HAL_RCC_GetPCLK1Freq  stm32f1xx_hal_rcc.o
    0x08003bf0   0x08003bf0   0x00000020   Code   RO         1284    i.HAL_RCC_GetPCLK2Freq  stm32f1xx_hal_rcc.o
    0x08003c10   0x08003c10   0x00000094   Code   RO         1285    i.HAL_RCC_GetSysClockFreq  stm32f1xx_hal_rcc.o
    0x08003ca4   0x08003ca4   0x00000464   Code   RO         1288    i.HAL_RCC_OscConfig  stm32f1xx_hal_rcc.o
    0x08004108   0x08004108   0x000001c8   Code   RO         3320    i.HAL_SD_GetCardCSD  stm32f1xx_hal_sd.o
    0x080042d0   0x080042d0   0x00000024   Code   RO         3322    i.HAL_SD_GetCardState  stm32f1xx_hal_sd.o
    0x080042f4   0x080042f4   0x0000003c   Code   RO         3327    i.HAL_SD_Init       stm32f1xx_hal_sd.o
    0x08004330   0x08004330   0x000000ac   Code   RO         3328    i.HAL_SD_InitCard   stm32f1xx_hal_sd.o
    0x080043dc   0x080043dc   0x00000154   Code   RO         5868    i.HAL_SD_MspInit    sdio_sdcard.o
    0x08004530   0x08004530   0x00000298   Code   RO         3331    i.HAL_SD_ReadBlocks  stm32f1xx_hal_sd.o
    0x080047c8   0x080047c8   0x00000230   Code   RO         3336    i.HAL_SD_WriteBlocks  stm32f1xx_hal_sd.o
    0x080049f8   0x080049f8   0x000000d4   Code   RO         3821    i.HAL_SPI_Init      stm32f1xx_hal_spi.o
    0x08004acc   0x08004acc   0x000000b0   Code   RO         5820    i.HAL_SPI_MspInit   spi.o
    0x08004b7c   0x08004b7c   0x000002f8   Code   RO         3830    i.HAL_SPI_TransmitReceive  stm32f1xx_hal_spi.o
    0x08004e74   0x08004e74   0x00000066   Code   RO         1789    i.HAL_SRAM_Init     stm32f1xx_hal_sram.o
    0x08004eda   0x08004eda   0x00000002   PAD
    0x08004edc   0x08004edc   0x00000090   Code   RO         4967    i.HAL_SRAM_MspInit  lcd.o
    0x08004f6c   0x08004f6c   0x00000034   Code   RO         1005    i.HAL_SYSTICK_Config  stm32f1xx_hal_cortex.o
    0x08004fa0   0x08004fa0   0x00000002   Code   RO         2763    i.HAL_TIMEx_BreakCallback  stm32f1xx_hal_tim_ex.o
    0x08004fa2   0x08004fa2   0x00000002   Code   RO         2764    i.HAL_TIMEx_CommutCallback  stm32f1xx_hal_tim_ex.o
    0x08004fa4   0x08004fa4   0x000000a4   Code   RO         6646    i.HAL_TIM_IC_CaptureCallback  vdraw.o
    0x08005048   0x08005048   0x000000d4   Code   RO         2084    i.HAL_TIM_IC_ConfigChannel  stm32f1xx_hal_tim.o
    0x0800511c   0x0800511c   0x00000066   Code   RO         2087    i.HAL_TIM_IC_Init   stm32f1xx_hal_tim.o
    0x08005182   0x08005182   0x00000002   Code   RO         2089    i.HAL_TIM_IC_MspInit  stm32f1xx_hal_tim.o
    0x08005184   0x08005184   0x00000170   Code   RO         2092    i.HAL_TIM_IC_Start_IT  stm32f1xx_hal_tim.o
    0x080052f4   0x080052f4   0x000000d6   Code   RO         2095    i.HAL_TIM_IC_Stop_IT  stm32f1xx_hal_tim.o
    0x080053ca   0x080053ca   0x00000196   Code   RO         2096    i.HAL_TIM_IRQHandler  stm32f1xx_hal_tim.o
    0x08005560   0x08005560   0x00000002   Code   RO         2099    i.HAL_TIM_OC_DelayElapsedCallback  stm32f1xx_hal_tim.o
    0x08005562   0x08005562   0x000000fc   Code   RO         2120    i.HAL_TIM_PWM_ConfigChannel  stm32f1xx_hal_tim.o
    0x0800565e   0x0800565e   0x00000066   Code   RO         2123    i.HAL_TIM_PWM_Init  stm32f1xx_hal_tim.o
    0x080056c4   0x080056c4   0x00000002   Code   RO         2125    i.HAL_TIM_PWM_MspInit  stm32f1xx_hal_tim.o
    0x080056c6   0x080056c6   0x00000002   Code   RO         2126    i.HAL_TIM_PWM_PulseFinishedCallback  stm32f1xx_hal_tim.o
    0x080056c8   0x080056c8   0x000000f4   Code   RO         2128    i.HAL_TIM_PWM_Start  stm32f1xx_hal_tim.o
    0x080057bc   0x080057bc   0x000000a8   Code   RO         2131    i.HAL_TIM_PWM_Stop  stm32f1xx_hal_tim.o
    0x08005864   0x08005864   0x00000002   Code   RO         2134    i.HAL_TIM_PeriodElapsedCallback  stm32f1xx_hal_tim.o
    0x08005866   0x08005866   0x00000032   Code   RO         2136    i.HAL_TIM_ReadCapturedValue  stm32f1xx_hal_tim.o
    0x08005898   0x08005898   0x00000002   Code   RO         2139    i.HAL_TIM_TriggerCallback  stm32f1xx_hal_tim.o
    0x0800589a   0x0800589a   0x00000002   Code   RO         1429    i.HAL_UARTEx_RxEventCallback  stm32f1xx_hal_uart.o
    0x0800589c   0x0800589c   0x00000002   Code   RO         1443    i.HAL_UART_ErrorCallback  stm32f1xx_hal_uart.o
    0x0800589e   0x0800589e   0x00000002   PAD
    0x080058a0   0x080058a0   0x0000024c   Code   RO         1446    i.HAL_UART_IRQHandler  stm32f1xx_hal_uart.o
    0x08005aec   0x08005aec   0x00000072   Code   RO         1447    i.HAL_UART_Init     stm32f1xx_hal_uart.o
    0x08005b5e   0x08005b5e   0x00000002   PAD
    0x08005b60   0x08005b60   0x000000b8   Code   RO          717    i.HAL_UART_MspInit  usart.o
    0x08005c18   0x08005c18   0x000000dc   Code   RO         1450    i.HAL_UART_Receive  stm32f1xx_hal_uart.o
    0x08005cf4   0x08005cf4   0x00000042   Code   RO         1452    i.HAL_UART_Receive_IT  stm32f1xx_hal_uart.o
    0x08005d36   0x08005d36   0x00000002   PAD
    0x08005d38   0x08005d38   0x000000a8   Code   RO          718    i.HAL_UART_RxCpltCallback  usart.o
    0x08005de0   0x08005de0   0x000000d2   Code   RO         1455    i.HAL_UART_Transmit  stm32f1xx_hal_uart.o
    0x08005eb2   0x08005eb2   0x00000002   Code   RO         1458    i.HAL_UART_TxCpltCallback  stm32f1xx_hal_uart.o
    0x08005eb4   0x08005eb4   0x00000100   Code   RO         6588    i.Hand_SendCoordinate  hand_control.o
    0x08005fb4   0x08005fb4   0x00000174   Code   RO         7244    i.Handle_Key        mpu_pid.o
    0x08006128   0x08006128   0x00000004   Code   RO          513    i.HardFault_Handler  stm32f1xx_it.o
    0x0800612c   0x0800612c   0x0000003c   Code   RO         7066    i.IIC_Ack           iic.o
    0x08006168   0x08006168   0x0000000e   Code   RO         7068    i.IIC_Delay         iic.o
    0x08006176   0x08006176   0x00000002   PAD
    0x08006178   0x08006178   0x00000044   Code   RO         7069    i.IIC_GPIO_Init     iic.o
    0x080061bc   0x080061bc   0x00000034   Code   RO         7070    i.IIC_NAck          iic.o
    0x080061f0   0x080061f0   0x00000054   Code   RO         7071    i.IIC_Read_Byte     iic.o
    0x08006244   0x08006244   0x00000064   Code   RO         7072    i.IIC_Send_Byte     iic.o
    0x080062a8   0x080062a8   0x0000003c   Code   RO         7073    i.IIC_Start         iic.o
    0x080062e4   0x080062e4   0x0000002c   Code   RO         7074    i.IIC_Stop          iic.o
    0x08006310   0x08006310   0x00000044   Code   RO         7075    i.IIC_Wait_Ack      iic.o
    0x08006354   0x08006354   0x000000c0   Code   RO         6284    i.Joystick_Init     joystick.o
    0x08006414   0x08006414   0x00000058   Code   RO         6285    i.Joystick_Read     joystick.o
    0x0800646c   0x0800646c   0x00000054   Code   RO         6417    i.Key_Scan          menu.o
    0x080064c0   0x080064c0   0x00000158   Code   RO         7245    i.L9110_Init_Local  mpu_pid.o
    0x08006618   0x08006618   0x00000078   Code   RO         7246    i.L9110_SetMotor    mpu_pid.o
    0x08006690   0x08006690   0x00000050   Code   RO         7149    i.MPU_Get_Accelerometer  mpu6050.o
    0x080066e0   0x080066e0   0x00000050   Code   RO         7150    i.MPU_Get_Gyroscope  mpu6050.o
    0x08006730   0x08006730   0x0000007a   Code   RO         7152    i.MPU_Init          mpu6050.o
    0x080067aa   0x080067aa   0x0000003a   Code   RO         7153    i.MPU_Read_Byte     mpu6050.o
    0x080067e4   0x080067e4   0x00000074   Code   RO         7154    i.MPU_Read_Len      mpu6050.o
    0x08006858   0x08006858   0x00000010   Code   RO         7155    i.MPU_Set_Accel_Fsr  mpu6050.o
    0x08006868   0x08006868   0x00000010   Code   RO         7156    i.MPU_Set_Gyro_Fsr  mpu6050.o
    0x08006878   0x08006878   0x0000003a   Code   RO         7157    i.MPU_Set_LPF       mpu6050.o
    0x080068b2   0x080068b2   0x0000003a   Code   RO         7158    i.MPU_Set_Rate      mpu6050.o
    0x080068ec   0x080068ec   0x00000044   Code   RO         7159    i.MPU_Write_Byte    mpu6050.o
    0x08006930   0x08006930   0x00000004   Code   RO          514    i.MemManage_Handler  stm32f1xx_it.o
    0x08006934   0x08006934   0x00000002   Code   RO          515    i.NMI_Handler       stm32f1xx_it.o
    0x08006936   0x08006936   0x00000002   PAD
    0x08006938   0x08006938   0x000000c4   Code   RO         6031    i.NRF24L01_Check    nrf24l01.o
    0x080069fc   0x080069fc   0x00000068   Code   RO         6032    i.NRF24L01_Init     nrf24l01.o
    0x08006a64   0x08006a64   0x000000d0   Code   RO         6033    i.NRF24L01_Pin_Init  nrf24l01.o
    0x08006b34   0x08006b34   0x000000d8   Code   RO         7247    i.PID_Compute       mpu_pid.o
    0x08006c0c   0x08006c0c   0x0000002c   Code   RO         7248    i.PID_Init_Local    mpu_pid.o
    0x08006c38   0x08006c38   0x00000114   Code   RO         6647    i.PWM_Measure_Init  vdraw.o
    0x08006d4c   0x08006d4c   0x00000002   Code   RO          516    i.PendSV_Handler    stm32f1xx_it.o
    0x08006d4e   0x08006d4e   0x00000002   PAD
    0x08006d50   0x08006d50   0x000001d4   Code   RO         6986    i.Process_Touch_Input  wireless.o
    0x08006f24   0x08006f24   0x00000028   Code   RO         1289    i.RCC_Delay         stm32f1xx_hal_rcc.o
    0x08006f4c   0x08006f4c   0x00000034   Code   RO         6034    i.R_Buf             nrf24l01.o
    0x08006f80   0x08006f80   0x00000014   Code   RO         6035    i.R_IRQ             nrf24l01.o
    0x08006f94   0x08006f94   0x00000010   Code   RO         6036    i.R_MISO            nrf24l01.o
    0x08006fa4   0x08006fa4   0x00000022   Code   RO         6037    i.R_Reg             nrf24l01.o
    0x08006fc6   0x08006fc6   0x000000ec   Code   RO         7406    i.RedrawElements    joystick_module.o
    0x080070b2   0x080070b2   0x00000002   PAD
    0x080070b4   0x080070b4   0x000001d8   Code   RO         7344    i.RefreshRX         usart_ui.o
    0x0800728c   0x0800728c   0x0000007c   Code   RO         7345    i.RefreshTX         usart_ui.o
    0x08007308   0x08007308   0x00000088   Code   RO         6532    i.Relay_GPIO_Init   relay.o
    0x08007390   0x08007390   0x00000024   Code   RO         6533    i.Relay_Set         relay.o
    0x080073b4   0x080073b4   0x00000068   Code   RO         6534    i.Relay_UpdateDisplay  relay.o
    0x0800741c   0x0800741c   0x0000002c   Code   RO         3030    i.SDIO_ConfigData   stm32f1xx_ll_sdmmc.o
    0x08007448   0x08007448   0x00000008   Code   RO         3031    i.SDIO_GetCommandResponse  stm32f1xx_ll_sdmmc.o
    0x08007450   0x08007450   0x0000000a   Code   RO         3034    i.SDIO_GetPowerState  stm32f1xx_ll_sdmmc.o
    0x0800745a   0x0800745a   0x0000000c   Code   RO         3035    i.SDIO_GetResponse  stm32f1xx_ll_sdmmc.o
    0x08007466   0x08007466   0x00000034   Code   RO         3036    i.SDIO_Init         stm32f1xx_ll_sdmmc.o
    0x0800749a   0x0800749a   0x00000012   Code   RO         3038    i.SDIO_PowerState_ON  stm32f1xx_ll_sdmmc.o
    0x080074ac   0x080074ac   0x00000008   Code   RO         3039    i.SDIO_ReadFIFO     stm32f1xx_ll_sdmmc.o
    0x080074b4   0x080074b4   0x00000028   Code   RO         3040    i.SDIO_SendCommand  stm32f1xx_ll_sdmmc.o
    0x080074dc   0x080074dc   0x0000000c   Code   RO         3042    i.SDIO_WriteFIFO    stm32f1xx_ll_sdmmc.o
    0x080074e8   0x080074e8   0x00000038   Code   RO         3043    i.SDMMC_CmdAppCommand  stm32f1xx_ll_sdmmc.o
    0x08007520   0x08007520   0x0000003c   Code   RO         3044    i.SDMMC_CmdAppOperCommand  stm32f1xx_ll_sdmmc.o
    0x0800755c   0x0800755c   0x00000038   Code   RO         3045    i.SDMMC_CmdBlockLength  stm32f1xx_ll_sdmmc.o
    0x08007594   0x08007594   0x0000002c   Code   RO         3050    i.SDMMC_CmdGoIdleState  stm32f1xx_ll_sdmmc.o
    0x080075c0   0x080075c0   0x00000034   Code   RO         3052    i.SDMMC_CmdOperCond  stm32f1xx_ll_sdmmc.o
    0x080075f4   0x080075f4   0x00000038   Code   RO         3053    i.SDMMC_CmdReadMultiBlock  stm32f1xx_ll_sdmmc.o
    0x0800762c   0x0800762c   0x00000038   Code   RO         3054    i.SDMMC_CmdReadSingleBlock  stm32f1xx_ll_sdmmc.o
    0x08007664   0x08007664   0x0000003a   Code   RO         3057    i.SDMMC_CmdSelDesel  stm32f1xx_ll_sdmmc.o
    0x0800769e   0x0800769e   0x00000032   Code   RO         3058    i.SDMMC_CmdSendCID  stm32f1xx_ll_sdmmc.o
    0x080076d0   0x080076d0   0x00000032   Code   RO         3059    i.SDMMC_CmdSendCSD  stm32f1xx_ll_sdmmc.o
    0x08007702   0x08007702   0x00000038   Code   RO         3062    i.SDMMC_CmdSendStatus  stm32f1xx_ll_sdmmc.o
    0x0800773a   0x0800773a   0x00000038   Code   RO         3063    i.SDMMC_CmdSetRelAdd  stm32f1xx_ll_sdmmc.o
    0x08007772   0x08007772   0x00000002   PAD
    0x08007774   0x08007774   0x0000003c   Code   RO         3065    i.SDMMC_CmdStopTransfer  stm32f1xx_ll_sdmmc.o
    0x080077b0   0x080077b0   0x00000038   Code   RO         3067    i.SDMMC_CmdWriteMultiBlock  stm32f1xx_ll_sdmmc.o
    0x080077e8   0x080077e8   0x00000038   Code   RO         3068    i.SDMMC_CmdWriteSingleBlock  stm32f1xx_ll_sdmmc.o
    0x08007820   0x08007820   0x00000040   Code   RO         3069    i.SDMMC_GetCmdError  stm32f1xx_ll_sdmmc.o
    0x08007860   0x08007860   0x000001ac   Code   RO         3070    i.SDMMC_GetCmdResp1  stm32f1xx_ll_sdmmc.o
    0x08007a0c   0x08007a0c   0x00000064   Code   RO         3071    i.SDMMC_GetCmdResp2  stm32f1xx_ll_sdmmc.o
    0x08007a70   0x08007a70   0x00000058   Code   RO         3072    i.SDMMC_GetCmdResp3  stm32f1xx_ll_sdmmc.o
    0x08007ac8   0x08007ac8   0x000000b8   Code   RO         3073    i.SDMMC_GetCmdResp6  stm32f1xx_ll_sdmmc.o
    0x08007b80   0x08007b80   0x0000006c   Code   RO         3074    i.SDMMC_GetCmdResp7  stm32f1xx_ll_sdmmc.o
    0x08007bec   0x08007bec   0x00000102   Code   RO         3345    i.SD_InitCard       stm32f1xx_hal_sd.o
    0x08007cee   0x08007cee   0x00000002   PAD
    0x08007cf0   0x08007cf0   0x000000cc   Code   RO         3347    i.SD_PowerON        stm32f1xx_hal_sd.o
    0x08007dbc   0x08007dbc   0x00000030   Code   RO         3350    i.SD_SendStatus     stm32f1xx_hal_sd.o
    0x08007dec   0x08007dec   0x00000028   Code   RO         3861    i.SPI_EndRxTxTransaction  stm32f1xx_hal_spi.o
    0x08007e14   0x08007e14   0x00000006   Code   RO         3862    i.SPI_ISCRCErrorValid  stm32f1xx_hal_spi.o
    0x08007e1a   0x08007e1a   0x0000003c   Code   RO         6039    i.SPI_SwapByte      nrf24l01.o
    0x08007e56   0x08007e56   0x00000002   PAD
    0x08007e58   0x08007e58   0x000000d8   Code   RO         3869    i.SPI_WaitFlagStateUntilTimeout  stm32f1xx_hal_spi.o
    0x08007f30   0x08007f30   0x00000002   Code   RO          517    i.SVC_Handler       stm32f1xx_it.o
    0x08007f32   0x08007f32   0x0000008a   Code   RO         6040    i.Send              nrf24l01.o
    0x08007fbc   0x08007fbc   0x000000e0   Code   RO         6987    i.Send_Remote_Command  wireless.o
    0x0800809c   0x0800809c   0x00000100   Code   RO         6357    i.Servo_PWM_Init    servo.o
    0x0800819c   0x0800819c   0x00000034   Code   RO         6358    i.Servo_SetAngle    servo.o
    0x080081d0   0x080081d0   0x00000094   Code   RO         6359    i.Servo_UpdateDisplay  servo.o
    0x08008264   0x08008264   0x00000008   Code   RO          518    i.SysTick_Handler   stm32f1xx_it.o
    0x0800826c   0x0800826c   0x00000002   Code   RO          311    i.SystemInit        system_stm32f1xx.o
    0x0800826e   0x0800826e   0x00000002   PAD
    0x08008270   0x08008270   0x00000010   Code   RO         6648    i.TIM2_IRQHandler   vdraw.o
    0x08008280   0x08008280   0x0000009c   Code   RO         2141    i.TIM_Base_SetConfig  stm32f1xx_hal_tim.o
    0x0800831c   0x0800831c   0x00000022   Code   RO         2142    i.TIM_CCxChannelCmd  stm32f1xx_hal_tim.o
    0x0800833e   0x0800833e   0x00000002   PAD
    0x08008340   0x08008340   0x00000070   Code   RO         2154    i.TIM_OC1_SetConfig  stm32f1xx_hal_tim.o
    0x080083b0   0x080083b0   0x0000007c   Code   RO         2155    i.TIM_OC2_SetConfig  stm32f1xx_hal_tim.o
    0x0800842c   0x0800842c   0x00000078   Code   RO         2156    i.TIM_OC3_SetConfig  stm32f1xx_hal_tim.o
    0x080084a4   0x080084a4   0x00000054   Code   RO         2157    i.TIM_OC4_SetConfig  stm32f1xx_hal_tim.o
    0x080084f8   0x080084f8   0x0000007c   Code   RO         2160    i.TIM_TI1_SetConfig  stm32f1xx_hal_tim.o
    0x08008574   0x08008574   0x0000003a   Code   RO         2162    i.TIM_TI2_SetConfig  stm32f1xx_hal_tim.o
    0x080085ae   0x080085ae   0x00000038   Code   RO         2163    i.TIM_TI3_SetConfig  stm32f1xx_hal_tim.o
    0x080085e6   0x080085e6   0x0000003c   Code   RO         2164    i.TIM_TI4_SetConfig  stm32f1xx_hal_tim.o
    0x08008622   0x08008622   0x00000014   Code   RO         1460    i.UART_DMAAbortOnError  stm32f1xx_hal_uart.o
    0x08008636   0x08008636   0x00000036   Code   RO         1470    i.UART_EndRxTransfer  stm32f1xx_hal_uart.o
    0x0800866c   0x0800866c   0x00000020   Code   RO         1471    i.UART_EndTransmit_IT  stm32f1xx_hal_uart.o
    0x0800868c   0x0800868c   0x000000e4   Code   RO         1473    i.UART_Receive_IT   stm32f1xx_hal_uart.o
    0x08008770   0x08008770   0x000000fc   Code   RO         1474    i.UART_SetConfig    stm32f1xx_hal_uart.o
    0x0800886c   0x0800886c   0x00000046   Code   RO         1476    i.UART_Start_Receive_IT  stm32f1xx_hal_uart.o
    0x080088b2   0x080088b2   0x00000060   Code   RO         1477    i.UART_Transmit_IT  stm32f1xx_hal_uart.o
    0x08008912   0x08008912   0x0000006c   Code   RO         1478    i.UART_WaitOnFlagUntilTimeout  stm32f1xx_hal_uart.o
    0x0800897e   0x0800897e   0x00000002   PAD
    0x08008980   0x08008980   0x00000010   Code   RO          719    i.USART1_IRQHandler  usart.o
    0x08008990   0x08008990   0x000000ac   Code   RO         6589    i.USART3_Init       hand_control.o
    0x08008a3c   0x08008a3c   0x000001ec   Code   RO         7407    i.UpdateGraph       joystick_module.o
    0x08008c28   0x08008c28   0x000000f8   Code   RO         6590    i.UpdateInputDisplay  hand_control.o
    0x08008d20   0x08008d20   0x00000190   Code   RO         6988    i.Update_Function_Display  wireless.o
    0x08008eb0   0x08008eb0   0x000002ac   Code   RO         7249    i.Update_Graph      mpu_pid.o
    0x0800915c   0x0800915c   0x00000278   Code   RO         7250    i.Update_Info       mpu_pid.o
    0x080093d4   0x080093d4   0x0000009c   Code   RO         6989    i.Update_Steering   wireless.o
    0x08009470   0x08009470   0x000000a0   Code   RO         6990    i.Update_Throttle   wireless.o
    0x08009510   0x08009510   0x00000004   Code   RO          519    i.UsageFault_Handler  stm32f1xx_it.o
    0x08009514   0x08009514   0x00000032   Code   RO         6041    i.W_Buf             nrf24l01.o
    0x08009546   0x08009546   0x00000002   PAD
    0x08009548   0x08009548   0x00000014   Code   RO         6042    i.W_CE              nrf24l01.o
    0x0800955c   0x0800955c   0x00000018   Code   RO         6043    i.W_CSN             nrf24l01.o
    0x08009574   0x08009574   0x00000014   Code   RO         6044    i.W_MOSI            nrf24l01.o
    0x08009588   0x08009588   0x00000020   Code   RO         6045    i.W_Reg             nrf24l01.o
    0x080095a8   0x080095a8   0x00000014   Code   RO         6046    i.W_SCK             nrf24l01.o
    0x080095bc   0x080095bc   0x00000028   Code   RO         9283    i.__ARM_fpclassify  m_ws.l(fpclassify.o)
    0x080095e4   0x080095e4   0x00000026   Code   RO         9198    i.__ARM_fpclassifyf  m_ws.l(fpclassifyf.o)
    0x0800960a   0x0800960a   0x00000002   PAD
    0x0800960c   0x0800960c   0x00000010   Code   RO         1007    i.__NVIC_GetPriorityGrouping  stm32f1xx_hal_cortex.o
    0x0800961c   0x0800961c   0x00000028   Code   RO         1008    i.__NVIC_SetPriority  stm32f1xx_hal_cortex.o
    0x08009644   0x08009644   0x00000004   Code   RO         9202    i.__mathlib_flt_infnan2  m_ws.l(funder.o)
    0x08009648   0x08009648   0x0000000a   Code   RO         9206    i.__mathlib_flt_underflow  m_ws.l(funder.o)
    0x08009652   0x08009652   0x0000000e   Code   RO         9006    i._is_digit         c_w.l(__printf_wp.o)
    0x08009660   0x08009660   0x00000004   Code   RO          721    i._sys_exit         usart.o
    0x08009664   0x08009664   0x00000024   Code   RO         7829    i.alloc_pool        tjpgd.o
    0x08009688   0x08009688   0x00000008   Code   RO         5414    i.at24cxx_init      24cxx.o
    0x08009690   0x08009690   0x00000024   Code   RO         5415    i.at24cxx_read      24cxx.o
    0x080096b4   0x080096b4   0x00000052   Code   RO         5416    i.at24cxx_read_one_byte  24cxx.o
    0x08009706   0x08009706   0x00000024   Code   RO         5417    i.at24cxx_write     24cxx.o
    0x0800972a   0x0800972a   0x0000004a   Code   RO         5418    i.at24cxx_write_one_byte  24cxx.o
    0x08009774   0x08009774   0x0000025c   Code   RO         9122    i.atan2f            m_ws.l(atan2f.o)
    0x080099d0   0x080099d0   0x000000ac   Code   RO         7830    i.bitext            tjpgd.o
    0x08009a7c   0x08009a7c   0x000002a0   Code   RO         7831    i.block_idct        tjpgd.o
    0x08009d1c   0x08009d1c   0x00000068   Code   RO         6891    i.bus_servo_enter   bus_servo.o
    0x08009d84   0x08009d84   0x00000002   Code   RO         6892    i.bus_servo_exit    bus_servo.o
    0x08009d86   0x08009d86   0x00000002   PAD
    0x08009d88   0x08009d88   0x0000026c   Code   RO         6893    i.bus_servo_tick    bus_servo.o
    0x08009ff4   0x08009ff4   0x000000e4   Code   RO         6818    i.calc_measurements  oscilloscope.o
    0x0800a0d8   0x0800a0d8   0x0000008a   Code   RO         8004    i.change_bitmap     ff.o
    0x0800a162   0x0800a162   0x00000002   PAD
    0x0800a164   0x0800a164   0x00000104   Code   RO         8005    i.check_fs          ff.o
    0x0800a268   0x0800a268   0x00000062   Code   RO         8006    i.clmt_clust        ff.o
    0x0800a2ca   0x0800a2ca   0x0000001a   Code   RO         8007    i.clst2sect         ff.o
    0x0800a2e4   0x0800a2e4   0x00000098   Code   RO         8008    i.cmp_lfn           ff.o
    0x0800a37c   0x0800a37c   0x000001cc   Code   RO         8009    i.create_chain      ff.o
    0x0800a548   0x0800a548   0x0000024e   Code   RO         7832    i.create_huffman_tbl  tjpgd.o
    0x0800a796   0x0800a796   0x00000002   PAD
    0x0800a798   0x0800a798   0x0000025c   Code   RO         8010    i.create_name       ff.o
    0x0800a9f4   0x0800a9f4   0x00000074   Code   RO         7833    i.create_qt_tbl     tjpgd.o
    0x0800aa68   0x0800aa68   0x00000090   Code   RO         8012    i.create_xdir       ff.o
    0x0800aaf8   0x0800aaf8   0x00000058   Code   RO         5470    i.ct_iic_ack        ctiic.o
    0x0800ab50   0x0800ab50   0x0000000a   Code   RO         5471    i.ct_iic_delay      ctiic.o
    0x0800ab5a   0x0800ab5a   0x00000002   PAD
    0x0800ab5c   0x0800ab5c   0x00000080   Code   RO         5472    i.ct_iic_init       ctiic.o
    0x0800abdc   0x0800abdc   0x00000044   Code   RO         5473    i.ct_iic_nack       ctiic.o
    0x0800ac20   0x0800ac20   0x00000064   Code   RO         5474    i.ct_iic_read_byte  ctiic.o
    0x0800ac84   0x0800ac84   0x00000070   Code   RO         5475    i.ct_iic_send_byte  ctiic.o
    0x0800acf4   0x0800acf4   0x00000054   Code   RO         5476    i.ct_iic_start      ctiic.o
    0x0800ad48   0x0800ad48   0x00000044   Code   RO         5477    i.ct_iic_stop       ctiic.o
    0x0800ad8c   0x0800ad8c   0x00000070   Code   RO         5478    i.ct_iic_wait_ack   ctiic.o
    0x0800adfc   0x0800adfc   0x00000034   Code   RO         8013    i.dbc_1st           ff.o
    0x0800ae30   0x0800ae30   0x00000048   Code   RO         8014    i.dbc_2nd           ff.o
    0x0800ae78   0x0800ae78   0x0000000c   Code   RO          671    i.delay_init        delay.o
    0x0800ae84   0x0800ae84   0x00000012   Code   RO          672    i.delay_ms          delay.o
    0x0800ae96   0x0800ae96   0x00000002   PAD
    0x0800ae98   0x0800ae98   0x00000048   Code   RO          673    i.delay_us          delay.o
    0x0800aee0   0x0800aee0   0x00000058   Code   RO         6418    i.detect_key_press  menu.o
    0x0800af38   0x0800af38   0x0000007c   Code   RO         8015    i.dir_alloc         ff.o
    0x0800afb4   0x0800afb4   0x000000c2   Code   RO         8016    i.dir_clear         ff.o
    0x0800b076   0x0800b076   0x000001a8   Code   RO         8017    i.dir_find          ff.o
    0x0800b21e   0x0800b21e   0x000000e0   Code   RO         8018    i.dir_next          ff.o
    0x0800b2fe   0x0800b2fe   0x00000102   Code   RO         8019    i.dir_read          ff.o
    0x0800b400   0x0800b400   0x0000022a   Code   RO         8020    i.dir_register      ff.o
    0x0800b62a   0x0800b62a   0x000000aa   Code   RO         8022    i.dir_sdi           ff.o
    0x0800b6d4   0x0800b6d4   0x0000002c   Code   RO         7956    i.disk_initialize   diskio.o
    0x0800b700   0x0800b700   0x000000b4   Code   RO         7957    i.disk_ioctl        diskio.o
    0x0800b7b4   0x0800b7b4   0x0000007e   Code   RO         7958    i.disk_read         diskio.o
    0x0800b832   0x0800b832   0x00000006   Code   RO         7959    i.disk_status       diskio.o
    0x0800b838   0x0800b838   0x0000007e   Code   RO         7960    i.disk_write        diskio.o
    0x0800b8b6   0x0800b8b6   0x00000002   PAD
    0x0800b8b8   0x0800b8b8   0x00000068   Code   RO         6419    i.draw_card         menu.o
    0x0800b920   0x0800b920   0x000000e4   Code   RO         6819    i.draw_info         oscilloscope.o
    0x0800ba04   0x0800ba04   0x000000a8   Code   RO         6820    i.draw_info_card    oscilloscope.o
    0x0800baac   0x0800baac   0x000000e8   Code   RO         6420    i.draw_keyboard     menu.o
    0x0800bb94   0x0800bb94   0x00000094   Code   RO         6894    i.draw_param_card   bus_servo.o
    0x0800bc28   0x0800bc28   0x0000029c   Code   RO         6895    i.draw_ui           bus_servo.o
    0x0800bec4   0x0800bec4   0x000000f0   Code   RO         6821    i.draw_waveform     oscilloscope.o
    0x0800bfb4   0x0800bfb4   0x0000001a   Code   RO         8493    i.exfuns_char_upper  exfuns.o
    0x0800bfce   0x0800bfce   0x00000002   PAD
    0x0800bfd0   0x0800bfd0   0x000000c0   Code   RO         8495    i.exfuns_file_type  exfuns.o
    0x0800c090   0x0800c090   0x00000044   Code   RO         8500    i.exfuns_init       exfuns.o
    0x0800c0d4   0x0800c0d4   0x00000026   Code   RO         8023    i.f_close           ff.o
    0x0800c0fa   0x0800c0fa   0x00000456   Code   RO         8028    i.f_lseek           ff.o
    0x0800c550   0x0800c550   0x00000054   Code   RO         8031    i.f_mount           ff.o
    0x0800c5a4   0x0800c5a4   0x00000312   Code   RO         8032    i.f_open            ff.o
    0x0800c8b6   0x0800c8b6   0x000000b8   Code   RO         8033    i.f_opendir         ff.o
    0x0800c96e   0x0800c96e   0x00000228   Code   RO         8037    i.f_read            ff.o
    0x0800cb96   0x0800cb96   0x00000070   Code   RO         8038    i.f_readdir         ff.o
    0x0800cc06   0x0800cc06   0x000001a8   Code   RO         8042    i.f_sync            ff.o
    0x0800cdae   0x0800cdae   0x0000000e   Code   RO         8457    i.ff_memalloc       ffsystem.o
    0x0800cdbc   0x0800cdbc   0x0000000e   Code   RO         8458    i.ff_memfree        ffsystem.o
    0x0800cdca   0x0800cdca   0x00000002   PAD
    0x0800cdcc   0x0800cdcc   0x00000088   Code   RO         8741    i.ff_oem2uni        myffunicode.o
    0x0800ce54   0x0800ce54   0x00000084   Code   RO         8742    i.ff_uni2oem        myffunicode.o
    0x0800ced8   0x0800ced8   0x000000b0   Code   RO         8743    i.ff_wtoupper       myffunicode.o
    0x0800cf88   0x0800cf88   0x00000036   Code   RO         8046    i.fill_first_frag   ff.o
    0x0800cfbe   0x0800cfbe   0x00000044   Code   RO         8047    i.fill_last_frag    ff.o
    0x0800d002   0x0800d002   0x000000a4   Code   RO         8048    i.find_bitmap       ff.o
    0x0800d0a6   0x0800d0a6   0x00000002   PAD
    0x0800d0a8   0x0800d0a8   0x00000074   Code   RO         6822    i.find_trigger      oscilloscope.o
    0x0800d11c   0x0800d11c   0x00000078   Code   RO         8049    i.find_volume       ff.o
    0x0800d194   0x0800d194   0x000000c4   Code   RO         8050    i.follow_path       ff.o
    0x0800d258   0x0800d258   0x00000040   Code   RO         8858    i.fonts_init        fonts.o
    0x0800d298   0x0800d298   0x00000090   Code   RO         8859    i.fonts_progress_show  fonts.o
    0x0800d328   0x0800d328   0x00000200   Code   RO         8860    i.fonts_update_font  fonts.o
    0x0800d528   0x0800d528   0x00000164   Code   RO         8861    i.fonts_update_fontx  fonts.o
    0x0800d68c   0x0800d68c   0x0000001c   Code   RO          723    i.fputc             usart.o
    0x0800d6a8   0x0800d6a8   0x00000140   Code   RO         5544    i.ft5206_init       ft5206.o
    0x0800d7e8   0x0800d7e8   0x00000058   Code   RO         5545    i.ft5206_rd_reg     ft5206.o
    0x0800d840   0x0800d840   0x000001a4   Code   RO         5546    i.ft5206_scan       ft5206.o
    0x0800d9e4   0x0800d9e4   0x00000052   Code   RO         5547    i.ft5206_wr_reg     ft5206.o
    0x0800da36   0x0800da36   0x00000002   PAD
    0x0800da38   0x0800da38   0x000000d4   Code   RO         8051    i.gen_numname       ff.o
    0x0800db0c   0x0800db0c   0x00000194   Code   RO         8052    i.get_fat           ff.o
    0x0800dca0   0x0800dca0   0x00000004   Code   RO         8459    i.get_fattime       ffsystem.o
    0x0800dca4   0x0800dca4   0x0000027a   Code   RO         8053    i.get_fileinfo      ff.o
    0x0800df1e   0x0800df1e   0x00000020   Code   RO         6421    i.get_item_count    menu.o
    0x0800df3e   0x0800df3e   0x00000006   Code   RO         6422    i.get_key_y_base    menu.o
    0x0800df44   0x0800df44   0x0000004e   Code   RO         8054    i.get_ldnumber      ff.o
    0x0800df92   0x0800df92   0x00000002   PAD
    0x0800df94   0x0800df94   0x000000e4   Code   RO         6423    i.get_menu_title    menu.o
    0x0800e078   0x0800e078   0x00000038   Code   RO         6424    i.get_next_event    menu.o
    0x0800e0b0   0x0800e0b0   0x00000018   Code   RO         5870    i.get_sd_card_state  sdio_sdcard.o
    0x0800e0c8   0x0800e0c8   0x00000058   Code   RO         7644    i.gif_check_head    gif.o
    0x0800e120   0x0800e120   0x000001f4   Code   RO         7645    i.gif_clear2bkcolor  gif.o
    0x0800e314   0x0800e314   0x0000012c   Code   RO         7646    i.gif_decode        gif.o
    0x0800e440   0x0800e440   0x00000218   Code   RO         7647    i.gif_dispimage     gif.o
    0x0800e658   0x0800e658   0x00000158   Code   RO         7648    i.gif_drawimage     gif.o
    0x0800e7b0   0x0800e7b0   0x00000068   Code   RO         7649    i.gif_getdatablock  gif.o
    0x0800e818   0x0800e818   0x00000046   Code   RO         7650    i.gif_getinfo       gif.o
    0x0800e85e   0x0800e85e   0x00000358   Code   RO         7651    i.gif_getnextbyte   gif.o
    0x0800ebb6   0x0800ebb6   0x00000002   PAD
    0x0800ebb8   0x0800ebb8   0x000001c8   Code   RO         7652    i.gif_getnextcode   gif.o
    0x0800ed80   0x0800ed80   0x0000001c   Code   RO         7653    i.gif_getrgb565     gif.o
    0x0800ed9c   0x0800ed9c   0x00000098   Code   RO         7654    i.gif_initlzw       gif.o
    0x0800ee34   0x0800ee34   0x00000040   Code   RO         7656    i.gif_readcolortbl  gif.o
    0x0800ee74   0x0800ee74   0x000000a0   Code   RO         7657    i.gif_readextension  gif.o
    0x0800ef14   0x0800ef14   0x00000026   Code   RO         7658    i.gif_recovergctbl  gif.o
    0x0800ef3a   0x0800ef3a   0x00000026   Code   RO         7659    i.gif_savegctbl     gif.o
    0x0800ef60   0x0800ef60   0x00000178   Code   RO         5613    i.gt9xxx_init       gt9xxx.o
    0x0800f0d8   0x0800f0d8   0x00000062   Code   RO         5614    i.gt9xxx_rd_reg     gt9xxx.o
    0x0800f13a   0x0800f13a   0x00000002   PAD
    0x0800f13c   0x0800f13c   0x000002f0   Code   RO         5615    i.gt9xxx_scan       gt9xxx.o
    0x0800f42c   0x0800f42c   0x0000005c   Code   RO         5616    i.gt9xxx_wr_reg     gt9xxx.o
    0x0800f488   0x0800f488   0x00000120   Code   RO         6591    i.hand_control_enter  hand_control.o
    0x0800f5a8   0x0800f5a8   0x00000002   Code   RO         6592    i.hand_control_exit  hand_control.o
    0x0800f5aa   0x0800f5aa   0x00000002   PAD
    0x0800f5ac   0x0800f5ac   0x0000014c   Code   RO         6593    i.hand_control_tick  hand_control.o
    0x0800f6f8   0x0800f6f8   0x0000014c   Code   RO         6425    i.handle_event      menu.o
    0x0800f844   0x0800f844   0x00000088   Code   RO         6426    i.handle_keyboard_touch  menu.o
    0x0800f8cc   0x0800f8cc   0x00000194   Code   RO         7834    i.huffext           tjpgd.o
    0x0800fa60   0x0800fa60   0x00000050   Code   RO         5339    i.iic_ack           myiic.o
    0x0800fab0   0x0800fab0   0x0000000a   Code   RO         5340    i.iic_delay         myiic.o
    0x0800faba   0x0800faba   0x00000002   PAD
    0x0800fabc   0x0800fabc   0x00000078   Code   RO         5341    i.iic_init          myiic.o
    0x0800fb34   0x0800fb34   0x00000040   Code   RO         5342    i.iic_nack          myiic.o
    0x0800fb74   0x0800fb74   0x0000005c   Code   RO         5343    i.iic_read_byte     myiic.o
    0x0800fbd0   0x0800fbd0   0x0000006c   Code   RO         5344    i.iic_send_byte     myiic.o
    0x0800fc3c   0x0800fc3c   0x0000004c   Code   RO         5345    i.iic_start         myiic.o
    0x0800fc88   0x0800fc88   0x00000040   Code   RO         5346    i.iic_stop          myiic.o
    0x0800fcc8   0x0800fcc8   0x00000064   Code   RO         5347    i.iic_wait_ack      myiic.o
    0x0800fd2c   0x0800fd2c   0x00000032   Code   RO         8055    i.init_alloc_info   ff.o
    0x0800fd5e   0x0800fd5e   0x00000002   PAD
    0x0800fd60   0x0800fd60   0x000000dc   Code   RO         6427    i.init_keyboard_layout  menu.o
    0x0800fe3c   0x0800fe3c   0x000000a2   Code   RO         7835    i.jd_decomp         tjpgd.o
    0x0800fede   0x0800fede   0x0000035e   Code   RO         7836    i.jd_prepare        tjpgd.o
    0x0801023c   0x0801023c   0x00000040   Code   RO         7408    i.joystick_enter    joystick_module.o
    0x0801027c   0x0801027c   0x00000002   Code   RO         7409    i.joystick_exit     joystick_module.o
    0x0801027e   0x0801027e   0x00000002   PAD
    0x08010280   0x08010280   0x00000044   Code   RO         7410    i.joystick_tick     joystick_module.o
    0x080102c4   0x080102c4   0x00000028   Code   RO         7837    i.jpeg_freeall      tjpgd.o
    0x080102ec   0x080102ec   0x00000040   Code   RO         7838    i.jpeg_in_func      tjpgd.o
    0x0801032c   0x0801032c   0x00000054   Code   RO         7839    i.jpeg_mallocall    tjpgd.o
    0x08010380   0x08010380   0x00000054   Code   RO         7840    i.jpeg_out_func_fill  tjpgd.o
    0x080103d4   0x080103d4   0x000000c0   Code   RO         7841    i.jpeg_out_func_point  tjpgd.o
    0x08010494   0x08010494   0x00000104   Code   RO         7842    i.jpg_decode        tjpgd.o
    0x08010598   0x08010598   0x00000088   Code   RO         4933    i.key_init          key.o
    0x08010620   0x08010620   0x000000b4   Code   RO         4934    i.key_scan          key.o
    0x080106d4   0x080106d4   0x00000034   Code   RO         4968    i.lcd_clear         lcd.o
    0x08010708   0x08010708   0x00000060   Code   RO         4969    i.lcd_color_fill    lcd.o
    0x08010768   0x08010768   0x0000016c   Code   RO         4970    i.lcd_display_dir   lcd.o
    0x080108d4   0x080108d4   0x00000044   Code   RO         5229    i.lcd_draw_arrow    lcd_widgets.o
    0x08010918   0x08010918   0x000000aa   Code   RO         4973    i.lcd_draw_circle   lcd.o
    0x080109c2   0x080109c2   0x00000002   PAD
    0x080109c4   0x080109c4   0x00000038   Code   RO         4974    i.lcd_draw_hline    lcd.o
    0x080109fc   0x080109fc   0x000000ac   Code   RO         4975    i.lcd_draw_line     lcd.o
    0x08010aa8   0x08010aa8   0x00000020   Code   RO         4976    i.lcd_draw_point    lcd.o
    0x08010ac8   0x08010ac8   0x0000004a   Code   RO         4977    i.lcd_draw_rectangle  lcd.o
    0x08010b12   0x08010b12   0x00000162   Code   RO         5230    i.lcd_draw_rounded_rect  lcd_widgets.o
    0x08010c74   0x08010c74   0x00000158   Code   RO         5231    i.lcd_draw_rounded_rect_border  lcd_widgets.o
    0x08010dcc   0x08010dcc   0x0000022c   Code   RO         4978    i.lcd_ex_ili9341_reginit  lcd.o
    0x08010ff8   0x08010ff8   0x00000340   Code   RO         4979    i.lcd_ex_ili9806_reginit  lcd.o
    0x08011338   0x08011338   0x00000ef2   Code   RO         4980    i.lcd_ex_nt35310_reginit  lcd.o
    0x0801222a   0x0801222a   0x00000efc   Code   RO         4981    i.lcd_ex_nt35510_reginit  lcd.o
    0x08013126   0x08013126   0x0000016e   Code   RO         4982    i.lcd_ex_ssd1963_reginit  lcd.o
    0x08013294   0x08013294   0x000001a8   Code   RO         4983    i.lcd_ex_st7789_reginit  lcd.o
    0x0801343c   0x0801343c   0x000001c6   Code   RO         4984    i.lcd_ex_st7796_reginit  lcd.o
    0x08013602   0x08013602   0x00000002   PAD
    0x08013604   0x08013604   0x00000054   Code   RO         4985    i.lcd_fill          lcd.o
    0x08013658   0x08013658   0x000000b0   Code   RO         4986    i.lcd_fill_circle   lcd.o
    0x08013708   0x08013708   0x00000468   Code   RO         4987    i.lcd_init          lcd.o
    0x08013b70   0x08013b70   0x0000000c   Code   RO         4988    i.lcd_opt_delay     lcd.o
    0x08013b7c   0x08013b7c   0x00000016   Code   RO         4989    i.lcd_pow           lcd.o
    0x08013b92   0x08013b92   0x00000002   PAD
    0x08013b94   0x08013b94   0x00000018   Code   RO         4990    i.lcd_rd_data       lcd.o
    0x08013bac   0x08013bac   0x00000098   Code   RO         4991    i.lcd_read_point    lcd.o
    0x08013c44   0x08013c44   0x0000023c   Code   RO         4992    i.lcd_scan_dir      lcd.o
    0x08013e80   0x08013e80   0x00000120   Code   RO         4993    i.lcd_set_cursor    lcd.o
    0x08013fa0   0x08013fa0   0x00000140   Code   RO         4995    i.lcd_show_char     lcd.o
    0x080140e0   0x080140e0   0x00000098   Code   RO         4996    i.lcd_show_num      lcd.o
    0x08014178   0x08014178   0x0000006a   Code   RO         4997    i.lcd_show_string   lcd.o
    0x080141e2   0x080141e2   0x00000002   PAD
    0x080141e4   0x080141e4   0x00000054   Code   RO         4999    i.lcd_ssd_backlight_set  lcd.o
    0x08014238   0x08014238   0x000001cc   Code   RO         5234    i.lcd_wgt_card      lcd_widgets.o
    0x08014404   0x08014404   0x000000a0   Code   RO         5236    i.lcd_wgt_header    lcd_widgets.o
    0x080144a4   0x080144a4   0x000000b0   Code   RO         5237    i.lcd_wgt_key       lcd_widgets.o
    0x08014554   0x08014554   0x0000003e   Code   RO         5238    i.lcd_wgt_key_press  lcd_widgets.o
    0x08014592   0x08014592   0x00000002   PAD
    0x08014594   0x08014594   0x00000024   Code   RO         5239    i.lcd_wgt_keyboard_bg  lcd_widgets.o
    0x080145b8   0x080145b8   0x00000074   Code   RO         5240    i.lcd_wgt_scrollbar  lcd_widgets.o
    0x0801462c   0x0801462c   0x00000054   Code   RO         5241    i.lcd_wgt_status_label  lcd_widgets.o
    0x08014680   0x08014680   0x00000018   Code   RO         5000    i.lcd_wr_data       lcd.o
    0x08014698   0x08014698   0x00000018   Code   RO         5001    i.lcd_wr_regno      lcd.o
    0x080146b0   0x080146b0   0x00000014   Code   RO         5002    i.lcd_write_ram_prepare  lcd.o
    0x080146c4   0x080146c4   0x00000010   Code   RO         5003    i.lcd_write_reg     lcd.o
    0x080146d4   0x080146d4   0x00000026   Code   RO         8056    i.ld_clust          ff.o
    0x080146fa   0x080146fa   0x00000018   Code   RO         8057    i.ld_dword          ff.o
    0x08014712   0x08014712   0x00000062   Code   RO         8058    i.ld_qword          ff.o
    0x08014774   0x08014774   0x0000000c   Code   RO         8059    i.ld_word           ff.o
    0x08014780   0x08014780   0x000000a4   Code   RO         4906    i.led_init          led.o
    0x08014824   0x08014824   0x00000040   Code   RO         8060    i.load_obj_xdir     ff.o
    0x08014864   0x08014864   0x0000010e   Code   RO         8061    i.load_xdir         ff.o
    0x08014972   0x08014972   0x00000002   PAD
    0x08014974   0x08014974   0x00000084   Code   RO           13    i.main              main.o
    0x080149f8   0x080149f8   0x000001cc   Code   RO         7844    i.mcu_load          tjpgd.o
    0x08014bc4   0x08014bc4   0x0000039c   Code   RO         7845    i.mcu_output        tjpgd.o
    0x08014f60   0x08014f60   0x00000094   Code   RO           14    i.menu_init_all     main.o
    0x08014ff4   0x08014ff4   0x00000014   Code   RO         6428    i.menu_register     menu.o
    0x08015008   0x08015008   0x00000020   Code   RO         8575    i.mf_free           fattester.o
    0x08015028   0x08015028   0x00000040   Code   RO         8578    i.mf_init           fattester.o
    0x08015068   0x08015068   0x00000024   Code   RO         7465    i.module_exit_current  module.o
    0x0801508c   0x0801508c   0x0000000c   Code   RO         7468    i.module_get_current  module.o
    0x08015098   0x08015098   0x00000024   Code   RO         7469    i.module_mgr_init   module.o
    0x080150bc   0x080150bc   0x00000020   Code   RO         7471    i.module_run_tick   module.o
    0x080150dc   0x080150dc   0x00000038   Code   RO         7472    i.module_switch_to  module.o
    0x08015114   0x08015114   0x00000474   Code   RO         8062    i.mount_volume      ff.o
    0x08015588   0x08015588   0x00000034   Code   RO         8063    i.move_window       ff.o
    0x080155bc   0x080155bc   0x00000114   Code   RO         7251    i.mpu_pid_enter     mpu_pid.o
    0x080156d0   0x080156d0   0x00000064   Code   RO         7252    i.mpu_pid_exit      mpu_pid.o
    0x08015734   0x08015734   0x000000a8   Code   RO         7253    i.mpu_pid_tick      mpu_pid.o
    0x080157dc   0x080157dc   0x0000006c   Code   RO         8779    i.my_mem_free       malloc.o
    0x08015848   0x08015848   0x00000030   Code   RO         8780    i.my_mem_init       malloc.o
    0x08015878   0x08015878   0x000000a8   Code   RO         8781    i.my_mem_malloc     malloc.o
    0x08015920   0x08015920   0x00000040   Code   RO         8782    i.my_mem_perused    malloc.o
    0x08015960   0x08015960   0x00000014   Code   RO         8783    i.my_mem_set        malloc.o
    0x08015974   0x08015974   0x00000024   Code   RO         8784    i.myfree            malloc.o
    0x08015998   0x08015998   0x00000028   Code   RO         8785    i.mymalloc          malloc.o
    0x080159c0   0x080159c0   0x00000044   Code   RO         5932    i.norflash_erase_sector  norflash.o
    0x08015a04   0x08015a04   0x000000b8   Code   RO         5933    i.norflash_init     norflash.o
    0x08015abc   0x08015abc   0x00000050   Code   RO         5934    i.norflash_read     norflash.o
    0x08015b0c   0x08015b0c   0x00000050   Code   RO         5935    i.norflash_read_id  norflash.o
    0x08015b5c   0x08015b5c   0x0000005c   Code   RO         5936    i.norflash_read_sr  norflash.o
    0x08015bb8   0x08015bb8   0x00000034   Code   RO         5937    i.norflash_send_address  norflash.o
    0x08015bec   0x08015bec   0x00000014   Code   RO         5938    i.norflash_wait_busy  norflash.o
    0x08015c00   0x08015c00   0x000000b8   Code   RO         5939    i.norflash_write    norflash.o
    0x08015cb8   0x08015cb8   0x0000002c   Code   RO         5940    i.norflash_write_enable  norflash.o
    0x08015ce4   0x08015ce4   0x00000046   Code   RO         5941    i.norflash_write_nocheck  norflash.o
    0x08015d2a   0x08015d2a   0x00000002   PAD
    0x08015d2c   0x08015d2c   0x00000058   Code   RO         5942    i.norflash_write_page  norflash.o
    0x08015d84   0x08015d84   0x00000058   Code   RO         5943    i.norflash_write_sr  norflash.o
    0x08015ddc   0x08015ddc   0x00000068   Code   RO         6823    i.oscilloscope_enter  oscilloscope.o
    0x08015e44   0x08015e44   0x0000002c   Code   RO         6824    i.oscilloscope_exit  oscilloscope.o
    0x08015e70   0x08015e70   0x000000d0   Code   RO         6825    i.oscilloscope_tick  oscilloscope.o
    0x08015f40   0x08015f40   0x0000005e   Code   RO         6722    i.pic_get_tnum      picall.o
    0x08015f9e   0x08015f9e   0x00000002   PAD
    0x08015fa0   0x08015fa0   0x0000053c   Code   RO         6723    i.picall_enter      picall.o
    0x080164dc   0x080164dc   0x00000002   Code   RO         6724    i.picall_exit       picall.o
    0x080164de   0x080164de   0x00000002   Code   RO         6725    i.picall_tick       picall.o
    0x080164e0   0x080164e0   0x0000008c   Code   RO         8064    i.pick_lfn          ff.o
    0x0801656c   0x0801656c   0x0000010c   Code   RO         7752    i.piclib_ai_draw_init  piclib.o
    0x08016678   0x08016678   0x000000d0   Code   RO         7753    i.piclib_ai_load_picfile  piclib.o
    0x08016748   0x08016748   0x0000002c   Code   RO         7755    i.piclib_fill_color  piclib.o
    0x08016774   0x08016774   0x0000005c   Code   RO         7756    i.piclib_init       piclib.o
    0x080167d0   0x080167d0   0x00000028   Code   RO         7808    i.piclib_is_element_ok  piclib.o
    0x080167f8   0x080167f8   0x0000000e   Code   RO         7757    i.piclib_mem_free   piclib.o
    0x08016806   0x08016806   0x0000000e   Code   RO         7758    i.piclib_mem_malloc  piclib.o
    0x08016814   0x08016814   0x00000068   Code   RO         7535    i.pin_release       resource.o
    0x0801687c   0x0801687c   0x00000140   Code   RO         7536    i.pin_request       resource.o
    0x080169bc   0x080169bc   0x00000012   Code   RO         7537    i.pin_to_number     resource.o
    0x080169ce   0x080169ce   0x00000002   PAD
    0x080169d0   0x080169d0   0x00000044   Code   RO         6429    i.post_event        menu.o
    0x08016a14   0x08016a14   0x00000144   Code   RO         8065    i.put_fat           ff.o
    0x08016b58   0x08016b58   0x00000080   Code   RO         8066    i.put_lfn           ff.o
    0x08016bd8   0x08016bd8   0x00000042   Code   RO         8067    i.put_utf           ff.o
    0x08016c1a   0x08016c1a   0x00000002   PAD
    0x08016c1c   0x08016c1c   0x000000c8   Code   RO         6535    i.relay_enter       relay.o
    0x08016ce4   0x08016ce4   0x0000002c   Code   RO         6536    i.relay_exit        relay.o
    0x08016d10   0x08016d10   0x00000038   Code   RO         6537    i.relay_tick        relay.o
    0x08016d48   0x08016d48   0x0000014a   Code   RO         8071    i.remove_chain      ff.o
    0x08016e92   0x08016e92   0x00000002   PAD
    0x08016e94   0x08016e94   0x00000030   Code   RO         7538    i.resource_init     resource.o
    0x08016ec4   0x08016ec4   0x00000088   Code   RO         7846    i.restart           tjpgd.o
    0x08016f4c   0x08016f4c   0x00000034   Code   RO          724    i.rx_ringbuf_available  usart.o
    0x08016f80   0x08016f80   0x00000014   Code   RO          725    i.rx_ringbuf_clear  usart.o
    0x08016f94   0x08016f94   0x00000044   Code   RO          726    i.rx_ringbuf_get    usart.o
    0x08016fd8   0x08016fd8   0x00000038   Code   RO          727    i.rx_ringbuf_put    usart.o
    0x08017010   0x08017010   0x000000e4   Code   RO         6826    i.scope_hw_init     oscilloscope.o
    0x080170f4   0x080170f4   0x00000038   Code   RO         5871    i.sd_init           sdio_sdcard.o
    0x0801712c   0x0801712c   0x00000050   Code   RO         5872    i.sd_read_disk      sdio_sdcard.o
    0x0801717c   0x0801717c   0x00000050   Code   RO         5873    i.sd_write_disk     sdio_sdcard.o
    0x080171cc   0x080171cc   0x000000f8   Code   RO         6360    i.servo_enter       servo.o
    0x080172c4   0x080172c4   0x00000050   Code   RO         6361    i.servo_exit        servo.o
    0x08017314   0x08017314   0x00000038   Code   RO         6896    i.servo_move        bus_servo.o
    0x0801734c   0x0801734c   0x00000048   Code   RO         6897    i.servo_read_pos    bus_servo.o
    0x08017394   0x08017394   0x0000006c   Code   RO         6898    i.servo_read_temp_volt  bus_servo.o
    0x08017400   0x08017400   0x00000054   Code   RO         6899    i.servo_recv        bus_servo.o
    0x08017454   0x08017454   0x00000024   Code   RO         6900    i.servo_release     bus_servo.o
    0x08017478   0x08017478   0x00000024   Code   RO         6901    i.servo_restore     bus_servo.o
    0x0801749c   0x0801749c   0x00000020   Code   RO         6902    i.servo_send_cmd    bus_servo.o
    0x080174bc   0x080174bc   0x00000144   Code   RO         6362    i.servo_tick        servo.o
    0x08017600   0x08017600   0x00000064   Code   RO         6726    i.show_error_and_wait  picall.o
    0x08017664   0x08017664   0x00000040   Code   RO         6903    i.show_status       bus_servo.o
    0x080176a4   0x080176a4   0x0000007c   Code   RO         5821    i.spi2_init         spi.o
    0x08017720   0x08017720   0x00000020   Code   RO         5822    i.spi2_read_write_byte  spi.o
    0x08017740   0x08017740   0x00000048   Code   RO         5823    i.spi2_set_speed    spi.o
    0x08017788   0x08017788   0x0000004c   Code   RO         9130    i.sqrt              m_ws.l(sqrt.o)
    0x080177d4   0x080177d4   0x0000002c   Code   RO         9138    i.sqrtf             m_ws.l(sqrtf.o)
    0x08017800   0x08017800   0x00000024   Code   RO         8072    i.st_clust          ff.o
    0x08017824   0x08017824   0x00000018   Code   RO         8073    i.st_dword          ff.o
    0x0801783c   0x0801783c   0x0000005c   Code   RO         8074    i.st_qword          ff.o
    0x08017898   0x08017898   0x0000000c   Code   RO         8075    i.st_word           ff.o
    0x080178a4   0x080178a4   0x000002dc   Code   RO         7604    i.stdbmp_decode     bmp.o
    0x08017b80   0x08017b80   0x00000072   Code   RO         8076    i.store_xdir        ff.o
    0x08017bf2   0x08017bf2   0x00000020   Code   RO         8077    i.sum_sfn           ff.o
    0x08017c12   0x08017c12   0x00000002   PAD
    0x08017c14   0x08017c14   0x0000008c   Code   RO         8078    i.sync_fs           ff.o
    0x08017ca0   0x08017ca0   0x0000004a   Code   RO         8079    i.sync_window       ff.o
    0x08017cea   0x08017cea   0x00000066   Code   RO          603    i.sys_stm32_clock_init  sys.o
    0x08017d50   0x08017d50   0x0000004c   Code   RO         8080    i.tchar2uni         ff.o
    0x08017d9c   0x08017d9c   0x000000e0   Code   RO         8907    i.text_get_hz_mat   text.o
    0x08017e7c   0x08017e7c   0x000000e0   Code   RO         8908    i.text_show_font    text.o
    0x08017f5c   0x08017f5c   0x000000c6   Code   RO         8909    i.text_show_string  text.o
    0x08018022   0x08018022   0x00000002   PAD
    0x08018024   0x08018024   0x00000050   Code   RO         7540    i.tim_release       resource.o
    0x08018074   0x08018074   0x0000011c   Code   RO         7541    i.tim_request       resource.o
    0x08018190   0x08018190   0x000003f0   Code   RO         5659    i.tp_adjust         touch.o
    0x08018580   0x08018580   0x00000148   Code   RO         5660    i.tp_adjust_info_show  touch.o
    0x080186c8   0x080186c8   0x00000076   Code   RO         5662    i.tp_draw_touch_point  touch.o
    0x0801873e   0x0801873e   0x00000002   PAD
    0x08018740   0x08018740   0x00000028   Code   RO         5663    i.tp_get_adjust_data  touch.o
    0x08018768   0x08018768   0x00000234   Code   RO         5664    i.tp_init           touch.o
    0x0801899c   0x0801899c   0x000000d8   Code   RO         5665    i.tp_read_ad        touch.o
    0x08018a74   0x08018a74   0x00000078   Code   RO         5666    i.tp_read_xoy       touch.o
    0x08018aec   0x08018aec   0x00000044   Code   RO         5667    i.tp_read_xy        touch.o
    0x08018b30   0x08018b30   0x000000b0   Code   RO         5668    i.tp_read_xy2       touch.o
    0x08018be0   0x08018be0   0x0000001c   Code   RO         5669    i.tp_save_adjust_data  touch.o
    0x08018bfc   0x08018bfc   0x00000130   Code   RO         5670    i.tp_scan           touch.o
    0x08018d2c   0x08018d2c   0x00000068   Code   RO         5671    i.tp_write_byte     touch.o
    0x08018d94   0x08018d94   0x0000001e   Code   RO         6430    i.update_cursor     menu.o
    0x08018db2   0x08018db2   0x00000002   PAD
    0x08018db4   0x08018db4   0x00000120   Code   RO         6431    i.update_display    menu.o
    0x08018ed4   0x08018ed4   0x00000014   Code   RO         6432    i.update_display_force_kbd  menu.o
    0x08018ee8   0x08018ee8   0x000000e0   Code   RO          728    i.usart_init        usart.o
    0x08018fc8   0x08018fc8   0x0000004c   Code   RO         7346    i.usart_ui_enter    usart_ui.o
    0x08019014   0x08019014   0x0000000c   Code   RO         7347    i.usart_ui_exit     usart_ui.o
    0x08019020   0x08019020   0x00000158   Code   RO         7348    i.usart_ui_tick     usart_ui.o
    0x08019178   0x08019178   0x0000003c   Code   RO         8081    i.validate          ff.o
    0x080191b4   0x080191b4   0x00000084   Code   RO         6649    i.vdraw_enter       vdraw.o
    0x08019238   0x08019238   0x00000050   Code   RO         6650    i.vdraw_exit        vdraw.o
    0x08019288   0x08019288   0x00000070   Code   RO         6651    i.vdraw_tick        vdraw.o
    0x080192f8   0x080192f8   0x00000114   Code   RO         6991    i.wireless_enter    wireless.o
    0x0801940c   0x0801940c   0x00000028   Code   RO         6992    i.wireless_exit     wireless.o
    0x08019434   0x08019434   0x000000a8   Code   RO         6993    i.wireless_tick     wireless.o
    0x080194dc   0x080194dc   0x0000003a   Code   RO         8082    i.xdir_sum          ff.o
    0x08019516   0x08019516   0x0000004c   Code   RO         8083    i.xname_sum         ff.o
    0x08019562   0x08019562   0x00000002   PAD
    0x08019564   0x08019564   0x0000002c   Code   RO         9277    locale$$code        c_w.l(lc_numeric_c.o)
    0x08019590   0x08019590   0x0000002c   Code   RO         9290    locale$$code        c_w.l(lc_ctype_c.o)
    0x080195bc   0x080195bc   0x00000018   Code   RO         9181    x$fpl$dcmpinf       fz_ws.l(dcmpi.o)
    0x080195d4   0x080195d4   0x000002b0   Code   RO         9062    x$fpl$ddiv          fz_ws.l(ddiv.o)
    0x08019884   0x08019884   0x0000005e   Code   RO         9065    x$fpl$dfix          fz_ws.l(dfix.o)
    0x080198e2   0x080198e2   0x00000002   PAD
    0x080198e4   0x080198e4   0x0000005a   Code   RO         9069    x$fpl$dfixu         fz_ws.l(dfixu.o)
    0x0801993e   0x0801993e   0x0000002e   Code   RO         9074    x$fpl$dflt          fz_ws.l(dflt_clz.o)
    0x0801996c   0x0801996c   0x00000026   Code   RO         9073    x$fpl$dfltu         fz_ws.l(dflt_clz.o)
    0x08019992   0x08019992   0x00000002   PAD
    0x08019994   0x08019994   0x00000078   Code   RO         9079    x$fpl$dleqf         fz_ws.l(dleqf.o)
    0x08019a0c   0x08019a0c   0x00000154   Code   RO         9081    x$fpl$dmul          fz_ws.l(dmul.o)
    0x08019b60   0x08019b60   0x0000009c   Code   RO         9183    x$fpl$dnaninf       fz_ws.l(dnaninf.o)
    0x08019bfc   0x08019bfc   0x0000000c   Code   RO         9185    x$fpl$dretinf       fz_ws.l(dretinf.o)
    0x08019c08   0x08019c08   0x0000006c   Code   RO         9083    x$fpl$drleqf        fz_ws.l(drleqf.o)
    0x08019c74   0x08019c74   0x000001cc   Code   RO         9187    x$fpl$dsqrt         fz_ws.l(dsqrt_noumaal.o)
    0x08019e40   0x08019e40   0x00000056   Code   RO         9085    x$fpl$f2d           fz_ws.l(f2d.o)
    0x08019e96   0x08019e96   0x00000002   PAD
    0x08019e98   0x08019e98   0x000000c4   Code   RO         9087    x$fpl$fadd          fz_ws.l(faddsub_clz.o)
    0x08019f5c   0x08019f5c   0x0000000c   Code   RO         9349    x$fpl$fcheck1       fz_ws.l(fcheck1.o)
    0x08019f68   0x08019f68   0x00000018   Code   RO         9189    x$fpl$fcmpinf       fz_ws.l(fcmpi.o)
    0x08019f80   0x08019f80   0x00000184   Code   RO         9094    x$fpl$fdiv          fz_ws.l(fdiv.o)
    0x0801a104   0x0801a104   0x00000068   Code   RO         9097    x$fpl$feqf          fz_ws.l(feqf.o)
    0x0801a16c   0x0801a16c   0x00000036   Code   RO         9099    x$fpl$ffix          fz_ws.l(ffix.o)
    0x0801a1a2   0x0801a1a2   0x00000002   PAD
    0x0801a1a4   0x0801a1a4   0x0000003e   Code   RO         9103    x$fpl$ffixu         fz_ws.l(ffixu.o)
    0x0801a1e2   0x0801a1e2   0x00000002   PAD
    0x0801a1e4   0x0801a1e4   0x00000030   Code   RO         9108    x$fpl$fflt          fz_ws.l(fflt_clz.o)
    0x0801a214   0x0801a214   0x00000026   Code   RO         9107    x$fpl$ffltu         fz_ws.l(fflt_clz.o)
    0x0801a23a   0x0801a23a   0x00000002   PAD
    0x0801a23c   0x0801a23c   0x00000068   Code   RO         9113    x$fpl$fleqf         fz_ws.l(fleqf.o)
    0x0801a2a4   0x0801a2a4   0x00000102   Code   RO         9115    x$fpl$fmul          fz_ws.l(fmul.o)
    0x0801a3a6   0x0801a3a6   0x0000008c   Code   RO         9191    x$fpl$fnaninf       fz_ws.l(fnaninf.o)
    0x0801a432   0x0801a432   0x0000000a   Code   RO         9193    x$fpl$fretinf       fz_ws.l(fretinf.o)
    0x0801a43c   0x0801a43c   0x00000062   Code   RO         9117    x$fpl$frleqf        fz_ws.l(frleqf.o)
    0x0801a49e   0x0801a49e   0x00000014   Code   RO         9088    x$fpl$frsb          fz_ws.l(faddsub_clz.o)
    0x0801a4b2   0x0801a4b2   0x00000002   PAD
    0x0801a4b4   0x0801a4b4   0x00000110   Code   RO         9195    x$fpl$fsqrt         fz_ws.l(fsqrt.o)
    0x0801a5c4   0x0801a5c4   0x000000ea   Code   RO         9089    x$fpl$fsub          fz_ws.l(faddsub_clz.o)
    0x0801a6ae   0x0801a6ae   0x00000004   Code   RO         9119    x$fpl$printf1       fz_ws.l(printf1.o)
    0x0801a6b2   0x0801a6b2   0x00000064   Code   RO         9363    x$fpl$retnan        fz_ws.l(retnan.o)
    0x0801a716   0x0801a716   0x0000004c   Code   RO         9281    x$fpl$scalbnf       fz_ws.l(scalbnf.o)
    0x0801a762   0x0801a762   0x00000030   Code   RO         9380    x$fpl$trapveneer    fz_ws.l(trapv.o)
    0x0801a792   0x0801a792   0x00000000   Code   RO         9197    x$fpl$usenofp       fz_ws.l(usenofp.o)
    0x0801a792   0x0801a792   0x00000002   PAD
    0x0801a794   0x0801a794   0x0000021c   Data   RO           15    .constdata          main.o
    0x0801a9b0   0x0801a9b0   0x00000018   Data   RO          312    .constdata          system_stm32f1xx.o
    0x0801a9c8   0x0801a9c8   0x00002f80   Data   RO         5005    .constdata          lcd.o
    0x0801d948   0x0801d948   0x0000000a   Data   RO         5548    .constdata          ft5206.o
    0x0801d952   0x0801d952   0x00000014   Data   RO         5617    .constdata          gt9xxx.o
    0x0801d966   0x0801d966   0x00000002   PAD
    0x0801d968   0x0801d968   0x00000004   Data   RO         5672    .constdata          touch.o
    0x0801d96c   0x0801d96c   0x00000010   Data   RO         6364    .constdata          servo.o
    0x0801d97c   0x0801d97c   0x00000014   Data   RO         6434    .constdata          menu.o
    0x0801d990   0x0801d990   0x00000010   Data   RO         6538    .constdata          relay.o
    0x0801d9a0   0x0801d9a0   0x00000010   Data   RO         6595    .constdata          hand_control.o
    0x0801d9b0   0x0801d9b0   0x00000010   Data   RO         6653    .constdata          vdraw.o
    0x0801d9c0   0x0801d9c0   0x00000010   Data   RO         6727    .constdata          picall.o
    0x0801d9d0   0x0801d9d0   0x00000010   Data   RO         6828    .constdata          oscilloscope.o
    0x0801d9e0   0x0801d9e0   0x00000010   Data   RO         6905    .constdata          bus_servo.o
    0x0801d9f0   0x0801d9f0   0x00000010   Data   RO         6994    .constdata          wireless.o
    0x0801da00   0x0801da00   0x00000010   Data   RO         7255    .constdata          mpu_pid.o
    0x0801da10   0x0801da10   0x00000030   Data   RO         7350    .constdata          usart_ui.o
    0x0801da40   0x0801da40   0x00000010   Data   RO         7411    .constdata          joystick_module.o
    0x0801da50   0x0801da50   0x00000028   Data   RO         7660    .constdata          gif.o
    0x0801da78   0x0801da78   0x000004c0   Data   RO         7847    .constdata          tjpgd.o
    0x0801df38   0x0801df38   0x00000058   Data   RO         8085    .constdata          ff.o
    0x0801df90   0x0801df90   0x000000c4   Data   RO         8501    .constdata          exfuns.o
    0x0801e054   0x0801e054   0x000002ae   Data   RO         8744    .constdata          myffunicode.o
    0x0801e302   0x0801e302   0x00000002   PAD
    0x0801e304   0x0801e304   0x00000018   Data   RO         8790    .constdata          malloc.o
    0x0801e31c   0x0801e31c   0x00000020   Data   RO         8863    .constdata          fonts.o
    0x0801e33c   0x0801e33c   0x00000028   Data   RO         8979    .constdata          c_w.l(_printf_hex_int.o)
    0x0801e364   0x0801e364   0x00000011   Data   RO         9014    .constdata          c_w.l(__printf_flags_ss_wp.o)
    0x0801e375   0x0801e375   0x00000003   PAD
    0x0801e378   0x0801e378   0x00000094   Data   RO         9248    .constdata          c_w.l(bigflt0.o)
    0x0801e40c   0x0801e40c   0x00000145   Data   RO           16    .conststring        main.o
    0x0801e551   0x0801e551   0x00000003   PAD
    0x0801e554   0x0801e554   0x00000079   Data   RO         5673    .conststring        touch.o
    0x0801e5cd   0x0801e5cd   0x00000003   PAD
    0x0801e5d0   0x0801e5d0   0x00000006   Data   RO         6539    .conststring        relay.o
    0x0801e5d6   0x0801e5d6   0x00000002   PAD
    0x0801e5d8   0x0801e5d8   0x0000000d   Data   RO         6596    .conststring        hand_control.o
    0x0801e5e5   0x0801e5e5   0x00000003   PAD
    0x0801e5e8   0x0801e5e8   0x0000000d   Data   RO         6654    .conststring        vdraw.o
    0x0801e5f5   0x0801e5f5   0x00000003   PAD
    0x0801e5f8   0x0801e5f8   0x0000000f   Data   RO         6728    .conststring        picall.o
    0x0801e607   0x0801e607   0x00000001   PAD
    0x0801e608   0x0801e608   0x0000000a   Data   RO         6906    .conststring        bus_servo.o
    0x0801e612   0x0801e612   0x00000002   PAD
    0x0801e614   0x0801e614   0x00000010   Data   RO         6995    .conststring        wireless.o
    0x0801e624   0x0801e624   0x00000008   Data   RO         7256    .conststring        mpu_pid.o
    0x0801e62c   0x0801e62c   0x0000000f   Data   RO         7351    .conststring        usart_ui.o
    0x0801e63b   0x0801e63b   0x00000001   PAD
    0x0801e63c   0x0801e63c   0x00000009   Data   RO         7412    .conststring        joystick_module.o
    0x0801e645   0x0801e645   0x00000003   PAD
    0x0801e648   0x0801e648   0x00000050   Data   RO         8502    .conststring        exfuns.o
    0x0801e698   0x0801e698   0x000000af   Data   RO         8864    .conststring        fonts.o
    0x0801e747   0x0801e747   0x00000001   PAD
    0x0801e748   0x0801e748   0x00000020   Data   RO         9425    Region$$Table       anon$$obj.o
    0x0801e768   0x0801e768   0x0000001c   Data   RO         9276    locale$$data        c_w.l(lc_numeric_c.o)
    0x0801e784   0x0801e784   0x00000110   Data   RO         9289    locale$$data        c_w.l(lc_ctype_c.o)


    Execution Region RW_IRAM1 (Exec base: 0x20000000, Load base: 0x0801e894, Size: 0x0000e948, Max: 0x00010000, ABSOLUTE, COMPRESSED[0x00000064])

    Exec Addr    Load Addr    Size         Type   Attr      Idx    E Section Name        Object

    0x20000000   COMPRESSED   0x00000004   Data   RW          313    .data               system_stm32f1xx.o
    0x20000004   COMPRESSED   0x00000004   Data   RW          674    .data               delay.o
    0x20000008   COMPRESSED   0x0000000c   Data   RW          730    .data               usart.o
    0x20000014   COMPRESSED   0x00000009   Data   RW          843    .data               stm32f1xx_hal.o
    0x2000001d   COMPRESSED   0x00000001   Data   RW         4935    .data               key.o
    0x2000001e   COMPRESSED   0x00000002   PAD
    0x20000020   COMPRESSED   0x00000008   Data   RW         5006    .data               lcd.o
    0x20000028   COMPRESSED   0x00000001   Data   RW         5549    .data               ft5206.o
    0x20000029   COMPRESSED   0x00000002   Data   RW         5618    .data               gt9xxx.o
    0x2000002b   COMPRESSED   0x00000001   PAD
    0x2000002c   COMPRESSED   0x00000048   Data   RW         5674    .data               touch.o
    0x20000074   COMPRESSED   0x00000002   Data   RW         5945    .data               norflash.o
    0x20000076   COMPRESSED   0x0000000a   Data   RW         6047    .data               nrf24l01.o
    0x20000080   COMPRESSED   0x00000008   Data   RW         6366    .data               servo.o
    0x20000088   COMPRESSED   0x00000010   Data   RW         6435    .data               menu.o
    0x20000098   COMPRESSED   0x00000002   Data   RW         6540    .data               relay.o
    0x2000009a   COMPRESSED   0x00000002   PAD
    0x2000009c   COMPRESSED   0x00000008   Data   RW         6597    .data               hand_control.o
    0x200000a4   COMPRESSED   0x0000001c   Data   RW         6655    .data               vdraw.o
    0x200000c0   COMPRESSED   0x00000005   Data   RW         6830    .data               oscilloscope.o
    0x200000c5   COMPRESSED   0x00000001   PAD
    0x200000c6   COMPRESSED   0x00000007   Data   RW         6907    .data               bus_servo.o
    0x200000cd   COMPRESSED   0x00000003   PAD
    0x200000d0   COMPRESSED   0x0000001f   Data   RW         6996    .data               wireless.o
    0x200000ef   COMPRESSED   0x00000001   PAD
    0x200000f0   COMPRESSED   0x0000003c   Data   RW         7257    .data               mpu_pid.o
    0x2000012c   COMPRESSED   0x00000009   Data   RW         7352    .data               usart_ui.o
    0x20000135   COMPRESSED   0x00000003   PAD
    0x20000138   COMPRESSED   0x0000000d   Data   RW         7413    .data               joystick_module.o
    0x20000145   COMPRESSED   0x00000003   PAD
    0x20000148   COMPRESSED   0x00000008   Data   RW         7474    .data               module.o
    0x20000150   COMPRESSED   0x00000002   Data   RW         7543    .data               resource.o
    0x20000152   COMPRESSED   0x00000001   Data   RW         7661    .data               gif.o
    0x20000153   COMPRESSED   0x00000001   PAD
    0x20000154   COMPRESSED   0x0000000c   Data   RW         7848    .data               tjpgd.o
    0x20000160   COMPRESSED   0x0000000a   Data   RW         8086    .data               ff.o
    0x2000016a   COMPRESSED   0x00000002   PAD
    0x2000016c   COMPRESSED   0x00000008   Data   RW         8503    .data               exfuns.o
    0x20000174   COMPRESSED   0x0000001c   Data   RW         8791    .data               malloc.o
    0x20000190        -       0x0000074c   Zero   RW          729    .bss                usart.o
    0x200008dc        -       0x00000056   Zero   RW         5004    .bss                lcd.o
    0x20000932   COMPRESSED   0x00000002   PAD
    0x20000934        -       0x00000058   Zero   RW         5824    .bss                spi.o
    0x2000098c        -       0x000002a4   Zero   RW         5874    .bss                sdio_sdcard.o
    0x20000c30        -       0x00001000   Zero   RW         5944    .bss                norflash.o
    0x20001c30        -       0x00000030   Zero   RW         6288    .bss                joystick.o
    0x20001c60        -       0x00000048   Zero   RW         6363    .bss                servo.o
    0x20001ca8        -       0x00000104   Zero   RW         6433    .bss                menu.o
    0x20001dac        -       0x00000058   Zero   RW         6594    .bss                hand_control.o
    0x20001e04        -       0x00000048   Zero   RW         6652    .bss                vdraw.o
    0x20001e4c        -       0x00000230   Zero   RW         6827    .bss                oscilloscope.o
    0x2000207c        -       0x00000044   Zero   RW         6904    .bss                bus_servo.o
    0x200020c0        -       0x00001190   Zero   RW         7254    .bss                mpu_pid.o
    0x20003250        -       0x000002ac   Zero   RW         7349    .bss                usart_ui.o
    0x200034fc        -       0x00000040   Zero   RW         7473    .bss                module.o
    0x2000353c        -       0x000001c0   Zero   RW         7542    .bss                resource.o
    0x200036fc        -       0x0000003c   Zero   RW         7759    .bss                piclib.o
    0x20003738        -       0x00000180   Zero   RW         8596    .bss                fattester.o
    0x200038b8   COMPRESSED   0x00000008   PAD
    0x200038c0        -       0x0000aa00   Zero   RW         8789    .bss                malloc.o
    0x2000e2c0        -       0x00000021   Zero   RW         8862    .bss                fonts.o
    0x2000e2e1   COMPRESSED   0x00000003   PAD
    0x2000e2e4        -       0x00000060   Zero   RW         9215    .bss                c_w.l(libspace.o)
    0x2000e344   COMPRESSED   0x00000004   PAD
    0x2000e348        -       0x00000200   Zero   RW            2    HEAP                startup_stm32f103xe.o
    0x2000e548        -       0x00000400   Zero   RW            1    STACK               startup_stm32f103xe.o



  Load Region LR$$.ARM.__AT_0x68000000 (Base: 0x68000000, Size: 0x00000000, Max: 0x000f0c00, ABSOLUTE)

    Execution Region ER$$.ARM.__AT_0x68000000 (Exec base: 0x68000000, Load base: 0x68000000, Size: 0x000f0c00, Max: 0x000f0c00, ABSOLUTE, UNINIT)

    Exec Addr    Load Addr    Size         Type   Attr      Idx    E Section Name        Object

    0x68000000        -       0x000f0c00   Zero   RW         8787    .ARM.__AT_0x68000000  malloc.o



  Load Region LR$$.ARM.__AT_0x680F0C00 (Base: 0x680f0c00, Size: 0x00000000, Max: 0x0000f0c0, ABSOLUTE)

    Execution Region ER$$.ARM.__AT_0x680F0C00 (Exec base: 0x680f0c00, Load base: 0x680f0c00, Size: 0x0000f0c0, Max: 0x0000f0c0, ABSOLUTE, UNINIT)

    Exec Addr    Load Addr    Size         Type   Attr      Idx    E Section Name        Object

    0x680f0c00        -       0x0000f0c0   Zero   RW         8788    .ARM.__AT_0x680F0C00  malloc.o


==============================================================================

Image component sizes


      Code (inc. data)   RO Data    RW Data    ZI Data      Debug   Object Name

       236          0          0          0          0       3663   24cxx.o
       732          8          0          0          0       3688   bmp.o
      2218        482         26          7         68      10723   bus_servo.o
       770         80          0          0          0       5802   ctiic.o
       114         10          0          4          0       2655   delay.o
       482          4          0          0          0       5610   diskio.o
       286         10        276          8          0       3384   exfuns.o
        96         12          0          0        384       2016   fattester.o
     12704        110         88         10          0      79573   ff.o
        32          0          0          0          0       1745   ffsystem.o
      1076         54        207          0         33       5718   fonts.o
       910         38         10          1          0       4565   ft5206.o
      3734         24         40          1          0      15720   gif.o
      1318         72         20          2          0       4347   gt9xxx.o
      1298        244         29          8         88       5030   hand_control.o
       550         40          0          0          0       5967   iic.o
       348         28          0          0         48       3116   joystick.o
      1826        232         25         13          0       5946   joystick_module.o
       316         26          0          1          0       1810   key.o
     14658        188      12160          8         86      33669   lcd.o
      1860         32          0          0          0       8959   lcd_widgets.o
       164         12          0          0          0       1039   led.o
       280         56        865          0          0     465630   main.o
       484         54         24         28    1091264       6851   malloc.o
      1944        322         20         16        260      13054   menu.o
       172         34          0          8         64       3478   module.o
       672          0          0          0          0       7311   mpu6050.o
      3680        502         24         60       4496      10773   mpu_pid.o
       444         32        686          0          0       3100   myffunicode.o
       714         42          0          0          0       5666   myiic.o
      1050         54          0          2       4096       8992   norflash.o
       994         64          0         10          0      13848   nrf24l01.o
      1564        212         16          5        560       8302   oscilloscope.o
      1538        324         31          0          0       9076   picall.o
       680         56          0          0         60       6800   piclib.o
       576        148         22          2          0       4135   relay.o
       854        230          0          2        448       5300   resource.o
       580         44          0          0        676       4840   sdio_sdcard.o
      1108        170         16          8         72       4591   servo.o
       404         34          0          0         88       3175   spi.o
        64         26        304          0       1536        984   startup_stm32f103xe.o
       154         32          0          9          0       6867   stm32f1xx_hal.o
      1702         64          0          0          0       8249   stm32f1xx_hal_adc.o
       280          4          0          0          0       1590   stm32f1xx_hal_adc_ex.o
       372         28          0          0          0      30649   stm32f1xx_hal_cortex.o
       510         10          0          0          0       2087   stm32f1xx_hal_dma.o
       880         40          0          0          0       4272   stm32f1xx_hal_gpio.o
      1784        110          0          0          0       6528   stm32f1xx_hal_rcc.o
       308         32          0          0          0       1553   stm32f1xx_hal_rcc_ex.o
      2458         30          0          0          0       9699   stm32f1xx_hal_sd.o
      1234          6          0          0          0       5627   stm32f1xx_hal_spi.o
       102          0          0          0          0       1328   stm32f1xx_hal_sram.o
      3058        130          0          0          0      20583   stm32f1xx_hal_tim.o
         4          0          0          0          0       1709   stm32f1xx_hal_tim_ex.o
      2064         10          0          0          0      13403   stm32f1xx_hal_uart.o
        32          0          0          0          0       4418   stm32f1xx_it.o
       254         10          0          0          0       4079   stm32f1xx_ll_fsmc.o
      1998         46          0          0          0      23832   stm32f1xx_ll_sdmmc.o
       102          0          0          0          0        771   sys.o
         2          0         24          4          0     547607   system_stm32f1xx.o
       646         10          0          0          0       3816   text.o
      5258        122       1216         12          0      20131   tjpgd.o
      3074        172        125         72          0      12038   touch.o
       820        108          0         12       1868       8666   usart.o
      1468        190         63          9        684       5910   usart_ui.o
      1244        222         29         28         72      10406   vdraw.o
      2370        322         32         31          0       8742   wireless.o

    ----------------------------------------------------------------------
     95812       5808      16436        400    1106964    1565211   Object Totals
         0          0         32          0          0          0   (incl. Generated)
       104          0         26         19         13          0   (incl. Padding)

    ----------------------------------------------------------------------

      Code (inc. data)   RO Data    RW Data    ZI Data      Debug   Library Member Name

        90          0          0          0          0          0   __dczerorl2.o
         8          0          0          0          0         68   __main.o
       392          4         17          0          0         92   __printf_flags_ss_wp.o
        14          0          0          0          0         68   __printf_wp.o
         0          0          0          0          0          0   __rtentry.o
        12          0          0          0          0          0   __rtentry2.o
         6          0          0          0          0          0   __rtentry4.o
        52          8          0          0          0          0   __scatter.o
        28          0          0          0          0          0   __scatter_zi.o
        28          0          0          0          0         68   _chval.o
         6          0          0          0          0          0   _printf_c.o
        44          0          0          0          0        108   _printf_char.o
        48          6          0          0          0         96   _printf_char_common.o
        36          4          0          0          0         80   _printf_char_file.o
         6          0          0          0          0          0   _printf_d.o
       120         16          0          0          0         92   _printf_dec.o
         6          0          0          0          0          0   _printf_f.o
      1054          0          0          0          0        216   _printf_fp_dec.o
       128         16          0          0          0         84   _printf_fp_infnan.o
        88          4         40          0          0         88   _printf_hex_int.o
       178          0          0          0          0         88   _printf_intcommon.o
        78          0          0          0          0        108   _printf_pad.o
         0          0          0          0          0          0   _printf_percent.o
         4          0          0          0          0          0   _printf_percent_end.o
         6          0          0          0          0          0   _printf_s.o
        82          0          0          0          0         80   _printf_str.o
         6          0          0          0          0          0   _printf_x.o
        22          0          0          0          0        100   _rserrno.o
        16          0          0          0          0         68   _snputc.o
        10          0          0          0          0         68   _sputc.o
       158          0          0          0          0         92   _strtoul.o
        16          0          0          0          0         68   aeabi_memset.o
        26          0          0          0          0         80   atoi.o
       228          4        148          0          0         96   bigflt0.o
      1936        128          0          0          0        672   btod.o
        18          0          0          0          0         80   exit.o
         8          0          0          0          0         68   ferror.o
         6          0          0          0          0        152   heapauxi.o
        44         10        272          0          0         76   lc_ctype_c.o
        44         10         28          0          0         76   lc_numeric_c.o
         2          0          0          0          0          0   libinit.o
        30          0          0          0          0          0   libinit2.o
         2          0          0          0          0          0   libshutdown.o
         2          0          0          0          0          0   libshutdown2.o
         8          4          0          0         96         68   libspace.o
        72          0          0          0          0         76   llsdiv.o
       138          0          0          0          0         80   lludiv10.o
       238          0          0          0          0        100   lludivv7m.o
        88          0          0          0          0         76   memcmp.o
        24          4          0          0          0         84   noretval__2printf.o
        52          4          0          0          0         84   noretval__2snprintf.o
        40          6          0          0          0         84   noretval__2sprintf.o
        16          4          0          0          0         76   rt_ctype_table.o
         8          4          0          0          0         68   rt_errno_addr_intlibspace.o
         8          4          0          0          0         68   rt_locale_intlibspace.o
        68          0          0          0          0         68   rt_memclr.o
        78          0          0          0          0         80   rt_memclr_w.o
       138          0          0          0          0         68   rt_memcpy_v6.o
       100          0          0          0          0         80   rt_memcpy_w.o
       132          0          0          0          0         68   rt_memmove_v6.o
       122          0          0          0          0         80   rt_memmove_w.o
         2          0          0          0          0          0   rtexit.o
        10          0          0          0          0          0   rtexit2.o
        24          0          0          0          0         68   strcat.o
        20          0          0          0          0         68   strchr.o
       128          0          0          0          0         68   strcmpv7m.o
        72          0          0          0          0         80   strcpy.o
        62          0          0          0          0         76   strlen.o
       112          0          0          0          0         88   strtol.o
        74          0          0          0          0         80   sys_stackheap_outer.o
         2          0          0          0          0         68   use_no_semi.o
         2          0          0          0          0         68   use_no_semi_2.o
        24          0          0          0          0         68   dcmpi.o
       688        140          0          0          0        208   ddiv.o
        94          4          0          0          0         92   dfix.o
        90          4          0          0          0         92   dfixu.o
        84          0          0          0          0        136   dflt_clz.o
       120          4          0          0          0         92   dleqf.o
       340         12          0          0          0        104   dmul.o
       156          4          0          0          0         92   dnaninf.o
        12          0          0          0          0         68   dretinf.o
       108          0          0          0          0         80   drleqf.o
       460         56          0          0          0        120   dsqrt_noumaal.o
        86          4          0          0          0         84   f2d.o
       450          8          0          0          0        236   faddsub_clz.o
        12          4          0          0          0         68   fcheck1.o
        24          0          0          0          0         68   fcmpi.o
       388         76          0          0          0         96   fdiv.o
       104          4          0          0          0         84   feqf.o
        54          4          0          0          0         84   ffix.o
        62          4          0          0          0         84   ffixu.o
        86          0          0          0          0        136   fflt_clz.o
       104          4          0          0          0         84   fleqf.o
       258          4          0          0          0         84   fmul.o
       140          4          0          0          0         84   fnaninf.o
        10          0          0          0          0         68   fretinf.o
        98          0          0          0          0         68   frleqf.o
       272        100          0          0          0         88   fsqrt.o
         4          0          0          0          0         68   printf1.o
       100          0          0          0          0         68   retnan.o
        76          0          0          0          0         68   scalbnf.o
        48          0          0          0          0         68   trapv.o
         0          0          0          0          0          0   usenofp.o
       604         76          0          0          0        116   atan2f.o
        40          0          0          0          0         68   fpclassify.o
        38          0          0          0          0         68   fpclassifyf.o
        14          0          0          0          0        136   funder.o
        76          0          0          0          0         84   sqrt.o
        44          0          0          0          0         80   sqrtf.o

    ----------------------------------------------------------------------
     12320        756        508          0        100       8396   Library Totals
        26          0          3          0          4          0   (incl. Padding)

    ----------------------------------------------------------------------

      Code (inc. data)   RO Data    RW Data    ZI Data      Debug   Library Name

      6926        240        505          0         96       5004   c_w.l
      4552        440          0          0          0       2840   fz_ws.l
       816         76          0          0          0        552   m_ws.l

    ----------------------------------------------------------------------
     12320        756        508          0        100       8396   Library Totals

    ----------------------------------------------------------------------

==============================================================================


      Code (inc. data)   RO Data    RW Data    ZI Data      Debug   

    108132       6564      16944        400    1107064    1540323   Grand Totals
    108132       6564      16944        100    1107064    1540323   ELF Image Totals (compressed)
    108132       6564      16944        100          0          0   ROM Totals

==============================================================================

    Total RO  Size (Code + RO Data)               125076 ( 122.14kB)
    Total RW  Size (RW Data + ZI Data)           1107464 (1081.51kB)
    Total ROM Size (Code + RO Data + RW Data)     125176 ( 122.24kB)

==============================================================================

